2026-06-09 09:05:06,922 [Worker 1] Worker 1/5 — mode=patch — chunk=421 ubigeos
2026-06-09 09:05:06,968 [Worker 1] Patch mode: 405 ubigeos already in results file (will skip).
2026-06-09 09:05:08,324 [Worker 1] [48/421] OK CHINGALPO (021403) 4 actas
2026-06-09 09:05:09,047 [Worker 1] [50/421] OK QUILLO (021505) 39 actas
2026-06-09 09:05:09,047 [Worker 1] [100/421] SKIP SANTA ROSA (050408)
2026-06-09 09:05:09,733 [Worker 1] [101/421] OK CARMEN SALCEDO (050504) 4 actas
2026-06-09 09:05:10,446 [Worker 1] [102/421] OK LEONCIO PRADO (050512) 5 actas ⚠ 1 JEE
2026-06-09 09:05:11,136 [Worker 1] [150/421] OK LIVITACA (070705) 39 actas
2026-06-09 09:05:11,724 [Worker 1] [156/421] OK OCOBAMBA (070905) 18 actas
2026-06-09 09:05:12,517 [Worker 1] [198/421] OK SAN BUENAVENTURA (090505) 8 actas
2026-06-09 09:05:13,211 [Worker 1] [200/421] OK YUYAPICHIS (090805) 19 actas
2026-06-09 09:05:14,154 [Worker 1] [245/421] OK SANTIAGO DE CHALLAS (120613) 7 actas
2026-06-09 09:05:15,240 [Worker 1] [250/421] OK LAREDO (120103) 100 actas ⚠ 1 JEE
2026-06-09 09:05:16,109 [Worker 1] [297/421] OK URARINAS (150304) 42 actas ⚠ 3 JEE
2026-06-09 09:05:16,109 [Worker 1] [300/421] SKIP SAN JUAN BAUTISTA (150113)
2026-06-09 09:05:16,886 [Worker 1] [303/421] OK TAPICHE (150409) 6 actas
2026-06-09 09:05:16,886 [Worker 1] [350/421] SKIP JULIACA (200901)
2026-06-09 09:05:17,755 [Worker 1] [352/421] OK BAJO BIAVO (210706) 40 actas
2026-06-09 09:05:18,394 [Worker 1] [355/421] OK TINGO DE SAPOSOA (210204) 3 actas
2026-06-09 09:05:18,394 [Worker 1] [400/421] SKIP ABU DABI (933702)
2026-06-09 09:05:19,081 [Worker 1] [403/421] OK SAITAMA (930720) 6 actas
2026-06-09 09:05:19,643 [Worker 1] [405/421] OK GUANGZHOU (930232) 1 actas
2026-06-09 09:05:19,645 [Worker 1] Done. ok=16 skip=405 err=0 jee=5
 GUANGZHOU (930232) 1 actas
2026-06-09 09:05:19,645 [Worker 1] Done. ok=16 skip=405 err=0 jee=5
