2026-06-09 09:05:06,995 [Worker 4] Worker 4/5 — mode=patch — chunk=420 ubigeos
2026-06-09 09:05:07,034 [Worker 4] Patch mode: 404 ubigeos already in results file (will skip).
2026-06-09 09:05:08,498 [Worker 4] [48/420] OK RAGASH (021409) 10 actas
2026-06-09 09:05:08,498 [Worker 4] [50/420] SKIP YANAMA (021508)
2026-06-09 09:05:09,303 [Worker 4] [52/420] OK TAMBURCO (030109) 29 actas
2026-06-09 09:05:09,303 [Worker 4] [100/420] SKIP AUCARA (050502)
2026-06-09 09:05:10,091 [Worker 4] [103/420] OK SAN CRISTÓBAL (050532) 6 actas
2026-06-09 09:05:10,841 [Worker 4] [104/420] OK SANTA LUCÍA (050525) 5 actas
2026-06-09 09:05:10,841 [Worker 4] [150/420] SKIP SANTO TOMÁS (070701)
2026-06-09 09:05:11,745 [Worker 4] [151/420] OK SAN JERÓNIMO (070104) 100 actas ⚠ 3 JEE
2026-06-09 09:05:12,402 [Worker 4] [158/420] OK OMACHA (071006) 19 actas
2026-06-09 09:05:13,292 [Worker 4] [197/420] OK HUACRACHUCO (090501) 43 actas
2026-06-09 09:05:13,292 [Worker 4] [200/420] SKIP CHACABAMBA (091104)
2026-06-09 09:05:14,101 [Worker 4] [203/420] OK SUNAMPE (100207) 71 actas ⚠ 1 JEE
2026-06-09 09:05:15,430 [Worker 4] [248/420] OK SANTIAGO DE CHUCO (120701) 60 actas
2026-06-09 09:05:16,310 [Worker 4] [250/420] OK SALAVERRY (120105) 57 actas
2026-06-09 09:05:16,310 [Worker 4] [300/420] SKIP ROSA PANDURO (150902)
2026-06-09 09:05:17,177 [Worker 4] [301/420] OK EMILIO SAN MARTÍN (150404) 19 actas ⚠ 1 JEE
2026-06-09 09:05:18,011 [Worker 4] [302/420] OK SAQUENA (150407) 11 actas
2026-06-09 09:05:18,011 [Worker 4] [350/420] SKIP COPANI (201004)
2026-06-09 09:05:19,000 [Worker 4] [353/420] OK SANTA ROSA (211005) 23 actas
2026-06-09 09:05:19,716 [Worker 4] [354/420] OK SACANCHE (210203) 9 actas
2026-06-09 09:05:19,716 [Worker 4] [400/420] SKIP NUEVA DELHI (930402)
2026-06-09 09:05:20,566 [Worker 4] [402/420] OK NAGOYA (930713) 14 actas
2026-06-09 09:05:22,302 [Worker 4] [408/420] OK LIEJA (940404) 1 actas
2026-06-09 09:05:22,304 [Worker 4] Done. ok=16 skip=404 err=0 jee=5
] OK LIEJA (940404) 1 actas
2026-06-09 09:05:22,304 [Worker 4] Done. ok=16 skip=404 err=0 jee=5
