2026-06-09 09:05:06,936 [Worker 5] Worker 5/5 — mode=patch — chunk=420 ubigeos
2026-06-09 09:05:06,976 [Worker 5] Patch mode: 404 ubigeos already in results file (will skip).
2026-06-09 09:05:08,328 [Worker 5] [47/420] OK CASHAPAMPA (021408) 9 actas
2026-06-09 09:05:08,328 [Worker 5] [50/420] SKIP YUNGAY (021501)
2026-06-09 09:05:09,018 [Worker 5] [51/420] OK HUANIPACA (030105) 13 actas
2026-06-09 09:05:09,018 [Worker 5] [100/420] SKIP CABANA (050503)
2026-06-09 09:05:09,783 [Worker 5] [102/420] OK OTOCA (050517) 5 actas
2026-06-09 09:05:10,464 [Worker 5] [103/420] OK SAN JUAN (050521) 3 actas
2026-06-09 09:05:11,143 [Worker 5] [150/420] OK VELILLE (070708) 26 actas
2026-06-09 09:05:11,739 [Worker 5] [156/420] OK SANTA TERESA (070906) 24 actas
2026-06-09 09:05:12,465 [Worker 5] [197/420] OK LA MORADA (090506) 12 actas
2026-06-09 09:05:12,465 [Worker 5] [200/420] SKIP CHAVINILLO (091101)
2026-06-09 09:05:13,195 [Worker 5] [201/420] OK ALTO LARAN (100209) 23 actas
2026-06-09 09:05:14,154 [Worker 5] [247/420] OK MOLLEBAMBA (120703) 6 actas
2026-06-09 09:05:15,135 [Worker 5] [248/420] OK SITABAMBA (120707) 12 actas
2026-06-09 09:05:15,135 [Worker 5] [250/420] SKIP SIMBAL (120106)
2026-06-09 09:05:16,109 [Worker 5] [299/420] OK PUNCHANA (150111) 100 actas ⚠ 2 JEE
2026-06-09 09:05:16,109 [Worker 5] [300/420] SKIP TENIENTE MANUEL CLAVERO (150903)
2026-06-09 09:05:16,886 [Worker 5] [302/420] OK SOPLIN (150408) 4 actas
2026-06-09 09:05:16,886 [Worker 5] [350/420] SKIP CUTURAPI (201005)
2026-06-09 09:05:17,744 [Worker 5] [353/420] OK SHATOJA (211003) 9 actas
2026-06-09 09:05:18,674 [Worker 5] [354/420] OK SAPOSOA (210201) 44 actas
2026-06-09 09:05:19,277 [Worker 5] [400/420] OK JAKARTA (931101) 1 actas
2026-06-09 09:05:19,960 [Worker 5] [407/420] OK VIENA (940302) 3 actas ⚠ 1 JEE
2026-06-09 09:05:19,961 [Worker 5] Done. ok=16 skip=404 err=0 jee=3
 (940302) 3 actas ⚠ 1 JEE
2026-06-09 09:05:19,961 [Worker 5] Done. ok=16 skip=404 err=0 jee=3
