2026-06-09 09:05:06,932 [Worker 3] Worker 3/5 — mode=patch — chunk=420 ubigeos
2026-06-09 09:05:06,972 [Worker 3] Patch mode: 404 ubigeos already in results file (will skip).
2026-06-09 09:05:08,328 [Worker 3] [45/420] OK TICAPAMPA (021208) 8 actas
2026-06-09 09:05:08,328 [Worker 3] [50/420] SKIP SHUPLUY (021507)
2026-06-09 09:05:08,869 [Worker 3] [51/420] OK CIRCA (030102) 13 actas
2026-06-09 09:05:09,593 [Worker 3] [99/420] OK RÍO MAGDALENA (050415) 5 actas
2026-06-09 09:05:09,593 [Worker 3] [100/420] SKIP UNIÓN PROGRESO (050412)
2026-06-09 09:05:10,323 [Worker 3] [103/420] OK SANCOS (050520) 12 actas
2026-06-09 09:05:10,950 [Worker 3] [150/420] OK QUIÑOTA (070707) 13 actas
2026-06-09 09:05:11,633 [Worker 3] [156/420] OK QUELLOUNO (070908) 43 actas ⚠ 1 JEE
2026-06-09 09:05:12,313 [Worker 3] [197/420] OK CHOLÓN (090502) 22 actas
2026-06-09 09:05:12,313 [Worker 3] [200/420] SKIP CAHUAC (091103)
2026-06-09 09:05:12,963 [Worker 3] [201/420] OK OBAS (091106) 23 actas
2026-06-09 09:05:13,617 [Worker 3] [248/420] OK SANTA CRUZ DE CHUCA (120706) 9 actas
2026-06-09 09:05:13,617 [Worker 3] [250/420] SKIP POROTO (120109)
2026-06-09 09:05:14,941 [Worker 3] [251/420] OK CHAO (121202) 100 actas
2026-06-09 09:05:14,941 [Worker 3] [300/420] SKIP PUTUMAYO (150901)
2026-06-09 09:05:15,915 [Worker 3] [302/420] OK REQUENA (150401) 65 actas ⚠ 1 JEE
2026-06-09 09:05:16,887 [Worker 3] [304/420] OK VARGAS GUERRA (150502) 25 actas
2026-06-09 09:05:16,887 [Worker 3] [350/420] SKIP ANAPIA (201003)
2026-06-09 09:05:17,959 [Worker 3] [355/420] OK BARRANQUITA (210303) 22 actas
2026-06-09 09:05:18,542 [Worker 3] [356/420] OK RUMISAPA (210307) 12 actas
2026-06-09 09:05:18,542 [Worker 3] [400/420] SKIP MANILA (933201)
2026-06-09 09:05:19,399 [Worker 3] [403/420] OK SHIZUOKA (930726) 8 actas
2026-06-09 09:05:20,030 [Worker 3] [410/420] OK MALLORCA (940913) 7 actas
2026-06-09 09:05:20,032 [Worker 3] Done. ok=16 skip=404 err=0 jee=2
K MALLORCA (940913) 7 actas
2026-06-09 09:05:20,032 [Worker 3] Done. ok=16 skip=404 err=0 jee=2
