2026-06-09 09:05:06,964 [Worker 2] Worker 2/5 — mode=patch — chunk=421 ubigeos
2026-06-09 09:05:07,003 [Worker 2] Patch mode: 404 ubigeos already in results file (will skip).
2026-06-09 09:05:08,329 [Worker 2] [48/421] OK HUAYLLABAMBA (021404) 11 actas
2026-06-09 09:05:08,329 [Worker 2] [50/421] SKIP RANRAHIRCA (021506)
2026-06-09 09:05:09,290 [Worker 2] [53/421] OK CHIARA (030303) 5 actas
2026-06-09 09:05:09,290 [Worker 2] [100/421] SKIP TAMBO (050406)
2026-06-09 09:05:09,910 [Worker 2] [104/421] OK SAN PEDRO DE PALCO (050531) 5 actas
2026-06-09 09:05:10,615 [Worker 2] [106/421] OK UPAHUACHO (050616) 7 actas
2026-06-09 09:05:10,616 [Worker 2] [150/421] SKIP LLUSCO (070706)
2026-06-09 09:05:11,399 [Worker 2] [153/421] OK ESPINAR (070801) 94 actas ⚠ 1 JEE
2026-06-09 09:05:12,079 [Worker 2] [161/421] OK CCARHUAYO (071204) 10 actas
2026-06-09 09:05:12,952 [Worker 2] [200/421] OK APARICIO POMARES (091102) 20 actas ⚠ 1 JEE
2026-06-09 09:05:13,566 [Worker 2] [205/421] OK PUEBLO NUEVO (100105) 17 actas
2026-06-09 09:05:14,311 [Worker 2] [250/421] OK MOCHE (120104) 100 actas
2026-06-09 09:05:15,336 [Worker 2] [252/421] OK CHICLAYO (130101) 100 actas
2026-06-09 09:05:15,336 [Worker 2] [300/421] SKIP TORRES CAUSANA (150108)
2026-06-09 09:05:16,204 [Worker 2] [303/421] OK YAQUERANA (150411) 9 actas
2026-06-09 09:05:16,986 [Worker 2] [304/421] OK SARAYACU (150505) 39 actas
2026-06-09 09:05:16,987 [Worker 2] [350/421] SKIP SAN MIGUEL (200905)
2026-06-09 09:05:17,903 [Worker 2] [357/421] OK ZAPATERO (210314) 19 actas
2026-06-09 09:05:18,567 [Worker 2] [358/421] OK PAJARILLO (210405) 19 actas ⚠ 1 JEE
2026-06-09 09:05:18,567 [Worker 2] [400/421] SKIP DUBÁI (933701)
2026-06-09 09:05:18,938 [Worker 2] [401/421] OK RAMLA (930603) 0 actas
2026-06-09 09:05:19,508 [Worker 2] [406/421] OK ESTAMBUL (931501) 1 actas
2026-06-09 09:05:20,140 [Worker 2] [411/421] OK TENERIFE (940915) 3 actas
2026-06-09 09:05:20,141 [Worker 2] Done. ok=17 skip=404 err=0 jee=3
K TENERIFE (940915) 3 actas
2026-06-09 09:05:20,141 [Worker 2] Done. ok=17 skip=404 err=0 jee=3
