2026-06-03 15:44:52,382 [Worker 1] [INFO] Strategy: [Method 2] Bypassing exactly 100% items. Updating active counts.
2026-06-03 15:44:54,392 [Worker 1] [INFO] [1/421] Progress: ARAMANGO (010202) -> FETCH SUCCESS
2026-06-03 15:45:00,317 [Worker 1] [INFO] [2/421] Progress: LA PECA (010201) -> FETCH SUCCESS
2026-06-03 15:45:02,419 [Worker 1] [INFO] [3/421] Progress: FLORIDA (010306) -> FETCH SUCCESS
2026-06-03 15:45:04,246 [Worker 1] [INFO] [4/421] Progress: SHIPASBAMBA (010309) -> FETCH SUCCESS
2026-06-03 15:45:05,802 [Worker 1] [INFO] [5/421] Progress: CHACHAPOYAS (010101) -> FETCH SUCCESS
2026-06-03 15:45:09,143 [Worker 1] [WARNING] Process killed externally.
2026-06-03 15:49:03,723 [Worker 1] [INFO] Strategy: [Method 2] Bypassing exactly 100% items. Updating active counts.
2026-06-03 15:49:05,716 [Worker 1] [INFO] [1/421] Progress: ARAMANGO (010202) -> FETCH SUCCESS
2026-06-03 15:49:07,337 [Worker 1] [INFO] [2/421] Progress: LA PECA (010201) -> FETCH SUCCESS
2026-06-03 15:49:09,354 [Worker 1] [INFO] [3/421] Progress: FLORIDA (010306) -> FETCH SUCCESS
2026-06-03 15:49:10,675 [Worker 1] [INFO] [4/421] Progress: SHIPASBAMBA (010309) -> FETCH SUCCESS
2026-06-03 15:49:12,683 [Worker 1] [INFO] [5/421] Progress: CHACHAPOYAS (010101) -> FETCH SUCCESS
2026-06-03 15:49:14,420 [Worker 1] [INFO] [6/421] Progress: HUANCAS (010108) -> FETCH SUCCESS
2026-06-03 15:49:15,948 [Worker 1] [INFO] [7/421] Progress: MARISCAL CASTILLA (010113) -> FETCH SUCCESS
2026-06-03 15:49:17,595 [Worker 1] [INFO] [8/421] Progress: SAN FRANCISCO DE DAGUAS (010118) -> FETCH SUCCESS
2026-06-03 15:49:19,629 [Worker 1] [INFO] [9/421] Progress: NIEVA (010601) -> FETCH SUCCESS
2026-06-03 15:49:21,741 [Worker 1] [INFO] [10/421] Progress: CONILA (010405) -> FETCH SUCCESS
2026-06-03 15:49:23,455 [Worker 1] [INFO] [11/421] Progress: LUYA (010409) -> FETCH SUCCESS
2026-06-03 15:49:23,455 [Worker 1] [WARNING] Stop signal file identified. Committing data collected so far and closing...
2026-06-03 15:49:23,455 [Worker 1] [INFO] Atomic update finalized. Data safely committed.
2026-06-03 16:01:23,153 [Worker 1] [INFO] Strategy: [Method 2] Bypassing exactly 100% items. Updating active counts.
2026-06-03 16:01:25,442 [Worker 1] [INFO] [12/421] Progress: PISUQUIA (010414) -> FETCH SUCCESS
2026-06-03 16:01:27,717 [Worker 1] [INFO] [13/421] Progress: SAN JUAN DE LOPECANCHA (010418) -> FETCH SUCCESS
2026-06-03 16:01:29,915 [Worker 1] [INFO] [14/421] Progress: CHIRIMOTO (010503) -> FETCH SUCCESS
2026-06-03 16:01:31,490 [Worker 1] [INFO] [15/421] Progress: MARISCAL BENAVIDES (010508) -> FETCH SUCCESS
2026-06-03 16:01:33,051 [Worker 1] [INFO] [16/421] Progress: TOTORA (010511) -> FETCH SUCCESS
2026-06-03 16:01:34,755 [Worker 1] [INFO] [17/421] Progress: EL MILAGRO (010704) -> FETCH SUCCESS
2026-06-03 16:01:36,917 [Worker 1] [INFO] [18/421] Progress: CORIS (020203) -> FETCH SUCCESS
2026-06-03 16:01:38,880 [Worker 1] [INFO] [19/421] Progress: CHACCHO (021603) -> FETCH SUCCESS
2026-06-03 16:01:41,455 [Worker 1] [INFO] [20/421] Progress: ACOCHACA (021802) -> FETCH SUCCESS
2026-06-03 16:01:42,677 [Worker 1] [INFO] [21/421] Progress: CAJACAY (020305) -> FETCH SUCCESS
2026-06-03 16:01:44,790 [Worker 1] [INFO] [22/421] Progress: HUASTA (020311) -> FETCH SUCCESS
2026-06-03 16:01:46,626 [Worker 1] [INFO] [23/421] Progress: SAN MIGUEL DE CORPANQUI (020317) -> FETCH SUCCESS
2026-06-03 16:01:48,432 [Worker 1] [INFO] [24/421] Progress: ATAQUERO (020405) -> FETCH SUCCESS
2026-06-03 16:01:50,113 [Worker 1] [INFO] [25/421] Progress: SHILLA (020409) -> FETCH SUCCESS
2026-06-03 16:01:52,157 [Worker 1] [INFO] [26/421] Progress: YAUYA (021702) -> FETCH SUCCESS
2026-06-03 16:01:54,313 [Worker 1] [INFO] [27/421] Progress: ACO (020602) -> FETCH SUCCESS
2026-06-03 16:01:56,457 [Worker 1] [INFO] [28/421] Progress: YANAC (020606) -> FETCH SUCCESS
2026-06-03 16:01:58,411 [Worker 1] [INFO] [29/421] Progress: HUARAZ (020101) -> FETCH SUCCESS
2026-06-03 16:02:00,409 [Worker 1] [INFO] [30/421] Progress: PAMPAS GRANDE (020109) -> FETCH SUCCESS
2026-06-03 16:02:02,303 [Worker 1] [INFO] [31/421] Progress: CAJAY (020802) -> FETCH SUCCESS
2026-06-03 16:02:04,965 [Worker 1] [INFO] [32/421] Progress: HUANTAR (020807) -> FETCH SUCCESS
2026-06-03 16:02:07,230 [Worker 1] [INFO] [33/421] Progress: RAHUAPAMPA (020811) -> FETCH SUCCESS
2026-06-03 16:02:09,532 [Worker 1] [INFO] [34/421] Progress: COCHAPETI (021902) -> FETCH SUCCESS
2026-06-03 16:02:11,669 [Worker 1] [INFO] [35/421] Progress: CARAZ (020701) -> FETCH SUCCESS
2026-06-03 16:02:13,769 [Worker 1] [INFO] [36/421] Progress: PAMPAROMAS (020706) -> FETCH SUCCESS
2026-06-03 16:02:15,833 [Worker 1] [INFO] [37/421] Progress: CASCA (020902) -> FETCH SUCCESS
2026-06-03 16:02:17,533 [Worker 1] [INFO] [38/421] Progress: LUCMA (020903) -> FETCH SUCCESS
2026-06-03 16:02:19,401 [Worker 1] [INFO] [39/421] Progress: CARHUAPAMPA (022003) -> FETCH SUCCESS
2026-06-03 16:02:21,333 [Worker 1] [INFO] [40/421] Progress: SAN CRISTÓBAL DE RAJAN (022008) -> FETCH SUCCESS
2026-06-03 16:02:24,623 [Worker 1] [INFO] [41/421] Progress: CONCHUCOS (021003) -> FETCH SUCCESS
2026-06-03 16:02:26,766 [Worker 1] [INFO] [42/421] Progress: PALLASCA (021008) -> FETCH SUCCESS
2026-06-03 16:02:29,133 [Worker 1] [INFO] [43/421] Progress: PAROBAMBA (021103) -> FETCH SUCCESS
2026-06-03 16:02:36,404 [Worker 1] [INFO] [44/421] Progress: HUAYLLAPAMPA (021203) -> FETCH SUCCESS
2026-06-03 16:02:37,935 [Worker 1] [INFO] [45/421] Progress: RECUAY (021201) -> FETCH SUCCESS
2026-06-03 16:02:40,153 [Worker 1] [INFO] [46/421] Progress: COISHCO (021308) -> FETCH SUCCESS
2026-06-03 16:02:42,361 [Worker 1] [INFO] [47/421] Progress: SAMANCO (021306) -> FETCH SUCCESS
2026-06-03 16:02:44,663 [Worker 1] [INFO] [48/421] Progress: CHINGALPO (021403) -> FETCH SUCCESS
2026-06-03 16:02:46,962 [Worker 1] [INFO] [49/421] Progress: SICSIBAMBA (021406) -> FETCH SUCCESS
2026-06-03 16:02:49,127 [Worker 1] [INFO] [50/421] Progress: QUILLO (021505) -> FETCH SUCCESS
2026-06-03 16:02:50,974 [Worker 1] [INFO] [51/421] Progress: ABANCAY (030101) -> FETCH SUCCESS
2026-06-03 16:02:53,167 [Worker 1] [INFO] [52/421] Progress: LAMBRAMA (030106) -> FETCH SUCCESS
2026-06-03 16:02:55,346 [Worker 1] [INFO] [53/421] Progress: ANDARAPA (030302) -> FETCH SUCCESS
2026-06-03 16:02:57,798 [Worker 1] [INFO] [54/421] Progress: JOSÉ MARIA ARGUEDAS (030320) -> FETCH SUCCESS
2026-06-03 16:03:00,010 [Worker 1] [INFO] [55/421] Progress: PAMPACHIRI (030308) -> FETCH SUCCESS
2026-06-03 16:03:02,428 [Worker 1] [INFO] [56/421] Progress: SANTA MARÍA DE CHICMO (030315) -> FETCH SUCCESS
2026-06-03 16:03:04,826 [Worker 1] [INFO] [57/421] Progress: EL ORO (030402) -> FETCH SUCCESS
2026-06-03 16:03:06,589 [Worker 1] [INFO] [58/421] Progress: SABAINO (030407) -> FETCH SUCCESS
2026-06-03 16:03:08,430 [Worker 1] [INFO] [59/421] Progress: COLCABAMBA (030204) -> FETCH SUCCESS
2026-06-03 16:03:10,007 [Worker 1] [INFO] [60/421] Progress: POCOHUANCA (030209) -> FETCH SUCCESS
2026-06-03 16:03:12,119 [Worker 1] [INFO] [61/421] Progress: TINTAY (030213) -> FETCH SUCCESS
2026-06-03 16:03:14,710 [Worker 1] [INFO] [62/421] Progress: CHINCHEROS (030701) -> FETCH SUCCESS
2026-06-03 16:03:16,517 [Worker 1] [INFO] [63/421] Progress: OCOBAMBA (030703) -> FETCH SUCCESS
2026-06-03 16:03:18,330 [Worker 1] [INFO] [64/421] Progress: CHALLHUAHUACHO (030506) -> FETCH SUCCESS
2026-06-03 16:03:20,597 [Worker 1] [INFO] [65/421] Progress: TAMBOBAMBA (030501) -> FETCH SUCCESS
2026-06-03 16:03:22,479 [Worker 1] [INFO] [66/421] Progress: HUAYLLATI (030603) -> FETCH SUCCESS
2026-06-03 16:03:24,058 [Worker 1] [INFO] [67/421] Progress: SAN ANTONIO (030609) -> FETCH SUCCESS
2026-06-03 16:03:26,785 [Worker 1] [INFO] [68/421] Progress: ALTO SELVA ALEGRE (040128) -> FETCH SUCCESS
2026-06-03 16:03:28,539 [Worker 1] [INFO] [69/421] Progress: CHIGUATA (040105) -> FETCH SUCCESS
2026-06-03 16:03:30,928 [Worker 1] [INFO] [70/421] Progress: MIRAFLORES (040107) -> FETCH SUCCESS
2026-06-03 16:03:33,410 [Worker 1] [INFO] [71/421] Progress: QUEQUEÑA (040112) -> FETCH SUCCESS
2026-06-03 16:03:35,826 [Worker 1] [INFO] [72/421] Progress: SANTA ISABEL DE SIGUAS (040117) -> FETCH SUCCESS
2026-06-03 16:03:37,713 [Worker 1] [INFO] [73/421] Progress: VITOR (040122) -> FETCH SUCCESS
2026-06-03 16:03:40,109 [Worker 1] [INFO] [74/421] Progress: JOSÉ MARIA QUIMPER (040302) -> FETCH SUCCESS
2026-06-03 16:03:42,042 [Worker 1] [INFO] [75/421] Progress: QUILCA (040307) -> FETCH SUCCESS
2026-06-03 16:03:43,886 [Worker 1] [INFO] [76/421] Progress: BELLA UNIÓN (040405) -> FETCH SUCCESS
2026-06-03 16:03:45,929 [Worker 1] [INFO] [77/421] Progress: HUANUHUANU (040409) -> FETCH SUCCESS
2026-06-03 16:03:47,536 [Worker 1] [INFO] [78/421] Progress: ANDAGUA (040502) -> FETCH SUCCESS
2026-06-03 16:03:49,449 [Worker 1] [INFO] [79/421] Progress: CHOCO (040506) -> FETCH SUCCESS
2026-06-03 16:03:51,461 [Worker 1] [INFO] [80/421] Progress: TIPAN (040511) -> FETCH SUCCESS
2026-06-03 16:03:53,624 [Worker 1] [INFO] [81/421] Progress: CABANACONDE (040203) -> FETCH SUCCESS
2026-06-03 16:03:55,141 [Worker 1] [INFO] [82/421] Progress: HUAMBO (040207) -> FETCH SUCCESS
2026-06-03 16:03:57,417 [Worker 1] [INFO] [83/421] Progress: MACA (040212) -> FETCH SUCCESS
2026-06-03 16:03:59,680 [Worker 1] [INFO] [84/421] Progress: TAPAY (040216) -> FETCH SUCCESS
2026-06-03 16:04:02,272 [Worker 1] [INFO] [85/421] Progress: CAYARANI (040603) -> FETCH SUCCESS
2026-06-03 16:04:04,544 [Worker 1] [INFO] [86/421] Progress: SALAMANCA (040606) -> FETCH SUCCESS
2026-06-03 16:04:06,638 [Worker 1] [INFO] [87/421] Progress: MEJÍA (040705) -> FETCH SUCCESS
2026-06-03 16:04:09,258 [Worker 1] [INFO] [88/421] Progress: COTAHUASI (040801) -> FETCH SUCCESS
2026-06-03 16:04:11,743 [Worker 1] [INFO] [89/421] Progress: SAYLA (040808) -> FETCH SUCCESS
2026-06-03 16:04:14,191 [Worker 1] [INFO] [90/421] Progress: CHUSCHI (050204) -> FETCH SUCCESS
2026-06-03 16:04:16,447 [Worker 1] [INFO] [91/421] Progress: ACOCRO (050111) -> FETCH SUCCESS
2026-06-03 16:04:18,194 [Worker 1] [INFO] [92/421] Progress: CHIARA (050104) -> FETCH SUCCESS
2026-06-03 16:04:25,767 [Worker 1] [INFO] [93/421] Progress: SAN JOSÉ DE TICLLAS (050106) -> FETCH SUCCESS
2026-06-03 16:04:28,219 [Worker 1] [INFO] [94/421] Progress: VINCHOS (050109) -> FETCH SUCCESS
2026-06-03 16:04:30,577 [Worker 1] [INFO] [95/421] Progress: AYAHUANCO (050302) -> FETCH SUCCESS
2026-06-03 16:04:32,745 [Worker 1] [INFO] [96/421] Progress: IGUAIN (050304) -> FETCH SUCCESS
2026-06-03 16:04:34,579 [Worker 1] [INFO] [97/421] Progress: SANTILLANA (050307) -> FETCH SUCCESS
2026-06-03 16:04:36,702 [Worker 1] [INFO] [98/421] Progress: AYNA (050403) -> FETCH SUCCESS
2026-06-03 16:04:38,665 [Worker 1] [INFO] [99/421] Progress: ORONCCOY (050411) -> FETCH SUCCESS
2026-06-03 16:04:40,290 [Worker 1] [INFO] [100/421] Progress: SANTA ROSA (050408) -> FETCH SUCCESS
2026-06-03 16:04:42,127 [Worker 1] [INFO] [101/421] Progress: CARMEN SALCEDO (050504) -> FETCH SUCCESS
2026-06-03 16:04:43,684 [Worker 1] [INFO] [102/421] Progress: LEONCIO PRADO (050512) -> FETCH SUCCESS
2026-06-03 16:04:45,458 [Worker 1] [INFO] [103/421] Progress: PUQUIO (050501) -> FETCH SUCCESS
2026-06-03 16:04:47,903 [Worker 1] [INFO] [104/421] Progress: SAN PEDRO (050522) -> FETCH SUCCESS
2026-06-03 16:04:49,928 [Worker 1] [INFO] [105/421] Progress: CORACORA (050601) -> FETCH SUCCESS
2026-06-03 16:04:51,218 [Worker 1] [INFO] [106/421] Progress: SAN FRANCISCO DE RIVACAYCO (050615) -> FETCH SUCCESS
2026-06-03 16:04:53,308 [Worker 1] [INFO] [107/421] Progress: MARCABAMBA (051005) -> FETCH SUCCESS
2026-06-03 16:04:55,483 [Worker 1] [INFO] [108/421] Progress: SAN JOSÉ DE USHUA (051009) -> FETCH SUCCESS
2026-06-03 16:04:56,893 [Worker 1] [INFO] [109/421] Progress: HUACAÑA (051109) -> FETCH SUCCESS
2026-06-03 16:04:58,701 [Worker 1] [INFO] [110/421] Progress: SAN SALVADOR DE QUIJE (051104) -> FETCH SUCCESS
2026-06-03 16:05:07,031 [Worker 1] [INFO] [111/421] Progress: ASQUIPATA (050715) -> FETCH SUCCESS
2026-06-03 16:05:09,334 [Worker 1] [INFO] [112/421] Progress: HUAMANQUIQUIA (050709) -> FETCH SUCCESS
2026-06-03 16:05:11,423 [Worker 1] [INFO] [113/421] Progress: ACCOMARCA (050903) -> FETCH SUCCESS
2026-06-03 16:05:13,177 [Worker 1] [INFO] [114/421] Progress: SAURAMA (050907) -> FETCH SUCCESS
2026-06-03 16:05:15,181 [Worker 1] [INFO] [115/421] Progress: CONDEBAMBA (060203) -> FETCH SUCCESS
2026-06-03 16:05:17,578 [Worker 1] [INFO] [116/421] Progress: COSPAN (060103) -> FETCH SUCCESS
2026-06-03 16:05:19,914 [Worker 1] [INFO] [117/421] Progress: MAGDALENA (060109) -> FETCH SUCCESS
2026-06-03 16:05:22,155 [Worker 1] [INFO] [118/421] Progress: CHUMUCH (060303) -> FETCH SUCCESS
2026-06-03 16:05:23,829 [Worker 1] [INFO] [119/421] Progress: LA LIBERTAD DE PALLÁN (060312) -> FETCH SUCCESS
2026-06-03 16:05:33,756 [Worker 1] [INFO] [120/421] Progress: UTCO (060311) -> FETCH SUCCESS
2026-06-03 16:05:35,830 [Worker 1] [INFO] [121/421] Progress: CHIMBÁN (060607) -> FETCH SUCCESS
2026-06-03 16:05:37,491 [Worker 1] [INFO] [122/421] Progress: HUAMBOS (060608) -> FETCH SUCCESS
2026-06-03 16:05:39,931 [Worker 1] [INFO] [123/421] Progress: PIÓN (060613) -> FETCH SUCCESS
2026-06-03 16:05:41,939 [Worker 1] [INFO] [124/421] Progress: CHILETE (060403) -> FETCH SUCCESS
2026-06-03 16:05:44,303 [Worker 1] [INFO] [125/421] Progress: SANTA CRUZ DE TOLED (060409) -> FETCH SUCCESS
2026-06-03 16:05:45,736 [Worker 1] [INFO] [126/421] Progress: CUJILLO (060503) -> FETCH SUCCESS
2026-06-03 16:05:48,121 [Worker 1] [INFO] [127/421] Progress: SAN ANDRÉS DE CUTERVO (060508) -> FETCH SUCCESS
2026-06-03 16:05:49,665 [Worker 1] [INFO] [128/421] Progress: SANTO TOMÁS (060513) -> FETCH SUCCESS
2026-06-03 16:05:52,221 [Worker 1] [INFO] [129/421] Progress: HUALGAYOC (060703) -> FETCH SUCCESS
2026-06-03 16:05:54,072 [Worker 1] [INFO] [130/421] Progress: JAÉN (060801) -> FETCH SUCCESS
2026-06-03 16:05:55,890 [Worker 1] [INFO] [131/421] Progress: SAN FELIPE (060808) -> FETCH SUCCESS
2026-06-03 16:06:04,435 [Worker 1] [INFO] [132/421] Progress: LA COIPA (061105) -> FETCH SUCCESS
2026-06-03 16:06:05,908 [Worker 1] [INFO] [133/421] Progress: CHANCAY (061207) -> FETCH SUCCESS
2026-06-03 16:06:08,245 [Worker 1] [INFO] [134/421] Progress: JOSÉ SABOGAL (061206) -> FETCH SUCCESS
2026-06-03 16:06:11,009 [Worker 1] [INFO] [135/421] Progress: EL PRADO (061009) -> FETCH SUCCESS
2026-06-03 16:06:13,079 [Worker 1] [INFO] [136/421] Progress: SAN GREGORIO (061007) -> FETCH SUCCESS
2026-06-03 16:06:15,248 [Worker 1] [INFO] [137/421] Progress: SAN BERNARDINO (061302) -> FETCH SUCCESS
2026-06-03 16:06:17,353 [Worker 1] [INFO] [138/421] Progress: CATACHE (060902) -> FETCH SUCCESS
2026-06-03 16:06:19,944 [Worker 1] [INFO] [139/421] Progress: SANTA CRUZ (060901) -> FETCH SUCCESS
2026-06-03 16:06:22,669 [Worker 1] [INFO] [140/421] Progress: BELLAVISTA (240102) -> FETCH SUCCESS
2026-06-03 16:06:24,665 [Worker 1] [INFO] [141/421] Progress: MI PERÚ (240107) -> FETCH SUCCESS
2026-06-03 16:06:27,122 [Worker 1] [INFO] [142/421] Progress: MOSOC LLACTA (070207) -> FETCH SUCCESS
2026-06-03 16:06:28,576 [Worker 1] [INFO] [143/421] Progress: ANTA (070301) -> FETCH SUCCESS
2026-06-03 16:06:30,509 [Worker 1] [INFO] [144/421] Progress: MOLLEPATA (070305) -> FETCH SUCCESS
2026-06-03 16:06:32,250 [Worker 1] [INFO] [145/421] Progress: LAMAY (070403) -> FETCH SUCCESS
2026-06-03 16:06:34,574 [Worker 1] [INFO] [146/421] Progress: YANATILE (070408) -> FETCH SUCCESS
2026-06-03 16:06:36,124 [Worker 1] [INFO] [147/421] Progress: PAMPAMARCA (070506) -> FETCH SUCCESS
2026-06-03 16:06:38,060 [Worker 1] [INFO] [148/421] Progress: COMBAPATA (070602) -> FETCH SUCCESS
2026-06-03 16:06:47,074 [Worker 1] [INFO] [149/421] Progress: SICUANI (070601) -> FETCH SUCCESS
2026-06-03 16:06:49,153 [Worker 1] [INFO] [150/421] Progress: LIVITACA (070705) -> FETCH SUCCESS
2026-06-03 16:06:51,287 [Worker 1] [INFO] [151/421] Progress: CCORCA (070102) -> FETCH SUCCESS
2026-06-03 16:06:53,843 [Worker 1] [INFO] [152/421] Progress: SANTIAGO (070106) -> FETCH SUCCESS
2026-06-03 16:06:55,982 [Worker 1] [INFO] [153/421] Progress: COPORAQUE (070803) -> FETCH SUCCESS
2026-06-03 16:06:58,533 [Worker 1] [INFO] [154/421] Progress: SUYCKUTAMBO (070807) -> FETCH SUCCESS
2026-06-03 16:07:00,649 [Worker 1] [INFO] [155/421] Progress: KIMBIRI (070909) -> FETCH SUCCESS
2026-06-03 16:07:01,898 [Worker 1] [INFO] [156/421] Progress: OCOBAMBA (070905) -> FETCH SUCCESS
2026-06-03 16:07:03,702 [Worker 1] [INFO] [157/421] Progress: UNIÓN ASHÁNINKA (070919) -> FETCH SUCCESS
2026-06-03 16:07:05,247 [Worker 1] [INFO] [158/421] Progress: CCAPI (071003) -> FETCH SUCCESS
2026-06-03 16:07:06,814 [Worker 1] [INFO] [159/421] Progress: PARURO (071001) -> FETCH SUCCESS
2026-06-03 16:07:09,068 [Worker 1] [INFO] [160/421] Progress: COLQUEPATA (071103) -> FETCH SUCCESS
2026-06-03 16:07:10,830 [Worker 1] [INFO] [161/421] Progress: CAMANTI (071203) -> FETCH SUCCESS
2026-06-03 16:07:12,818 [Worker 1] [INFO] [162/421] Progress: LUCRE (071208) -> FETCH SUCCESS
2026-06-03 16:07:14,772 [Worker 1] [INFO] [163/421] Progress: URCOS (071201) -> FETCH SUCCESS
2026-06-03 16:07:16,466 [Worker 1] [INFO] [164/421] Progress: OLLANTAYTAMBO (071306) -> FETCH SUCCESS
2026-06-03 16:07:18,290 [Worker 1] [INFO] [165/421] Progress: ANTA (080202) -> FETCH SUCCESS
2026-06-03 16:07:20,288 [Worker 1] [INFO] [166/421] Progress: ROSARIO (080208) -> FETCH SUCCESS
2026-06-03 16:07:23,314 [Worker 1] [INFO] [167/421] Progress: CONGALLA (080304) -> FETCH SUCCESS
2026-06-03 16:07:25,276 [Worker 1] [INFO] [168/421] Progress: SAN ANTONIO DE ANTAPARCO (080309) -> FETCH SUCCESS
2026-06-03 16:07:27,704 [Worker 1] [INFO] [169/421] Progress: CAPILLAS (080405) -> FETCH SUCCESS
2026-06-03 16:07:29,576 [Worker 1] [INFO] [170/421] Progress: HUAMATAMBO (080410) -> FETCH SUCCESS
2026-06-03 16:07:31,633 [Worker 1] [INFO] [171/421] Progress: TICRAPO (080428) -> FETCH SUCCESS
2026-06-03 16:07:33,518 [Worker 1] [INFO] [172/421] Progress: EL CARMEN (080704) -> FETCH SUCCESS
2026-06-03 16:07:36,383 [Worker 1] [INFO] [173/421] Progress: SAN MIGUEL DE MAYOCC (080708) -> FETCH SUCCESS
2026-06-03 16:07:38,369 [Worker 1] [INFO] [174/421] Progress: CONAYCA (080104) -> FETCH SUCCESS
2026-06-03 16:07:40,693 [Worker 1] [INFO] [175/421] Progress: HUAYLLAHUARA (080108) -> FETCH SUCCESS
2026-06-03 16:07:42,988 [Worker 1] [INFO] [176/421] Progress: MOYA (080113) -> FETCH SUCCESS
2026-06-03 16:07:45,314 [Worker 1] [INFO] [177/421] Progress: YAULI (080118) -> FETCH SUCCESS
2026-06-03 16:07:47,706 [Worker 1] [INFO] [178/421] Progress: LARAMARCA (080605) -> FETCH SUCCESS
2026-06-03 16:07:55,329 [Worker 1] [INFO] [179/421] Progress: SAN ANTONIO DE CUSICANCHA (080610) -> FETCH SUCCESS
2026-06-03 16:07:57,320 [Worker 1] [INFO] [180/421] Progress: SANTO DOMINGO DE CAPILLAS (080615) -> FETCH SUCCESS
2026-06-03 16:07:59,062 [Worker 1] [INFO] [181/421] Progress: ANDAYMARCA (080529) -> FETCH SUCCESS
2026-06-03 16:08:02,236 [Worker 1] [INFO] [182/421] Progress: HUARIBAMBA (080512) -> FETCH SUCCESS
2026-06-03 16:08:04,702 [Worker 1] [INFO] [183/421] Progress: PICHOS (080531) -> FETCH SUCCESS
2026-06-03 16:08:07,335 [Worker 1] [INFO] [184/421] Progress: SALCAHUASI (080526) -> FETCH SUCCESS
2026-06-03 16:08:09,127 [Worker 1] [INFO] [185/421] Progress: AMBO (090201) -> FETCH SUCCESS
2026-06-03 16:08:11,206 [Worker 1] [INFO] [186/421] Progress: SAN FRANCISCO (090206) -> FETCH SUCCESS
2026-06-03 16:08:13,166 [Worker 1] [INFO] [187/421] Progress: MARÍAS (090312) -> FETCH SUCCESS
2026-06-03 16:08:15,375 [Worker 1] [INFO] [188/421] Progress: SILLAPATA (090322) -> FETCH SUCCESS
2026-06-03 16:08:17,787 [Worker 1] [INFO] [189/421] Progress: PINRA (090902) -> FETCH SUCCESS
2026-06-03 16:08:20,156 [Worker 1] [INFO] [190/421] Progress: LLATA (090401) -> FETCH SUCCESS
2026-06-03 16:08:22,239 [Worker 1] [INFO] [191/421] Progress: SINGA (090410) -> FETCH SUCCESS
2026-06-03 16:08:24,662 [Worker 1] [INFO] [192/421] Progress: HUÁNUCO (090101) -> FETCH SUCCESS
2026-06-03 16:08:26,594 [Worker 1] [INFO] [193/421] Progress: SAN PABLO DE PILLAO (090113) -> FETCH SUCCESS
2026-06-03 16:08:29,643 [Worker 1] [INFO] [194/421] Progress: BAÑOS (091002) -> FETCH SUCCESS
2026-06-03 16:08:32,035 [Worker 1] [INFO] [195/421] Progress: SAN FRANCISCO DE ASÍS (091003) -> FETCH SUCCESS
2026-06-03 16:08:33,851 [Worker 1] [INFO] [196/421] Progress: JOSÉ CRESPO Y CASTILLO (090606) -> FETCH SUCCESS
2026-06-03 16:08:35,714 [Worker 1] [INFO] [197/421] Progress: RUPA-RUPA (090601) -> FETCH SUCCESS
2026-06-03 16:08:43,335 [Worker 1] [INFO] [198/421] Progress: SAN BUENAVENTURA (090505) -> FETCH SUCCESS
2026-06-03 16:08:45,243 [Worker 1] [INFO] [199/421] Progress: UMARI (090706) -> FETCH SUCCESS
2026-06-03 16:08:47,228 [Worker 1] [INFO] [200/421] Progress: YUYAPICHIS (090805) -> FETCH SUCCESS
2026-06-03 16:08:48,951 [Worker 1] [INFO] [201/421] Progress: CHORAS (091108) -> FETCH SUCCESS
2026-06-03 16:08:50,977 [Worker 1] [INFO] [202/421] Progress: CHAVÍN (100202) -> FETCH SUCCESS
2026-06-03 16:08:52,229 [Worker 1] [INFO] [203/421] Progress: PUEBLO NUEVO (100210) -> FETCH SUCCESS
2026-06-03 16:08:54,167 [Worker 1] [INFO] [204/421] Progress: ICA (100101) -> FETCH SUCCESS
2026-06-03 16:08:56,467 [Worker 1] [INFO] [205/421] Progress: PARCONA (100104) -> FETCH SUCCESS
2026-06-03 16:08:58,431 [Worker 1] [INFO] [206/421] Progress: SANTIAGO (100109) -> FETCH SUCCESS
2026-06-03 16:09:00,280 [Worker 1] [INFO] [207/421] Progress: EL INGENIO (100303) -> FETCH SUCCESS
2026-06-03 16:09:02,700 [Worker 1] [INFO] [208/421] Progress: PALPA (100501) -> FETCH SUCCESS
2026-06-03 16:09:04,888 [Worker 1] [INFO] [209/421] Progress: HUMAY (100403) -> FETCH SUCCESS
2026-06-03 16:09:06,684 [Worker 1] [INFO] [210/421] Progress: SAN CLEMENTE (100407) -> FETCH SUCCESS
2026-06-03 16:09:08,898 [Worker 1] [INFO] [211/421] Progress: SAN LUIS DE SHUARO (110804) -> FETCH SUCCESS
2026-06-03 16:09:10,923 [Worker 1] [INFO] [212/421] Progress: CHUPACA (110901) -> FETCH SUCCESS
2026-06-03 16:09:12,499 [Worker 1] [INFO] [213/421] Progress: TRES DE DICIEMBRE (110908) -> FETCH SUCCESS
2026-06-03 16:09:14,906 [Worker 1] [INFO] [214/421] Progress: COCHAS (110205) -> FETCH SUCCESS
2026-06-03 16:09:17,192 [Worker 1] [INFO] [215/421] Progress: MARISCAL CASTILLA (110209) -> FETCH SUCCESS
2026-06-03 16:09:19,855 [Worker 1] [INFO] [216/421] Progress: SAN JOSÉ DE QUERO (110215) -> FETCH SUCCESS
2026-06-03 16:09:22,193 [Worker 1] [INFO] [217/421] Progress: CHILCA (110108) -> FETCH SUCCESS
2026-06-03 16:09:24,157 [Worker 1] [INFO] [218/421] Progress: EL TAMBO (110113) -> FETCH SUCCESS
2026-06-03 16:09:25,510 [Worker 1] [INFO] [219/421] Progress: HUASICANCHA (110119) -> FETCH SUCCESS
2026-06-03 16:09:27,538 [Worker 1] [INFO] [220/421] Progress: PUCARA (110124) -> FETCH SUCCESS
2026-06-03 16:09:29,262 [Worker 1] [INFO] [221/421] Progress: SANTO DOMINGO DE ACOBAMBA (110131) -> FETCH SUCCESS
2026-06-03 16:09:31,323 [Worker 1] [INFO] [222/421] Progress: ACOLLA (110302) -> FETCH SUCCESS
2026-06-03 16:09:33,147 [Worker 1] [INFO] [223/421] Progress: EL MANTARO (110306) -> FETCH SUCCESS
2026-06-03 16:09:35,316 [Worker 1] [INFO] [224/421] Progress: JAUJA (110301) -> FETCH SUCCESS
2026-06-03 16:09:37,038 [Worker 1] [INFO] [225/421] Progress: MASMA (110315) -> FETCH SUCCESS
2026-06-03 16:09:39,106 [Worker 1] [INFO] [226/421] Progress: MUQUIYAUYO (110319) -> FETCH SUCCESS
2026-06-03 16:09:40,846 [Worker 1] [INFO] [227/421] Progress: POMACANCHA (110324) -> FETCH SUCCESS
2026-06-03 16:09:42,853 [Worker 1] [INFO] [228/421] Progress: SINCOS (110328) -> FETCH SUCCESS
2026-06-03 16:09:45,556 [Worker 1] [INFO] [229/421] Progress: JUNÍN (110401) -> FETCH SUCCESS
2026-06-03 16:09:48,514 [Worker 1] [INFO] [230/421] Progress: MAZAMARI (110704) -> FETCH SUCCESS
2026-06-03 16:09:50,656 [Worker 1] [INFO] [231/421] Progress: SATIPO (110701) -> FETCH SUCCESS
2026-06-03 16:09:52,952 [Worker 1] [INFO] [232/421] Progress: LA UNIÓN (110505) -> FETCH SUCCESS
2026-06-03 16:09:55,367 [Worker 1] [INFO] [233/421] Progress: TARMA (110501) -> FETCH SUCCESS
2026-06-03 16:10:04,298 [Worker 1] [INFO] [234/421] Progress: MOROCOCHA (110605) -> FETCH SUCCESS
2026-06-03 16:10:05,941 [Worker 1] [INFO] [235/421] Progress: YAULI (110609) -> FETCH SUCCESS
2026-06-03 16:10:08,094 [Worker 1] [INFO] [236/421] Progress: MAGDALENA DE CAO (120805) -> FETCH SUCCESS
2026-06-03 16:10:16,898 [Worker 1] [INFO] [237/421] Progress: BOLÍVAR (120201) -> FETCH SUCCESS
2026-06-03 16:10:18,774 [Worker 1] [INFO] [238/421] Progress: CHEPÉN (120901) -> FETCH SUCCESS
2026-06-03 16:10:20,746 [Worker 1] [INFO] [239/421] Progress: MARMOT (121103) -> FETCH SUCCESS
2026-06-03 16:10:22,831 [Worker 1] [INFO] [240/421] Progress: JULCÁN (121001) -> FETCH SUCCESS
2026-06-03 16:10:24,865 [Worker 1] [INFO] [241/421] Progress: MACHE (120413) -> FETCH SUCCESS
2026-06-03 16:10:26,504 [Worker 1] [INFO] [242/421] Progress: USQUIL (120411) -> FETCH SUCCESS
2026-06-03 16:10:28,587 [Worker 1] [INFO] [243/421] Progress: SAN PEDRO DE LLOC (120501) -> FETCH SUCCESS
2026-06-03 16:10:30,280 [Worker 1] [INFO] [244/421] Progress: HUAYO (120606) -> FETCH SUCCESS
2026-06-03 16:10:32,510 [Worker 1] [INFO] [245/421] Progress: SANTIAGO DE CHALLAS (120613) -> FETCH SUCCESS
2026-06-03 16:10:34,764 [Worker 1] [INFO] [246/421] Progress: COCHORCO (120302) -> FETCH SUCCESS
2026-06-03 16:10:37,111 [Worker 1] [INFO] [247/421] Progress: SARÍN (120307) -> FETCH SUCCESS
2026-06-03 16:10:39,050 [Worker 1] [INFO] [248/421] Progress: MOLLEPATA (120704) -> FETCH SUCCESS
2026-06-03 16:10:40,648 [Worker 1] [INFO] [249/421] Progress: ALTO TRUJILLO (120113) -> FETCH SUCCESS
2026-06-03 16:10:42,431 [Worker 1] [INFO] [250/421] Progress: LAREDO (120103) -> FETCH SUCCESS
2026-06-03 16:10:50,595 [Worker 1] [INFO] [251/421] Progress: TRUJILLO (120101) -> FETCH SUCCESS
2026-06-03 16:10:52,740 [Worker 1] [INFO] [252/421] Progress: CAYALTÍ (130116) -> FETCH SUCCESS
2026-06-03 16:10:54,522 [Worker 1] [INFO] [253/421] Progress: JOSÉ LEONARDO ORTIZ (130112) -> FETCH SUCCESS
2026-06-03 16:10:56,523 [Worker 1] [INFO] [254/421] Progress: OYOTÚN (130108) -> FETCH SUCCESS
2026-06-03 16:10:58,494 [Worker 1] [INFO] [255/421] Progress: PUCALÁ (130119) -> FETCH SUCCESS
2026-06-03 16:11:00,492 [Worker 1] [INFO] [256/421] Progress: CAÑARIS (130203) -> FETCH SUCCESS
2026-06-03 16:11:03,148 [Worker 1] [INFO] [257/421] Progress: PUEBLO NUEVO (130205) -> FETCH SUCCESS
2026-06-03 16:11:05,175 [Worker 1] [INFO] [258/421] Progress: MOCHUMÍ (130305) -> FETCH SUCCESS
2026-06-03 16:11:06,907 [Worker 1] [INFO] [259/421] Progress: SALAS (130310) -> FETCH SUCCESS
2026-06-03 16:11:08,673 [Worker 1] [INFO] [260/421] Progress: PATIVILCA (140903) -> FETCH SUCCESS
2026-06-03 16:11:10,667 [Worker 1] [INFO] [261/421] Progress: GORGOR (140206) -> FETCH SUCCESS
2026-06-03 16:11:13,061 [Worker 1] [INFO] [262/421] Progress: HUAMANTANGA (140303) -> FETCH SUCCESS
2026-06-03 16:11:15,773 [Worker 1] [INFO] [263/421] Progress: ASIA (140416) -> FETCH SUCCESS
2026-06-03 16:11:17,368 [Worker 1] [INFO] [264/421] Progress: IMPERIAL (140406) -> FETCH SUCCESS
2026-06-03 16:11:24,086 [Worker 1] [INFO] [265/421] Progress: QUILMANA (140411) -> FETCH SUCCESS
2026-06-03 16:11:26,013 [Worker 1] [INFO] [266/421] Progress: ZUÑIGA (140415) -> FETCH SUCCESS
2026-06-03 16:11:27,683 [Worker 1] [INFO] [267/421] Progress: HUARAL (140801) -> FETCH SUCCESS
2026-06-03 16:11:29,957 [Worker 1] [INFO] [268/421] Progress: SANTA CRUZ DE ANDAMARCA (140811) -> FETCH SUCCESS
2026-06-03 16:11:38,064 [Worker 1] [INFO] [269/421] Progress: CARAMPOMA (140604) -> FETCH SUCCESS
2026-06-03 16:11:40,446 [Worker 1] [INFO] [270/421] Progress: HUAROCHIRÍ (140609) -> FETCH SUCCESS
2026-06-03 16:11:42,672 [Worker 1] [INFO] [271/421] Progress: RICARDO PALMA (140613) -> FETCH SUCCESS
2026-06-03 16:11:44,647 [Worker 1] [INFO] [272/421] Progress: SANGALLAYA (140618) -> FETCH SUCCESS
2026-06-03 16:11:47,201 [Worker 1] [INFO] [273/421] Progress: SAN MATEO DE OTAO (140622) -> FETCH SUCCESS
2026-06-03 16:11:49,100 [Worker 1] [INFO] [274/421] Progress: SANTA EULALIA (140625) -> FETCH SUCCESS
2026-06-03 16:11:50,900 [Worker 1] [INFO] [275/421] Progress: AMBAR (140502) -> FETCH SUCCESS
2026-06-03 16:11:52,244 [Worker 1] [INFO] [276/421] Progress: HUAURA (140507) -> FETCH SUCCESS
2026-06-03 16:11:54,776 [Worker 1] [INFO] [277/421] Progress: SAYAN (140513) -> FETCH SUCCESS
2026-06-03 16:11:57,146 [Worker 1] [INFO] [278/421] Progress: BREÑA (140104) -> FETCH SUCCESS
2026-06-03 16:11:59,029 [Worker 1] [INFO] [279/421] Progress: COMAS (140106) -> FETCH SUCCESS
2026-06-03 16:12:01,091 [Worker 1] [INFO] [280/421] Progress: LA VICTORIA (140109) -> FETCH SUCCESS
2026-06-03 16:12:03,420 [Worker 1] [INFO] [281/421] Progress: LURÍN (140113) -> FETCH SUCCESS
2026-06-03 16:12:05,458 [Worker 1] [INFO] [282/421] Progress: PUEBLO LIBRE (140117) -> FETCH SUCCESS
2026-06-03 16:12:07,342 [Worker 1] [INFO] [283/421] Progress: SAN BARTOLO (140123) -> FETCH SUCCESS
2026-06-03 16:12:09,835 [Worker 1] [INFO] [284/421] Progress: SAN LUIS (140138) -> FETCH SUCCESS
2026-06-03 16:12:18,236 [Worker 1] [INFO] [285/421] Progress: SANTA ROSA (140129) -> FETCH SUCCESS
2026-06-03 16:12:20,349 [Worker 1] [INFO] [286/421] Progress: ANDAJES (141004) -> FETCH SUCCESS
2026-06-03 16:12:22,263 [Worker 1] [INFO] [287/421] Progress: PACHANGARA (141005) -> FETCH SUCCESS
2026-06-03 16:12:24,518 [Worker 1] [INFO] [288/421] Progress: CACRA (140706) -> FETCH SUCCESS
2026-06-03 16:12:27,247 [Worker 1] [INFO] [289/421] Progress: COLONIA (140709) -> FETCH SUCCESS
2026-06-03 16:12:29,605 [Worker 1] [INFO] [290/421] Progress: HUANTAN (140714) -> FETCH SUCCESS
2026-06-03 16:12:31,347 [Worker 1] [INFO] [291/421] Progress: MIRAFLORES (140718) -> FETCH SUCCESS
2026-06-03 16:12:34,193 [Worker 1] [INFO] [292/421] Progress: SAN JOAQUÍN (140722) -> FETCH SUCCESS
2026-06-03 16:12:36,876 [Worker 1] [INFO] [293/421] Progress: TUPE (140726) -> FETCH SUCCESS
2026-06-03 16:12:38,816 [Worker 1] [INFO] [294/421] Progress: JEBEROS (150205) -> FETCH SUCCESS
2026-06-03 16:12:40,209 [Worker 1] [INFO] [295/421] Progress: ANDOAS (150702) -> FETCH SUCCESS
2026-06-03 16:12:42,181 [Worker 1] [INFO] [296/421] Progress: PASTAZA (150706) -> FETCH SUCCESS
2026-06-03 16:12:43,937 [Worker 1] [INFO] [297/421] Progress: URARINAS (150304) -> FETCH SUCCESS
2026-06-03 16:12:45,409 [Worker 1] [INFO] [298/421] Progress: YAVARI (150603) -> FETCH SUCCESS
2026-06-03 16:12:47,746 [Worker 1] [INFO] [299/421] Progress: IQUITOS (150101) -> FETCH SUCCESS
2026-06-03 16:12:49,734 [Worker 1] [INFO] [300/421] Progress: SAN JUAN BAUTISTA (150113) -> FETCH SUCCESS
2026-06-03 16:12:51,297 [Worker 1] [INFO] [301/421] Progress: YAGUAS (150904) -> FETCH SUCCESS
2026-06-03 16:12:52,872 [Worker 1] [INFO] [302/421] Progress: MAQUIA (150405) -> FETCH SUCCESS
2026-06-03 16:12:54,884 [Worker 1] [INFO] [303/421] Progress: TAPICHE (150409) -> FETCH SUCCESS
2026-06-03 16:12:56,372 [Worker 1] [INFO] [304/421] Progress: PAMPA HERMOSA (150504) -> FETCH SUCCESS
2026-06-03 16:12:58,150 [Worker 1] [INFO] [305/421] Progress: MADRE DE DIOS (160203) -> FETCH SUCCESS
2026-06-03 16:13:00,815 [Worker 1] [INFO] [306/421] Progress: INAMBARI (160102) -> FETCH SUCCESS
2026-06-03 16:13:10,095 [Worker 1] [INFO] [307/421] Progress: COALAQUE (170202) -> FETCH SUCCESS
2026-06-03 16:13:12,114 [Worker 1] [INFO] [308/421] Progress: OMATE (170201) -> FETCH SUCCESS
2026-06-03 16:13:14,159 [Worker 1] [INFO] [309/421] Progress: EL ALGARROBAL (170302) -> FETCH SUCCESS
2026-06-03 16:13:16,165 [Worker 1] [INFO] [310/421] Progress: MOQUEGUA (170101) -> FETCH SUCCESS
2026-06-03 16:13:18,193 [Worker 1] [INFO] [311/421] Progress: CHACAYÁN (180202) -> FETCH SUCCESS
2026-06-03 16:13:19,730 [Worker 1] [INFO] [312/421] Progress: TAPUC (180207) -> FETCH SUCCESS
2026-06-03 16:13:22,032 [Worker 1] [INFO] [313/421] Progress: HUANCABAMBA (180303) -> FETCH SUCCESS
2026-06-03 16:13:24,282 [Worker 1] [INFO] [314/421] Progress: VILLA RICA (180305) -> FETCH SUCCESS
2026-06-03 16:13:26,438 [Worker 1] [INFO] [315/421] Progress: NINACACA (180106) -> FETCH SUCCESS
2026-06-03 16:13:27,990 [Worker 1] [INFO] [316/421] Progress: TICLACAYÁN (180111) -> FETCH SUCCESS
2026-06-03 16:13:29,919 [Worker 1] [INFO] [317/421] Progress: FRÍAS (190202) -> FETCH SUCCESS
2026-06-03 16:13:32,205 [Worker 1] [INFO] [318/421] Progress: PAIMAS (190210) -> FETCH SUCCESS
2026-06-03 16:13:33,703 [Worker 1] [INFO] [319/421] Progress: EL CARMEN DE LA FRONTERA (190306) -> FETCH SUCCESS
2026-06-03 16:13:35,821 [Worker 1] [INFO] [320/421] Progress: SONDOR (190304) -> FETCH SUCCESS
2026-06-03 16:13:37,982 [Worker 1] [INFO] [321/421] Progress: LA MATANZA (190408) -> FETCH SUCCESS
2026-06-03 16:13:40,254 [Worker 1] [INFO] [322/421] Progress: SANTO DOMINGO (190407) -> FETCH SUCCESS
2026-06-03 16:13:42,119 [Worker 1] [INFO] [323/421] Progress: LA HUACA (190504) -> FETCH SUCCESS
2026-06-03 16:13:43,986 [Worker 1] [INFO] [324/421] Progress: CATACAOS (190104) -> FETCH SUCCESS
2026-06-03 16:13:46,409 [Worker 1] [INFO] [325/421] Progress: LA UNIÓN (190106) -> FETCH SUCCESS
2026-06-03 16:13:47,899 [Worker 1] [INFO] [326/421] Progress: BERNAL (190803) -> FETCH SUCCESS
2026-06-03 16:13:49,684 [Worker 1] [INFO] [327/421] Progress: BELLAVISTA (190602) -> FETCH SUCCESS
2026-06-03 16:13:51,318 [Worker 1] [INFO] [328/421] Progress: QUERECOTILLO (190606) -> FETCH SUCCESS
2026-06-03 16:13:52,918 [Worker 1] [INFO] [329/421] Progress: LOBITOS (190704) -> FETCH SUCCESS
2026-06-03 16:13:54,724 [Worker 1] [INFO] [330/421] Progress: ARAPA (200203) -> FETCH SUCCESS
2026-06-03 16:13:56,855 [Worker 1] [INFO] [331/421] Progress: JOSÉ DOMINGO CHOQUEHUANCA (200207) -> FETCH SUCCESS
2026-06-03 16:13:58,796 [Worker 1] [INFO] [332/421] Progress: SAN JOSÉ (200214) -> FETCH SUCCESS
2026-06-03 16:14:00,671 [Worker 1] [INFO] [333/421] Progress: AYAPATA (200303) -> FETCH SUCCESS
2026-06-03 16:14:03,023 [Worker 1] [INFO] [334/421] Progress: MACUSANI (200301) -> FETCH SUCCESS
2026-06-03 16:14:04,754 [Worker 1] [INFO] [335/421] Progress: HUACULLANI (200403) -> FETCH SUCCESS
2026-06-03 16:14:06,685 [Worker 1] [INFO] [336/421] Progress: ZEPITA (200410) -> FETCH SUCCESS
2026-06-03 16:14:09,087 [Worker 1] [INFO] [337/421] Progress: SANTA ROSA (201203) -> FETCH SUCCESS
2026-06-03 16:14:11,637 [Worker 1] [INFO] [338/421] Progress: PUSI (200506) -> FETCH SUCCESS
2026-06-03 16:14:13,642 [Worker 1] [INFO] [339/421] Progress: CALAPUJA (200603) -> FETCH SUCCESS
2026-06-03 16:14:15,949 [Worker 1] [INFO] [340/421] Progress: PARATIA (200607) -> FETCH SUCCESS
2026-06-03 16:14:18,100 [Worker 1] [INFO] [341/421] Progress: AYAVIRI (200701) -> FETCH SUCCESS
2026-06-03 16:14:20,082 [Worker 1] [INFO] [342/421] Progress: ORURILLO (200707) -> FETCH SUCCESS
2026-06-03 16:14:22,625 [Worker 1] [INFO] [343/421] Progress: MOHO (201301) -> FETCH SUCCESS
2026-06-03 16:14:24,947 [Worker 1] [INFO] [344/421] Progress: CAPACHICA (200104) -> FETCH SUCCESS
2026-06-03 16:14:27,293 [Worker 1] [INFO] [345/421] Progress: PAUCARCOLLA (200109) -> FETCH SUCCESS
2026-06-03 16:14:28,999 [Worker 1] [INFO] [346/421] Progress: TIQUILLACA (200112) -> FETCH SUCCESS
2026-06-03 16:14:31,169 [Worker 1] [INFO] [347/421] Progress: QUILCAPUNCU (201103) -> FETCH SUCCESS
2026-06-03 16:14:32,858 [Worker 1] [INFO] [348/421] Progress: PATAMBUCO (200806) -> FETCH SUCCESS
2026-06-03 16:14:35,041 [Worker 1] [INFO] [349/421] Progress: SAN PEDRO DE PUTINA PUNCO (200812) -> FETCH SUCCESS
2026-06-03 16:14:38,024 [Worker 1] [INFO] [350/421] Progress: JULIACA (200901) -> FETCH SUCCESS
2026-06-03 16:14:39,861 [Worker 1] [INFO] [351/421] Progress: OLLARAYA (201006) -> FETCH SUCCESS
2026-06-03 16:14:41,902 [Worker 1] [INFO] [352/421] Progress: BAJO BIAVO (210706) -> FETCH SUCCESS
2026-06-03 16:14:44,145 [Worker 1] [INFO] [353/421] Progress: AGUA BLANCA (211002) -> FETCH SUCCESS
2026-06-03 16:14:45,635 [Worker 1] [INFO] [354/421] Progress: ALTO SAPOSOA (210205) -> FETCH SUCCESS
2026-06-03 16:14:47,659 [Worker 1] [INFO] [355/421] Progress: TINGO DE SAPOSOA (210204) -> FETCH SUCCESS
2026-06-03 16:14:49,700 [Worker 1] [INFO] [356/421] Progress: LAMAS (210301) -> FETCH SUCCESS
2026-06-03 16:14:51,873 [Worker 1] [INFO] [357/421] Progress: TABALOSOS (210313) -> FETCH SUCCESS
2026-06-03 16:14:54,192 [Worker 1] [INFO] [358/421] Progress: PACHIZA (210404) -> FETCH SUCCESS
2026-06-03 16:14:56,432 [Worker 1] [INFO] [359/421] Progress: MOYOBAMBA (210101) -> FETCH SUCCESS
2026-06-03 16:14:58,869 [Worker 1] [INFO] [360/421] Progress: PICOTA (210901) -> FETCH SUCCESS
2026-06-03 16:15:01,143 [Worker 1] [INFO] [361/421] Progress: SHAMBOYACU (210910) -> FETCH SUCCESS
2026-06-03 16:15:03,444 [Worker 1] [INFO] [362/421] Progress: NUEVA CAJAMARCA (210505) -> FETCH SUCCESS
2026-06-03 16:15:06,069 [Worker 1] [INFO] [363/421] Progress: YORONGOS (210503) -> FETCH SUCCESS
2026-06-03 16:15:08,295 [Worker 1] [INFO] [364/421] Progress: CHIPURANA (210607) -> FETCH SUCCESS
2026-06-03 16:15:10,884 [Worker 1] [INFO] [365/421] Progress: MORALES (210611) -> FETCH SUCCESS
2026-06-03 16:15:12,659 [Worker 1] [INFO] [366/421] Progress: TARAPOTO (210601) -> FETCH SUCCESS
2026-06-03 16:15:14,413 [Worker 1] [INFO] [367/421] Progress: TOCACHE (210801) -> FETCH SUCCESS
2026-06-03 16:15:16,851 [Worker 1] [INFO] [368/421] Progress: CURIBAYA (220403) -> FETCH SUCCESS
2026-06-03 16:15:18,502 [Worker 1] [INFO] [369/421] Progress: LOCUMBA (220301) -> FETCH SUCCESS
2026-06-03 16:15:20,504 [Worker 1] [INFO] [370/421] Progress: INCLÁN (220104) -> FETCH SUCCESS
2026-06-03 16:15:22,234 [Worker 1] [INFO] [371/421] Progress: SAMA (220110) -> FETCH SUCCESS
2026-06-03 16:15:24,115 [Worker 1] [INFO] [372/421] Progress: SITAJARA (220210) -> FETCH SUCCESS
2026-06-03 16:15:26,411 [Worker 1] [INFO] [373/421] Progress: CANOAS DE PUNTA SAL (230203) -> FETCH SUCCESS
2026-06-03 16:15:27,951 [Worker 1] [INFO] [374/421] Progress: PAMPAS DE HOSPITAL (230104) -> FETCH SUCCESS
2026-06-03 16:15:29,929 [Worker 1] [INFO] [375/421] Progress: MATAPALO (230302) -> FETCH SUCCESS
2026-06-03 16:15:32,697 [Worker 1] [INFO] [376/421] Progress: TAHUANIA (250302) -> FETCH SUCCESS
2026-06-03 16:15:35,251 [Worker 1] [INFO] [377/421] Progress: MANANTAY (250107) -> FETCH SUCCESS
2026-06-03 16:15:37,308 [Worker 1] [INFO] [378/421] Progress: BOQUERÓN (250206) -> FETCH SUCCESS
2026-06-03 16:15:44,344 [Worker 1] [INFO] [379/421] Progress: PADRE ABAD (250201) -> FETCH SUCCESS
2026-06-03 16:15:47,013 [Worker 1] [INFO] [380/421] Progress: RABAT (910502) -> FETCH SUCCESS
2026-06-03 16:15:48,990 [Worker 1] [INFO] [381/421] Progress: CATAMARCA (920224) -> FETCH SUCCESS
2026-06-03 16:15:50,203 [Worker 1] [INFO] [382/421] Progress: MENDOZA (920206) -> FETCH SUCCESS
2026-06-03 16:15:52,440 [Worker 1] [INFO] [383/421] Progress: COCHABAMBA (920401) -> FETCH SUCCESS
2026-06-03 16:15:54,475 [Worker 1] [INFO] [384/421] Progress: CURITIBA (920504) -> FETCH SUCCESS
2026-06-03 16:15:56,522 [Worker 1] [INFO] [385/421] Progress: RÍO BRANCO (920508) -> FETCH SUCCESS
2026-06-03 16:15:58,935 [Worker 1] [INFO] [386/421] Progress: MONTREAL (920601) -> FETCH SUCCESS
2026-06-03 16:16:01,003 [Worker 1] [INFO] [387/421] Progress: ANTOFAGASTA (921001) -> FETCH SUCCESS
2026-06-03 16:16:02,969 [Worker 1] [INFO] [388/421] Progress: SANTIAGO (921006) -> FETCH SUCCESS
2026-06-03 16:16:04,687 [Worker 1] [INFO] [389/421] Progress: CALI (920703) -> FETCH SUCCESS
2026-06-03 16:16:07,458 [Worker 1] [INFO] [390/421] Progress: SAN JOSÉ (920803) -> FETCH SUCCESS
2026-06-03 16:16:09,753 [Worker 1] [INFO] [391/421] Progress: MACHALA (921104) -> FETCH SUCCESS
2026-06-03 16:16:12,037 [Worker 1] [INFO] [392/421] Progress: CAROLINA DEL NORTE (921350) -> FETCH SUCCESS
2026-06-03 16:16:13,767 [Worker 1] [INFO] [393/421] Progress: HOUSTON (921313) -> FETCH SUCCESS
2026-06-03 16:16:15,702 [Worker 1] [INFO] [394/421] Progress: NUEVA YORK (921319) -> FETCH SUCCESS
2026-06-03 16:16:17,867 [Worker 1] [INFO] [395/421] Progress: SAN ANTONIO (921323) -> FETCH SUCCESS
2026-06-03 16:16:20,414 [Worker 1] [INFO] [396/421] Progress: GUATEMALA (921501) -> FETCH SUCCESS
2026-06-03 16:16:28,107 [Worker 1] [INFO] [397/421] Progress: MONTERREY (921903) -> FETCH SUCCESS
2026-06-03 16:16:29,469 [Worker 1] [INFO] [398/421] Progress: VERAGUAS (922108) -> FETCH SUCCESS
2026-06-03 16:16:31,564 [Worker 1] [INFO] [399/421] Progress: PUERTO ESPAÑA (922601) -> FETCH SUCCESS
2026-06-03 16:16:33,818 [Worker 1] [INFO] [400/421] Progress: ABU DABI (933702) -> FETCH SUCCESS
2026-06-03 16:16:35,980 [Worker 1] [INFO] [401/421] Progress: TEHERAN (932401) -> FETCH SUCCESS
2026-06-03 16:16:38,552 [Worker 1] [INFO] [402/421] Progress: HIROSHIMA (930709) -> FETCH SUCCESS
2026-06-03 16:16:40,327 [Worker 1] [INFO] [403/421] Progress: SAITAMA (930720) -> FETCH SUCCESS
2026-06-03 16:16:40,327 [Worker 1] [WARNING] Stop signal file identified. Committing data collected so far and closing...
2026-06-03 16:16:40,328 [Worker 1] [INFO] Atomic update finalized. Data safely committed.
2026-06-03 16:16:49,083 [Worker 1] [INFO] Strategy: [Method 2] Bypassing exactly 100% items. Updating active counts.
2026-06-03 16:16:49,084 [Worker 1] [INFO] [20/421] Check: ACOCHACA (021802) -> BYPASSED
2026-06-03 16:16:49,085 [Worker 1] [INFO] [40/421] Check: SAN CRISTÓBAL DE RAJAN (022008) -> BYPASSED
2026-06-03 16:16:49,085 [Worker 1] [INFO] [60/421] Check: POCOHUANCA (030209) -> BYPASSED
2026-06-03 16:16:49,086 [Worker 1] [INFO] [80/421] Check: TIPAN (040511) -> BYPASSED
2026-06-03 16:16:49,086 [Worker 1] [INFO] [100/421] Check: SANTA ROSA (050408) -> BYPASSED
2026-06-03 16:16:49,087 [Worker 1] [INFO] [120/421] Check: UTCO (060311) -> BYPASSED
2026-06-03 16:16:49,087 [Worker 1] [INFO] [140/421] Check: BELLAVISTA (240102) -> BYPASSED
2026-06-03 16:16:49,088 [Worker 1] [INFO] [160/421] Check: COLQUEPATA (071103) -> BYPASSED
2026-06-03 16:16:49,088 [Worker 1] [INFO] [180/421] Check: SANTO DOMINGO DE CAPILLAS (080615) -> BYPASSED
2026-06-03 16:16:49,089 [Worker 1] [INFO] [200/421] Check: YUYAPICHIS (090805) -> BYPASSED
2026-06-03 16:16:49,089 [Worker 1] [INFO] [220/421] Check: PUCARA (110124) -> BYPASSED
2026-06-03 16:16:49,090 [Worker 1] [INFO] [240/421] Check: JULCÁN (121001) -> BYPASSED
2026-06-03 16:16:49,090 [Worker 1] [INFO] [260/421] Check: PATIVILCA (140903) -> BYPASSED
2026-06-03 16:16:49,091 [Worker 1] [INFO] [280/421] Check: LA VICTORIA (140109) -> BYPASSED
2026-06-03 16:16:49,091 [Worker 1] [INFO] [300/421] Check: SAN JUAN BAUTISTA (150113) -> BYPASSED
2026-06-03 16:16:49,092 [Worker 1] [INFO] [320/421] Check: SONDOR (190304) -> BYPASSED
2026-06-03 16:16:49,092 [Worker 1] [INFO] [340/421] Check: PARATIA (200607) -> BYPASSED
2026-06-03 16:16:49,093 [Worker 1] [INFO] [360/421] Check: PICOTA (210901) -> BYPASSED
2026-06-03 16:16:49,093 [Worker 1] [INFO] [380/421] Check: RABAT (910502) -> BYPASSED
2026-06-03 16:16:49,094 [Worker 1] [INFO] [400/421] Check: ABU DABI (933702) -> BYPASSED
2026-06-03 16:16:51,386 [Worker 1] [INFO] [404/421] Progress: AL - KUWAIT (932801) -> FETCH SUCCESS
2026-06-03 16:16:53,549 [Worker 1] [INFO] [405/421] Progress: GUANGZHOU (930232) -> FETCH SUCCESS
2026-06-03 16:16:55,533 [Worker 1] [INFO] [406/421] Progress: ANKARA (931503) -> FETCH SUCCESS
2026-06-03 16:16:57,757 [Worker 1] [INFO] [407/421] Progress: COLONIA (940213) -> FETCH SUCCESS
2026-06-03 16:16:59,338 [Worker 1] [INFO] [408/421] Progress: AMBERES (940401) -> FETCH SUCCESS
2026-06-03 16:17:01,281 [Worker 1] [INFO] [409/421] Progress: COPENHAGUE (940801) -> FETCH SUCCESS
2026-06-03 16:17:03,421 [Worker 1] [INFO] [410/421] Progress: MADRID (940910) -> FETCH SUCCESS
2026-06-03 16:17:05,583 [Worker 1] [INFO] [411/421] Progress: SEVILLA (940918) -> FETCH SUCCESS
2026-06-03 16:17:07,498 [Worker 1] [INFO] [412/421] Progress: HELSINKI (941001) -> FETCH SUCCESS
2026-06-03 16:17:09,273 [Worker 1] [INFO] [413/421] Progress: NIZA (941107) -> FETCH SUCCESS
2026-06-03 16:17:11,431 [Worker 1] [INFO] [414/421] Progress: ATENAS (941301) -> FETCH SUCCESS
2026-06-03 16:17:13,454 [Worker 1] [INFO] [415/421] Progress: BOLZANO (941755) -> FETCH SUCCESS
2026-06-03 16:17:15,342 [Worker 1] [INFO] [416/421] Progress: NÁPOLES (941707) -> FETCH SUCCESS
2026-06-03 16:17:16,849 [Worker 1] [INFO] [417/421] Progress: SKOPIE (943701) -> FETCH SUCCESS
2026-06-03 16:17:16,849 [Worker 1] [WARNING] Stop signal file identified. Committing data collected so far and closing...
2026-06-03 16:17:16,851 [Worker 1] [INFO] Atomic update finalized. Data safely committed.
2026-06-03 16:17:36,543 [Worker 1] [INFO] Strategy: [Method 2] Bypassing exactly 100% items. Updating active counts.
2026-06-03 16:17:36,544 [Worker 1] [INFO] [20/421] Check: ACOCHACA (021802) -> BYPASSED
2026-06-03 16:17:36,545 [Worker 1] [INFO] [40/421] Check: SAN CRISTÓBAL DE RAJAN (022008) -> BYPASSED
2026-06-03 16:17:36,545 [Worker 1] [INFO] [60/421] Check: POCOHUANCA (030209) -> BYPASSED
2026-06-03 16:17:36,546 [Worker 1] [INFO] [80/421] Check: TIPAN (040511) -> BYPASSED
2026-06-03 16:17:36,546 [Worker 1] [INFO] [100/421] Check: SANTA ROSA (050408) -> BYPASSED
2026-06-03 16:17:36,547 [Worker 1] [INFO] [120/421] Check: UTCO (060311) -> BYPASSED
2026-06-03 16:17:36,547 [Worker 1] [INFO] [140/421] Check: BELLAVISTA (240102) -> BYPASSED
2026-06-03 16:17:36,548 [Worker 1] [INFO] [160/421] Check: COLQUEPATA (071103) -> BYPASSED
2026-06-03 16:17:36,548 [Worker 1] [INFO] [180/421] Check: SANTO DOMINGO DE CAPILLAS (080615) -> BYPASSED
2026-06-03 16:17:36,549 [Worker 1] [INFO] [200/421] Check: YUYAPICHIS (090805) -> BYPASSED
2026-06-03 16:17:36,549 [Worker 1] [INFO] [220/421] Check: PUCARA (110124) -> BYPASSED
2026-06-03 16:17:36,550 [Worker 1] [INFO] [240/421] Check: JULCÁN (121001) -> BYPASSED
2026-06-03 16:17:36,550 [Worker 1] [INFO] [260/421] Check: PATIVILCA (140903) -> BYPASSED
2026-06-03 16:17:36,551 [Worker 1] [INFO] [280/421] Check: LA VICTORIA (140109) -> BYPASSED
2026-06-03 16:17:36,551 [Worker 1] [INFO] [300/421] Check: SAN JUAN BAUTISTA (150113) -> BYPASSED
2026-06-03 16:17:36,552 [Worker 1] [INFO] [320/421] Check: SONDOR (190304) -> BYPASSED
2026-06-03 16:17:36,552 [Worker 1] [INFO] [340/421] Check: PARATIA (200607) -> BYPASSED
2026-06-03 16:17:36,553 [Worker 1] [INFO] [360/421] Check: PICOTA (210901) -> BYPASSED
2026-06-03 16:17:36,553 [Worker 1] [INFO] [380/421] Check: RABAT (910502) -> BYPASSED
2026-06-03 16:17:36,554 [Worker 1] [INFO] [400/421] Check: ABU DABI (933702) -> BYPASSED
2026-06-03 16:17:38,750 [Worker 1] [INFO] [418/421] Progress: ANDORRA LA VELLA (944202) -> FETCH SUCCESS
2026-06-03 16:17:40,970 [Worker 1] [INFO] [419/421] Progress: SAN PETERSBURGO (942910) -> FETCH SUCCESS
2026-06-03 16:17:43,149 [Worker 1] [INFO] [420/421] Progress: BRISBANE (950102) -> FETCH SUCCESS
2026-06-03 16:17:45,196 [Worker 1] [INFO] [421/421] Progress: AUCKLAND (950201) -> FETCH SUCCESS
2026-06-03 16:17:45,198 [Worker 1] [INFO] Atomic update finalized. Data safely committed.
2026-06-03 16:19:21,402 [Worker 1] [INFO] Strategy: [Method 1] Bypassing all safe items. Target ONLY errors.jsonl entries.
2026-06-03 16:19:21,403 [Worker 1] [INFO] [20/421] Check: ACOCHACA (021802) -> BYPASSED
2026-06-03 16:19:21,404 [Worker 1] [INFO] [40/421] Check: SAN CRISTÓBAL DE RAJAN (022008) -> BYPASSED
2026-06-03 16:19:21,404 [Worker 1] [INFO] [60/421] Check: POCOHUANCA (030209) -> BYPASSED
2026-06-03 16:19:21,405 [Worker 1] [INFO] [80/421] Check: TIPAN (040511) -> BYPASSED
2026-06-03 16:19:21,405 [Worker 1] [INFO] [100/421] Check: SANTA ROSA (050408) -> BYPASSED
2026-06-03 16:19:21,406 [Worker 1] [INFO] [120/421] Check: UTCO (060311) -> BYPASSED
2026-06-03 16:19:21,406 [Worker 1] [INFO] [140/421] Check: BELLAVISTA (240102) -> BYPASSED
2026-06-03 16:19:21,407 [Worker 1] [INFO] [160/421] Check: COLQUEPATA (071103) -> BYPASSED
2026-06-03 16:19:21,407 [Worker 1] [INFO] [180/421] Check: SANTO DOMINGO DE CAPILLAS (080615) -> BYPASSED
2026-06-03 16:19:21,408 [Worker 1] [INFO] [200/421] Check: YUYAPICHIS (090805) -> BYPASSED
2026-06-03 16:19:21,408 [Worker 1] [INFO] [220/421] Check: PUCARA (110124) -> BYPASSED
2026-06-03 16:19:21,409 [Worker 1] [INFO] [240/421] Check: JULCÁN (121001) -> BYPASSED
2026-06-03 16:19:21,409 [Worker 1] [INFO] [260/421] Check: PATIVILCA (140903) -> BYPASSED
2026-06-03 16:19:21,410 [Worker 1] [INFO] [280/421] Check: LA VICTORIA (140109) -> BYPASSED
2026-06-03 16:19:21,410 [Worker 1] [INFO] [300/421] Check: SAN JUAN BAUTISTA (150113) -> BYPASSED
2026-06-03 16:19:21,411 [Worker 1] [INFO] [320/421] Check: SONDOR (190304) -> BYPASSED
2026-06-03 16:19:21,411 [Worker 1] [INFO] [340/421] Check: PARATIA (200607) -> BYPASSED
2026-06-03 16:19:21,412 [Worker 1] [INFO] [360/421] Check: PICOTA (210901) -> BYPASSED
2026-06-03 16:19:21,412 [Worker 1] [INFO] [380/421] Check: RABAT (910502) -> BYPASSED
2026-06-03 16:19:21,413 [Worker 1] [INFO] [400/421] Check: ABU DABI (933702) -> BYPASSED
2026-06-03 16:19:21,413 [Worker 1] [INFO] [420/421] Check: BRISBANE (950102) -> BYPASSED
2026-06-03 16:19:21,413 [Worker 1] [INFO] [421/421] Check: AUCKLAND (950201) -> BYPASSED
2026-06-03 16:19:21,415 [Worker 1] [INFO] Atomic update finalized. Data safely committed.
