2026-06-03 15:44:52,389 [Worker 2] [INFO] Strategy: [Method 2] Bypassing exactly 100% items. Updating active counts.
2026-06-03 15:44:54,021 [Worker 2] [INFO] [1/421] Progress: BAGUA (010205) -> FETCH SUCCESS
2026-06-03 15:44:55,648 [Worker 2] [INFO] [2/421] Progress: CHISQUILLA (010304) -> FETCH SUCCESS
2026-06-03 15:44:57,294 [Worker 2] [INFO] [3/421] Progress: JAZAN (010312) -> FETCH SUCCESS
2026-06-03 15:44:59,563 [Worker 2] [INFO] [4/421] Progress: VALERA (010310) -> FETCH SUCCESS
2026-06-03 15:45:01,462 [Worker 2] [INFO] [5/421] Progress: CHETO (010104) -> FETCH SUCCESS
2026-06-03 15:45:03,195 [Worker 2] [INFO] [6/421] Progress: LA JALCA (010109) -> FETCH SUCCESS
2026-06-03 15:45:04,693 [Worker 2] [INFO] [7/421] Progress: MOLINOPAMPA (010114) -> FETCH SUCCESS
2026-06-03 15:45:06,565 [Worker 2] [INFO] [8/421] Progress: SAN ISIDRO DE MAINO (010119) -> FETCH SUCCESS
2026-06-03 15:45:09,107 [Worker 2] [INFO] [9/421] Progress: RÍO SANTIAGO (010602) -> FETCH SUCCESS
2026-06-03 15:45:09,142 [Worker 2] [WARNING] KeyboardInterrupt caught inside processing worker. Initiating emergency data flush...
2026-06-03 15:45:09,143 [Worker 2] [WARNING] Process killed externally.
2026-06-03 15:49:03,743 [Worker 2] [INFO] Strategy: [Method 2] Bypassing exactly 100% items. Updating active counts.
2026-06-03 15:49:05,716 [Worker 2] [INFO] [10/421] Progress: INGUILPATA (010406) -> FETCH SUCCESS
2026-06-03 15:49:14,967 [Worker 2] [INFO] [11/421] Progress: LUYA VIEJO (010410) -> FETCH SUCCESS
2026-06-03 15:49:16,951 [Worker 2] [INFO] [12/421] Progress: PROVIDENCIA (010423) -> FETCH SUCCESS
2026-06-03 15:49:24,086 [Worker 2] [INFO] [13/421] Progress: SANTA CATALINA (010419) -> FETCH SUCCESS
2026-06-03 15:49:24,086 [Worker 2] [WARNING] Stop signal file identified. Committing data collected so far and closing...
2026-06-03 15:49:24,087 [Worker 2] [INFO] Atomic update finalized. Data safely committed.
2026-06-03 16:01:23,105 [Worker 2] [INFO] Strategy: [Method 2] Bypassing exactly 100% items. Updating active counts.
2026-06-03 16:01:26,111 [Worker 2] [INFO] [14/421] Progress: COCHAMAL (010502) -> FETCH SUCCESS
2026-06-03 16:01:28,242 [Worker 2] [INFO] [15/421] Progress: MILPUCC (010507) -> FETCH SUCCESS
2026-06-03 16:01:30,092 [Worker 2] [INFO] [16/421] Progress: VISTA ALEGRE (010512) -> FETCH SUCCESS
2026-06-03 16:01:31,532 [Worker 2] [INFO] [17/421] Progress: JAMALCA (010705) -> FETCH SUCCESS
2026-06-03 16:01:33,732 [Worker 2] [INFO] [18/421] Progress: HUACLLAN (020205) -> FETCH SUCCESS
2026-06-03 16:01:40,388 [Worker 2] [INFO] [19/421] Progress: CHINGAS (021604) -> FETCH SUCCESS
2026-06-03 16:01:42,572 [Worker 2] [INFO] [20/421] Progress: CHACAS (021801) -> FETCH SUCCESS
2026-06-03 16:01:44,790 [Worker 2] [INFO] [21/421] Progress: CANIS (020322) -> FETCH SUCCESS
2026-06-03 16:01:46,789 [Worker 2] [INFO] [22/421] Progress: HUAYLLACAYAN (020310) -> FETCH SUCCESS
2026-06-03 16:01:55,928 [Worker 2] [INFO] [23/421] Progress: TICLLOS (020320) -> FETCH SUCCESS
2026-06-03 16:01:58,411 [Worker 2] [INFO] [24/421] Progress: CARHUAZ (020401) -> FETCH SUCCESS
2026-06-03 16:02:00,662 [Worker 2] [INFO] [25/421] Progress: TINCO (020410) -> FETCH SUCCESS
2026-06-03 16:02:03,329 [Worker 2] [INFO] [26/421] Progress: BUENA VISTA ALTA (020502) -> FETCH SUCCESS
2026-06-03 16:02:05,694 [Worker 2] [INFO] [27/421] Progress: BAMBAS (020603) -> FETCH SUCCESS
2026-06-03 16:02:07,712 [Worker 2] [INFO] [28/421] Progress: YUPAN (020607) -> FETCH SUCCESS
2026-06-03 16:02:09,652 [Worker 2] [INFO] [29/421] Progress: INDEPENDENCIA (020102) -> FETCH SUCCESS
2026-06-03 16:02:11,698 [Worker 2] [INFO] [30/421] Progress: PARIACOTO (020110) -> FETCH SUCCESS
2026-06-03 16:02:13,434 [Worker 2] [INFO] [31/421] Progress: CHAVÍN DE HUÁNTAR (020803) -> FETCH SUCCESS
2026-06-03 16:02:15,350 [Worker 2] [INFO] [32/421] Progress: HUARI (020801) -> FETCH SUCCESS
2026-06-03 16:02:17,139 [Worker 2] [INFO] [33/421] Progress: RAPAYAN (020812) -> FETCH SUCCESS
2026-06-03 16:02:19,813 [Worker 2] [INFO] [34/421] Progress: CULEBRAS (021905) -> FETCH SUCCESS
2026-06-03 16:02:21,838 [Worker 2] [INFO] [35/421] Progress: HUALLANCA (020702) -> FETCH SUCCESS
2026-06-03 16:02:24,136 [Worker 2] [INFO] [36/421] Progress: PUEBLO LIBRE (020707) -> FETCH SUCCESS
2026-06-03 16:02:26,090 [Worker 2] [INFO] [37/421] Progress: ELEAZAR GUZMÁN BARRÓN (020908) -> FETCH SUCCESS
2026-06-03 16:02:28,572 [Worker 2] [INFO] [38/421] Progress: MUSGA (020907) -> FETCH SUCCESS
2026-06-03 16:02:30,921 [Worker 2] [INFO] [39/421] Progress: COCHAS (022004) -> FETCH SUCCESS
2026-06-03 16:02:32,916 [Worker 2] [INFO] [40/421] Progress: SAN PEDRO (022009) -> FETCH SUCCESS
2026-06-03 16:02:34,818 [Worker 2] [INFO] [41/421] Progress: HUACASCHUQUE (021004) -> FETCH SUCCESS
2026-06-03 16:02:36,809 [Worker 2] [INFO] [42/421] Progress: PAMPAS (021009) -> FETCH SUCCESS
2026-06-03 16:02:38,748 [Worker 2] [INFO] [43/421] Progress: POMABAMBA (021101) -> FETCH SUCCESS
2026-06-03 16:02:41,079 [Worker 2] [INFO] [44/421] Progress: LLACLLIN (021209) -> FETCH SUCCESS
2026-06-03 16:02:43,262 [Worker 2] [INFO] [45/421] Progress: TAPACOCHA (021207) -> FETCH SUCCESS
2026-06-03 16:02:45,235 [Worker 2] [INFO] [46/421] Progress: MACATE (021303) -> FETCH SUCCESS
2026-06-03 16:02:46,741 [Worker 2] [INFO] [47/421] Progress: SANTA (021307) -> FETCH SUCCESS
2026-06-03 16:02:49,097 [Worker 2] [INFO] [48/421] Progress: HUAYLLABAMBA (021404) -> FETCH SUCCESS
2026-06-03 16:02:50,804 [Worker 2] [INFO] [49/421] Progress: SIHUAS (021401) -> FETCH SUCCESS
2026-06-03 16:02:52,956 [Worker 2] [INFO] [50/421] Progress: RANRAHIRCA (021506) -> FETCH SUCCESS
2026-06-03 16:02:55,346 [Worker 2] [INFO] [51/421] Progress: CHACOCHE (030104) -> FETCH SUCCESS
2026-06-03 16:02:57,574 [Worker 2] [INFO] [52/421] Progress: PICHIRHUA (030107) -> FETCH SUCCESS
2026-06-03 16:02:59,954 [Worker 2] [INFO] [53/421] Progress: CHIARA (030303) -> FETCH SUCCESS
2026-06-03 16:03:02,488 [Worker 2] [INFO] [54/421] Progress: KAQUIABAMBA (030319) -> FETCH SUCCESS
2026-06-03 16:03:04,847 [Worker 2] [INFO] [55/421] Progress: POMACOCHA (030314) -> FETCH SUCCESS
2026-06-03 16:03:06,588 [Worker 2] [INFO] [56/421] Progress: TALAVERA (030311) -> FETCH SUCCESS
2026-06-03 16:03:08,757 [Worker 2] [INFO] [57/421] Progress: HUAQUIRCA (030403) -> FETCH SUCCESS
2026-06-03 16:03:10,867 [Worker 2] [INFO] [58/421] Progress: CAPAYA (030202) -> FETCH SUCCESS
2026-06-03 16:03:13,137 [Worker 2] [INFO] [59/421] Progress: COTARUSE (030205) -> FETCH SUCCESS
2026-06-03 16:03:15,314 [Worker 2] [INFO] [60/421] Progress: SAN JUAN DE CHACÑA (030216) -> FETCH SUCCESS
2026-06-03 16:03:17,128 [Worker 2] [INFO] [61/421] Progress: TORAYA (030214) -> FETCH SUCCESS
2026-06-03 16:03:19,409 [Worker 2] [INFO] [62/421] Progress: COCHARCAS (030704) -> FETCH SUCCESS
2026-06-03 16:03:21,765 [Worker 2] [INFO] [63/421] Progress: ONGOY (030702) -> FETCH SUCCESS
2026-06-03 16:03:24,249 [Worker 2] [INFO] [64/421] Progress: COTABAMBAS (030503) -> FETCH SUCCESS
2026-06-03 16:03:26,523 [Worker 2] [INFO] [65/421] Progress: CHUQUIBAMBILLA (030601) -> FETCH SUCCESS
2026-06-03 16:03:28,634 [Worker 2] [INFO] [66/421] Progress: MAMARA (030604) -> FETCH SUCCESS
2026-06-03 16:03:31,001 [Worker 2] [INFO] [67/421] Progress: SANTA ROSA (030613) -> FETCH SUCCESS
2026-06-03 16:03:33,410 [Worker 2] [INFO] [68/421] Progress: AREQUIPA (040101) -> FETCH SUCCESS
2026-06-03 16:03:35,771 [Worker 2] [INFO] [69/421] Progress: JACOBO HUNTER (040127) -> FETCH SUCCESS
2026-06-03 16:03:37,951 [Worker 2] [INFO] [70/421] Progress: MOLLEBAYA (040108) -> FETCH SUCCESS
2026-06-03 16:03:40,181 [Worker 2] [INFO] [71/421] Progress: SABANDIA (040113) -> FETCH SUCCESS
2026-06-03 16:03:42,039 [Worker 2] [INFO] [72/421] Progress: SANTA RITA DE SIHUAS (040118) -> FETCH SUCCESS
2026-06-03 16:03:43,885 [Worker 2] [INFO] [73/421] Progress: YANAHUARA (040123) -> FETCH SUCCESS
2026-06-03 16:03:45,929 [Worker 2] [INFO] [74/421] Progress: MARIANO NICOLÁS VALCARCEL (040303) -> FETCH SUCCESS
2026-06-03 16:03:48,376 [Worker 2] [INFO] [75/421] Progress: SAMUEL PASTOR (040308) -> FETCH SUCCESS
2026-06-03 16:03:50,693 [Worker 2] [INFO] [76/421] Progress: CAHUACHO (040406) -> FETCH SUCCESS
2026-06-03 16:03:52,710 [Worker 2] [INFO] [77/421] Progress: JAQUI (040410) -> FETCH SUCCESS
2026-06-03 16:03:54,969 [Worker 2] [INFO] [78/421] Progress: APLAO (040501) -> FETCH SUCCESS
2026-06-03 16:03:56,889 [Worker 2] [INFO] [79/421] Progress: HUANCARQUI (040507) -> FETCH SUCCESS
2026-06-03 16:03:58,732 [Worker 2] [INFO] [80/421] Progress: UÑON (040513) -> FETCH SUCCESS
2026-06-03 16:04:00,738 [Worker 2] [INFO] [81/421] Progress: CALLALLI (040205) -> FETCH SUCCESS
2026-06-03 16:04:02,407 [Worker 2] [INFO] [82/421] Progress: HUANCA (040208) -> FETCH SUCCESS
2026-06-03 16:04:04,336 [Worker 2] [INFO] [83/421] Progress: MADRIGAL (040213) -> FETCH SUCCESS
2026-06-03 16:04:06,876 [Worker 2] [INFO] [84/421] Progress: TISCO (040217) -> FETCH SUCCESS
2026-06-03 16:04:08,720 [Worker 2] [INFO] [85/421] Progress: CHICHAS (040604) -> FETCH SUCCESS
2026-06-03 16:04:10,711 [Worker 2] [INFO] [86/421] Progress: YANAQUIHUA (040607) -> FETCH SUCCESS
2026-06-03 16:04:12,905 [Worker 2] [INFO] [87/421] Progress: MOLLENDO (040701) -> FETCH SUCCESS
2026-06-03 16:04:14,941 [Worker 2] [INFO] [88/421] Progress: HUAYNACOTAS (040804) -> FETCH SUCCESS
2026-06-03 16:04:17,516 [Worker 2] [INFO] [89/421] Progress: TAURIA (040809) -> FETCH SUCCESS
2026-06-03 16:04:19,618 [Worker 2] [INFO] [90/421] Progress: LOS MOROCHUCOS (050206) -> FETCH SUCCESS
2026-06-03 16:04:21,975 [Worker 2] [INFO] [91/421] Progress: ACOS VINCHOS (050102) -> FETCH SUCCESS
2026-06-03 16:04:24,181 [Worker 2] [INFO] [92/421] Progress: JESÚS NAZARENO (050115) -> FETCH SUCCESS
2026-06-03 16:04:26,336 [Worker 2] [INFO] [93/421] Progress: SAN JUAN BAUTISTA (050107) -> FETCH SUCCESS
2026-06-03 16:04:28,732 [Worker 2] [INFO] [94/421] Progress: CARAPO (050804) -> FETCH SUCCESS
2026-06-03 16:04:37,210 [Worker 2] [INFO] [95/421] Progress: CANAYRE (050310) -> FETCH SUCCESS
2026-06-03 16:04:45,412 [Worker 2] [INFO] [96/421] Progress: LLOCHEGUA (050309) -> FETCH SUCCESS
2026-06-03 16:04:47,881 [Worker 2] [INFO] [97/421] Progress: SIVIA (050308) -> FETCH SUCCESS
2026-06-03 16:04:49,724 [Worker 2] [INFO] [98/421] Progress: CHILCAS (050404) -> FETCH SUCCESS
2026-06-03 16:04:51,773 [Worker 2] [INFO] [99/421] Progress: PATIBAMBA (050413) -> FETCH SUCCESS
2026-06-03 16:04:53,777 [Worker 2] [INFO] [100/421] Progress: TAMBO (050406) -> FETCH SUCCESS
2026-06-03 16:04:55,463 [Worker 2] [INFO] [101/421] Progress: CHAVIÑA (050506) -> FETCH SUCCESS
2026-06-03 16:04:57,467 [Worker 2] [INFO] [102/421] Progress: LLAUTA (050514) -> FETCH SUCCESS
2026-06-03 16:04:59,535 [Worker 2] [INFO] [103/421] Progress: SAISA (050529) -> FETCH SUCCESS
2026-06-03 16:05:01,499 [Worker 2] [INFO] [104/421] Progress: SAN PEDRO DE PALCO (050531) -> FETCH SUCCESS
2026-06-03 16:05:03,210 [Worker 2] [INFO] [105/421] Progress: CORONEL CASTAÑEDA (050604) -> FETCH SUCCESS
2026-06-03 16:05:05,162 [Worker 2] [INFO] [106/421] Progress: UPAHUACHO (050616) -> FETCH SUCCESS
2026-06-03 16:05:07,256 [Worker 2] [INFO] [107/421] Progress: OYOLO (051006) -> FETCH SUCCESS
2026-06-03 16:05:09,352 [Worker 2] [INFO] [108/421] Progress: SARA SARA (051010) -> FETCH SUCCESS
2026-06-03 16:05:11,640 [Worker 2] [INFO] [109/421] Progress: MORCOLLA (051111) -> FETCH SUCCESS
2026-06-03 16:05:13,583 [Worker 2] [INFO] [110/421] Progress: SANTIAGO DE PAUCARAY (051106) -> FETCH SUCCESS
2026-06-03 16:05:15,253 [Worker 2] [INFO] [111/421] Progress: CANARIA (050704) -> FETCH SUCCESS
2026-06-03 16:05:17,578 [Worker 2] [INFO] [112/421] Progress: HUANCAPI (050701) -> FETCH SUCCESS
2026-06-03 16:05:19,215 [Worker 2] [INFO] [113/421] Progress: CARHUANCA (050904) -> FETCH SUCCESS
2026-06-03 16:05:21,197 [Worker 2] [INFO] [114/421] Progress: VILCAS HUAMÁN (050901) -> FETCH SUCCESS
2026-06-03 16:05:23,231 [Worker 2] [INFO] [115/421] Progress: SITACOCHA (060205) -> FETCH SUCCESS
2026-06-03 16:05:25,051 [Worker 2] [INFO] [116/421] Progress: ENCAÑADA (060105) -> FETCH SUCCESS
2026-06-03 16:05:27,491 [Worker 2] [INFO] [117/421] Progress: MATARA (060110) -> FETCH SUCCESS
2026-06-03 16:05:29,923 [Worker 2] [INFO] [118/421] Progress: CORTEGANA (060302) -> FETCH SUCCESS
2026-06-03 16:05:31,248 [Worker 2] [INFO] [119/421] Progress: MIGUEL IGLESIAS (060307) -> FETCH SUCCESS
2026-06-03 16:05:33,170 [Worker 2] [INFO] [120/421] Progress: ANGUÍA (060602) -> FETCH SUCCESS
2026-06-03 16:05:35,735 [Worker 2] [INFO] [121/421] Progress: CHOROPAMPA (060618) -> FETCH SUCCESS
2026-06-03 16:05:37,955 [Worker 2] [INFO] [122/421] Progress: LAJAS (060609) -> FETCH SUCCESS
2026-06-03 16:05:40,248 [Worker 2] [INFO] [123/421] Progress: QUEROCOTO (060614) -> FETCH SUCCESS
2026-06-03 16:05:42,690 [Worker 2] [INFO] [124/421] Progress: CONTUMAZA (060401) -> FETCH SUCCESS
2026-06-03 16:05:44,981 [Worker 2] [INFO] [125/421] Progress: TANTARICA (060407) -> FETCH SUCCESS
2026-06-03 16:05:47,466 [Worker 2] [INFO] [126/421] Progress: CUTERVO (060501) -> FETCH SUCCESS
2026-06-03 16:05:49,756 [Worker 2] [INFO] [127/421] Progress: SAN JUAN DE CUTERVO (060509) -> FETCH SUCCESS
2026-06-03 16:05:52,099 [Worker 2] [INFO] [128/421] Progress: SOCOTA (060514) -> FETCH SUCCESS
2026-06-03 16:05:53,666 [Worker 2] [INFO] [129/421] Progress: BELLAVISTA (060802) -> FETCH SUCCESS
2026-06-03 16:05:55,763 [Worker 2] [INFO] [130/421] Progress: LAS PIRIAS (060811) -> FETCH SUCCESS
2026-06-03 16:05:58,302 [Worker 2] [INFO] [131/421] Progress: SAN JOSÉ DEL ALTO (060809) -> FETCH SUCCESS
2026-06-03 16:06:00,688 [Worker 2] [INFO] [132/421] Progress: NAMBALLE (061104) -> FETCH SUCCESS
2026-06-03 16:06:02,615 [Worker 2] [INFO] [133/421] Progress: EDUARDO VILLANUEVA (061205) -> FETCH SUCCESS
2026-06-03 16:06:05,094 [Worker 2] [INFO] [134/421] Progress: PEDRO GÁLVEZ (061201) -> FETCH SUCCESS
2026-06-03 16:06:07,364 [Worker 2] [INFO] [135/421] Progress: LA FLORIDA (061003) -> FETCH SUCCESS
2026-06-03 16:06:09,485 [Worker 2] [INFO] [136/421] Progress: SAN MIGUEL (061001) -> FETCH SUCCESS
2026-06-03 16:06:11,018 [Worker 2] [INFO] [137/421] Progress: SAN LUIS (061303) -> FETCH SUCCESS
2026-06-03 16:06:13,254 [Worker 2] [INFO] [138/421] Progress: CHANCAYBAÑOS (060903) -> FETCH SUCCESS
2026-06-03 16:06:15,742 [Worker 2] [INFO] [139/421] Progress: SAUCEPAMPA (060911) -> FETCH SUCCESS
2026-06-03 16:06:17,070 [Worker 2] [INFO] [140/421] Progress: CALLAO (240101) -> FETCH SUCCESS
2026-06-03 16:06:27,320 [Worker 2] [INFO] [141/421] Progress: VENTANILLA (240106) -> FETCH SUCCESS
2026-06-03 16:06:29,811 [Worker 2] [INFO] [142/421] Progress: POMACANCHI (070204) -> FETCH SUCCESS
2026-06-03 16:06:31,385 [Worker 2] [INFO] [143/421] Progress: CACHIMAYO (070308) -> FETCH SUCCESS
2026-06-03 16:06:32,973 [Worker 2] [INFO] [144/421] Progress: PUCYURA (070306) -> FETCH SUCCESS
2026-06-03 16:06:35,188 [Worker 2] [INFO] [145/421] Progress: LARES (070404) -> FETCH SUCCESS
2026-06-03 16:06:44,718 [Worker 2] [INFO] [146/421] Progress: CHECCA (070502) -> FETCH SUCCESS
2026-06-03 16:06:46,132 [Worker 2] [INFO] [147/421] Progress: QUEHUE (070507) -> FETCH SUCCESS
2026-06-03 16:06:47,790 [Worker 2] [INFO] [148/421] Progress: MARANGANI (070604) -> FETCH SUCCESS
2026-06-03 16:06:50,150 [Worker 2] [INFO] [149/421] Progress: TINTA (070608) -> FETCH SUCCESS
2026-06-03 16:06:57,541 [Worker 2] [INFO] [150/421] Progress: LLUSCO (070706) -> FETCH SUCCESS
2026-06-03 16:06:59,171 [Worker 2] [INFO] [151/421] Progress: CUSCO (070101) -> FETCH SUCCESS
2026-06-03 16:07:01,275 [Worker 2] [INFO] [152/421] Progress: SAYLLA (070107) -> FETCH SUCCESS
2026-06-03 16:07:02,657 [Worker 2] [INFO] [153/421] Progress: ESPINAR (070801) -> FETCH SUCCESS
2026-06-03 16:07:04,480 [Worker 2] [INFO] [154/421] Progress: CIELO PUNCO (070917) -> FETCH SUCCESS
2026-06-03 16:07:06,175 [Worker 2] [INFO] [155/421] Progress: KUMPIRUSHIATO (070916) -> FETCH SUCCESS
2026-06-03 16:07:08,803 [Worker 2] [INFO] [156/421] Progress: PICHARI (070910) -> FETCH SUCCESS
2026-06-03 16:07:10,546 [Worker 2] [INFO] [157/421] Progress: VILCABAMBA (070907) -> FETCH SUCCESS
2026-06-03 16:07:12,731 [Worker 2] [INFO] [158/421] Progress: COLCHA (071004) -> FETCH SUCCESS
2026-06-03 16:07:15,196 [Worker 2] [INFO] [159/421] Progress: PILLPINTO (071009) -> FETCH SUCCESS
2026-06-03 16:07:17,062 [Worker 2] [INFO] [160/421] Progress: HUANCARANI (071106) -> FETCH SUCCESS
2026-06-03 16:07:19,054 [Worker 2] [INFO] [161/421] Progress: CCARHUAYO (071204) -> FETCH SUCCESS
2026-06-03 16:07:21,156 [Worker 2] [INFO] [162/421] Progress: MARCAPATA (071209) -> FETCH SUCCESS
2026-06-03 16:07:22,887 [Worker 2] [INFO] [163/421] Progress: CHINCHERO (071302) -> FETCH SUCCESS
2026-06-03 16:07:25,132 [Worker 2] [INFO] [164/421] Progress: URUBAMBA (071301) -> FETCH SUCCESS
2026-06-03 16:07:27,214 [Worker 2] [INFO] [165/421] Progress: CAJA (080204) -> FETCH SUCCESS
2026-06-03 16:07:29,576 [Worker 2] [INFO] [166/421] Progress: ANCHONGA (080302) -> FETCH SUCCESS
2026-06-03 16:07:31,665 [Worker 2] [INFO] [167/421] Progress: HUALLAY - GRANDE (080306) -> FETCH SUCCESS
2026-06-03 16:07:34,039 [Worker 2] [INFO] [168/421] Progress: SANTO TOMÁS DE PATA (080310) -> FETCH SUCCESS
2026-06-03 16:07:36,372 [Worker 2] [INFO] [169/421] Progress: CASTROVIRREYNA (080401) -> FETCH SUCCESS
2026-06-03 16:07:38,141 [Worker 2] [INFO] [170/421] Progress: MOLLEPAMPA (080414) -> FETCH SUCCESS
2026-06-03 16:07:40,552 [Worker 2] [INFO] [171/421] Progress: ANCO (080702) -> FETCH SUCCESS
2026-06-03 16:07:42,818 [Worker 2] [INFO] [172/421] Progress: LA MERCED (080705) -> FETCH SUCCESS
2026-06-03 16:07:45,243 [Worker 2] [INFO] [173/421] Progress: SAN PEDRO DE CORIS (080709) -> FETCH SUCCESS
2026-06-03 16:07:47,899 [Worker 2] [INFO] [174/421] Progress: CUENCA (080105) -> FETCH SUCCESS
2026-06-03 16:07:50,563 [Worker 2] [INFO] [175/421] Progress: IZCUCHACA (080109) -> FETCH SUCCESS
2026-06-03 16:07:52,863 [Worker 2] [INFO] [176/421] Progress: NUEVO OCCORO (080114) -> FETCH SUCCESS
2026-06-03 16:07:54,453 [Worker 2] [INFO] [177/421] Progress: AYAVI (080601) -> FETCH SUCCESS
2026-06-03 16:07:56,297 [Worker 2] [INFO] [178/421] Progress: OCOYO (080606) -> FETCH SUCCESS
2026-06-03 16:07:57,896 [Worker 2] [INFO] [179/421] Progress: SAN FRANCISCO DE SANGAYAICO (080611) -> FETCH SUCCESS
2026-06-03 16:07:59,937 [Worker 2] [INFO] [180/421] Progress: TAMBO (080616) -> FETCH SUCCESS
2026-06-03 16:08:01,681 [Worker 2] [INFO] [181/421] Progress: COCHABAMBA (080534) -> FETCH SUCCESS
2026-06-03 16:08:03,958 [Worker 2] [INFO] [182/421] Progress: LAMBRAS (080533) -> FETCH SUCCESS
2026-06-03 16:08:05,334 [Worker 2] [INFO] [183/421] Progress: QUICHUAS (080528) -> FETCH SUCCESS
2026-06-03 16:08:07,253 [Worker 2] [INFO] [184/421] Progress: SAN MARCOS DE ROCCHAC (080520) -> FETCH SUCCESS
2026-06-03 16:08:09,104 [Worker 2] [INFO] [185/421] Progress: CAYNA (090202) -> FETCH SUCCESS
2026-06-03 16:08:11,443 [Worker 2] [INFO] [186/421] Progress: SAN RAFAEL (090207) -> FETCH SUCCESS
2026-06-03 16:08:13,791 [Worker 2] [INFO] [187/421] Progress: PACHAS (090314) -> FETCH SUCCESS
2026-06-03 16:08:15,957 [Worker 2] [INFO] [188/421] Progress: YANAS (090323) -> FETCH SUCCESS
2026-06-03 16:08:18,652 [Worker 2] [INFO] [189/421] Progress: ARANCAY (090402) -> FETCH SUCCESS
2026-06-03 16:08:20,360 [Worker 2] [INFO] [190/421] Progress: MIRAFLORES (090406) -> FETCH SUCCESS
2026-06-03 16:08:22,613 [Worker 2] [INFO] [191/421] Progress: TANTAMAYO (090411) -> FETCH SUCCESS
2026-06-03 16:08:24,263 [Worker 2] [INFO] [192/421] Progress: MARGOS (090104) -> FETCH SUCCESS
2026-06-03 16:08:26,369 [Worker 2] [INFO] [193/421] Progress: SAN PEDRO DE CHAULÁN (090107) -> FETCH SUCCESS
2026-06-03 16:08:28,544 [Worker 2] [INFO] [194/421] Progress: JESÚS (091001) -> FETCH SUCCESS
2026-06-03 16:08:30,742 [Worker 2] [INFO] [195/421] Progress: SAN MIGUEL DE CAURI (091005) -> FETCH SUCCESS
2026-06-03 16:08:32,854 [Worker 2] [INFO] [196/421] Progress: LUYANDO (090604) -> FETCH SUCCESS
2026-06-03 16:08:35,208 [Worker 2] [INFO] [197/421] Progress: SANTO DOMINGO DE ANDA (090610) -> FETCH SUCCESS
2026-06-03 16:08:36,759 [Worker 2] [INFO] [198/421] Progress: SANTA ROSA DE ALTO YANAJANCA (090507) -> FETCH SUCCESS
2026-06-03 16:08:38,868 [Worker 2] [INFO] [199/421] Progress: CODO DEL POZUZO (090803) -> FETCH SUCCESS
2026-06-03 16:08:41,147 [Worker 2] [INFO] [200/421] Progress: APARICIO POMARES (091102) -> FETCH SUCCESS
2026-06-03 16:08:43,509 [Worker 2] [INFO] [201/421] Progress: JACAS CHICO (091105) -> FETCH SUCCESS
2026-06-03 16:08:45,003 [Worker 2] [INFO] [202/421] Progress: CHINCHA ALTA (100201) -> FETCH SUCCESS
2026-06-03 16:08:46,676 [Worker 2] [INFO] [203/421] Progress: SAN JUAN DE YANAC (100211) -> FETCH SUCCESS
2026-06-03 16:08:49,336 [Worker 2] [INFO] [204/421] Progress: LA TINGUIÑA (100102) -> FETCH SUCCESS
2026-06-03 16:08:51,171 [Worker 2] [INFO] [205/421] Progress: PUEBLO NUEVO (100105) -> FETCH SUCCESS
2026-06-03 16:08:53,537 [Worker 2] [INFO] [206/421] Progress: SUBTANJALLA (100110) -> FETCH SUCCESS
2026-06-03 16:08:55,236 [Worker 2] [INFO] [207/421] Progress: MARCONA (100304) -> FETCH SUCCESS
2026-06-03 16:08:57,019 [Worker 2] [INFO] [208/421] Progress: RÍO GRANDE (100503) -> FETCH SUCCESS
2026-06-03 16:08:58,928 [Worker 2] [INFO] [209/421] Progress: INDEPENDENCIA (100404) -> FETCH SUCCESS
2026-06-03 16:09:00,980 [Worker 2] [INFO] [210/421] Progress: TUPAC AMARU INCA (100408) -> FETCH SUCCESS
2026-06-03 16:09:10,944 [Worker 2] [INFO] [211/421] Progress: SAN RAMÓN (110802) -> FETCH SUCCESS
2026-06-03 16:09:17,606 [Worker 2] [INFO] [212/421] Progress: HUACHAC (110904) -> FETCH SUCCESS
2026-06-03 16:09:20,045 [Worker 2] [INFO] [213/421] Progress: YANACANCHA (110909) -> FETCH SUCCESS
2026-06-03 16:09:21,708 [Worker 2] [INFO] [214/421] Progress: COMAS (110204) -> FETCH SUCCESS
2026-06-03 16:09:23,642 [Worker 2] [INFO] [215/421] Progress: MATAHUASI (110210) -> FETCH SUCCESS
2026-06-03 16:09:25,507 [Worker 2] [INFO] [216/421] Progress: SANTA ROSA DE OCOPA (110214) -> FETCH SUCCESS
2026-06-03 16:09:28,030 [Worker 2] [INFO] [217/421] Progress: CHONGOS ALTO (110109) -> FETCH SUCCESS
2026-06-03 16:09:29,938 [Worker 2] [INFO] [218/421] Progress: HUACRAPUQUIO (110114) -> FETCH SUCCESS
2026-06-03 16:09:31,836 [Worker 2] [INFO] [219/421] Progress: HUAYUCACHI (110120) -> FETCH SUCCESS
2026-06-03 16:09:34,531 [Worker 2] [INFO] [220/421] Progress: QUICHUAY (110125) -> FETCH SUCCESS
2026-06-03 16:09:36,845 [Worker 2] [INFO] [221/421] Progress: SAÑO (110132) -> FETCH SUCCESS
2026-06-03 16:09:39,106 [Worker 2] [INFO] [222/421] Progress: APATA (110303) -> FETCH SUCCESS
2026-06-03 16:09:41,358 [Worker 2] [INFO] [223/421] Progress: HUAMALÍ (110307) -> FETCH SUCCESS
2026-06-03 16:09:49,551 [Worker 2] [INFO] [224/421] Progress: JULCÁN (110311) -> FETCH SUCCESS
2026-06-03 16:09:51,563 [Worker 2] [INFO] [225/421] Progress: MASMA CHICCHE (110332) -> FETCH SUCCESS
2026-06-03 16:09:53,636 [Worker 2] [INFO] [226/421] Progress: PACA (110320) -> FETCH SUCCESS
2026-06-03 16:09:56,205 [Worker 2] [INFO] [227/421] Progress: RICRAN (110325) -> FETCH SUCCESS
2026-06-03 16:09:58,666 [Worker 2] [INFO] [228/421] Progress: TUNAN MARCA (110329) -> FETCH SUCCESS
2026-06-03 16:10:01,022 [Worker 2] [INFO] [229/421] Progress: ONDORES (110403) -> FETCH SUCCESS
2026-06-03 16:10:03,177 [Worker 2] [INFO] [230/421] Progress: PAMPA HERMOSA (110705) -> FETCH SUCCESS
2026-06-03 16:10:05,114 [Worker 2] [INFO] [231/421] Progress: VIZCATÁN DEL ENE (110709) -> FETCH SUCCESS
2026-06-03 16:10:07,021 [Worker 2] [INFO] [232/421] Progress: PALCA (110506) -> FETCH SUCCESS
2026-06-03 16:10:13,782 [Worker 2] [INFO] [233/421] Progress: CHACAPALPA (110602) -> FETCH SUCCESS
2026-06-03 16:10:15,416 [Worker 2] [INFO] [234/421] Progress: PACCHA (110606) -> FETCH SUCCESS
2026-06-03 16:10:18,037 [Worker 2] [INFO] [235/421] Progress: ASCOPE (120801) -> FETCH SUCCESS
2026-06-03 16:10:19,982 [Worker 2] [INFO] [236/421] Progress: PAIJÁN (120806) -> FETCH SUCCESS
2026-06-03 16:10:21,604 [Worker 2] [INFO] [237/421] Progress: CONDORMARCA (120203) -> FETCH SUCCESS
2026-06-03 16:10:23,653 [Worker 2] [INFO] [238/421] Progress: PACANGA (120902) -> FETCH SUCCESS
2026-06-03 16:10:25,320 [Worker 2] [INFO] [239/421] Progress: SAYAPULLO (121104) -> FETCH SUCCESS
2026-06-03 16:10:27,632 [Worker 2] [INFO] [240/421] Progress: AGALLPAMPA (120402) -> FETCH SUCCESS
2026-06-03 16:10:29,900 [Worker 2] [INFO] [241/421] Progress: OTUZCO (120401) -> FETCH SUCCESS
2026-06-03 16:10:32,050 [Worker 2] [INFO] [242/421] Progress: GUADALUPE (120503) -> FETCH SUCCESS
2026-06-03 16:10:34,305 [Worker 2] [INFO] [243/421] Progress: BULDIBUYO (120602) -> FETCH SUCCESS
2026-06-03 16:10:36,654 [Worker 2] [INFO] [244/421] Progress: ONGON (120607) -> FETCH SUCCESS
2026-06-03 16:10:38,884 [Worker 2] [INFO] [245/421] Progress: TAURIJA (120611) -> FETCH SUCCESS
2026-06-03 16:10:41,173 [Worker 2] [INFO] [246/421] Progress: CURGOS (120303) -> FETCH SUCCESS
2026-06-03 16:10:43,856 [Worker 2] [INFO] [247/421] Progress: SARTIMBAMBA (120308) -> FETCH SUCCESS
2026-06-03 16:10:45,878 [Worker 2] [INFO] [248/421] Progress: QUIRUVILCA (120705) -> FETCH SUCCESS
2026-06-03 16:10:47,918 [Worker 2] [INFO] [249/421] Progress: EL PORVENIR (120110) -> FETCH SUCCESS
2026-06-03 16:10:50,595 [Worker 2] [INFO] [250/421] Progress: MOCHE (120104) -> FETCH SUCCESS
2026-06-03 16:10:52,049 [Worker 2] [INFO] [251/421] Progress: VÍCTOR LARCO HERRERA (120107) -> FETCH SUCCESS
2026-06-03 16:10:54,176 [Worker 2] [INFO] [252/421] Progress: CHICLAYO (130101) -> FETCH SUCCESS
2026-06-03 16:10:56,344 [Worker 2] [INFO] [253/421] Progress: LAGUNAS (130105) -> FETCH SUCCESS
2026-06-03 16:10:58,490 [Worker 2] [INFO] [254/421] Progress: PÁTAPO (130117) -> FETCH SUCCESS
2026-06-03 16:11:00,492 [Worker 2] [INFO] [255/421] Progress: REQUE (130111) -> FETCH SUCCESS
2026-06-03 16:11:02,405 [Worker 2] [INFO] [256/421] Progress: FERREÑAFE (130201) -> FETCH SUCCESS
2026-06-03 16:11:04,511 [Worker 2] [INFO] [257/421] Progress: CHOCHOPE (130302) -> FETCH SUCCESS
2026-06-03 16:11:06,024 [Worker 2] [INFO] [258/421] Progress: MÓRROPE (130306) -> FETCH SUCCESS
2026-06-03 16:11:08,034 [Worker 2] [INFO] [259/421] Progress: SAN JOSÉ (130311) -> FETCH SUCCESS
2026-06-03 16:11:10,408 [Worker 2] [INFO] [260/421] Progress: SUPE (140904) -> FETCH SUCCESS
2026-06-03 16:11:12,593 [Worker 2] [INFO] [261/421] Progress: HUANCAPON (140207) -> FETCH SUCCESS
2026-06-03 16:11:15,002 [Worker 2] [INFO] [262/421] Progress: HUAROS (140304) -> FETCH SUCCESS
2026-06-03 16:11:16,818 [Worker 2] [INFO] [263/421] Progress: CALANGO (140402) -> FETCH SUCCESS
2026-06-03 16:11:19,573 [Worker 2] [INFO] [264/421] Progress: LUNAHUANA (140407) -> FETCH SUCCESS
2026-06-03 16:11:22,129 [Worker 2] [INFO] [265/421] Progress: SAN ANTONIO (140412) -> FETCH SUCCESS
2026-06-03 16:11:24,270 [Worker 2] [INFO] [266/421] Progress: ATAVILLOS ALTO (140802) -> FETCH SUCCESS
2026-06-03 16:11:26,552 [Worker 2] [INFO] [267/421] Progress: IHUARI (140806) -> FETCH SUCCESS
2026-06-03 16:11:28,469 [Worker 2] [INFO] [268/421] Progress: SUMBILCA (140812) -> FETCH SUCCESS
2026-06-03 16:11:31,298 [Worker 2] [INFO] [269/421] Progress: CHICLA (140607) -> FETCH SUCCESS
2026-06-03 16:11:33,332 [Worker 2] [INFO] [270/421] Progress: LAHUAYTAMBO (140610) -> FETCH SUCCESS
2026-06-03 16:11:35,546 [Worker 2] [INFO] [271/421] Progress: SAN ANDRÉS DE TUPICOCHA (140614) -> FETCH SUCCESS
2026-06-03 16:11:37,172 [Worker 2] [INFO] [272/421] Progress: SAN JUAN DE IRIS (140632) -> FETCH SUCCESS
2026-06-03 16:11:39,324 [Worker 2] [INFO] [273/421] Progress: SAN PEDRO DE CASTA (140605) -> FETCH SUCCESS
2026-06-03 16:11:41,473 [Worker 2] [INFO] [274/421] Progress: SANTIAGO DE ANCHUCAYA (140626) -> FETCH SUCCESS
2026-06-03 16:11:44,188 [Worker 2] [INFO] [275/421] Progress: CALETA DE CARQUIN (140504) -> FETCH SUCCESS
2026-06-03 16:11:46,388 [Worker 2] [INFO] [276/421] Progress: LEONCIO PRADO (140508) -> FETCH SUCCESS
2026-06-03 16:11:48,183 [Worker 2] [INFO] [277/421] Progress: VEGUETA (140516) -> FETCH SUCCESS
2026-06-03 16:11:50,220 [Worker 2] [INFO] [278/421] Progress: CARABAYLLO (140105) -> FETCH SUCCESS
2026-06-03 16:11:52,193 [Worker 2] [INFO] [279/421] Progress: EL AGUSTINO (140135) -> FETCH SUCCESS
2026-06-03 16:11:53,695 [Worker 2] [INFO] [280/421] Progress: LIMA (140101) -> FETCH SUCCESS
2026-06-03 16:11:55,761 [Worker 2] [INFO] [281/421] Progress: MAGDALENA DEL MAR (140114) -> FETCH SUCCESS
2026-06-03 16:11:57,146 [Worker 2] [INFO] [282/421] Progress: PUENTE PIEDRA (140119) -> FETCH SUCCESS
2026-06-03 16:11:59,292 [Worker 2] [INFO] [283/421] Progress: SAN BORJA (140140) -> FETCH SUCCESS
2026-06-03 16:12:01,283 [Worker 2] [INFO] [284/421] Progress: SAN MARTÍN DE PORRES (140126) -> FETCH SUCCESS
2026-06-03 16:12:02,670 [Worker 2] [INFO] [285/421] Progress: SANTIAGO DE SURCO (140130) -> FETCH SUCCESS
2026-06-03 16:12:04,425 [Worker 2] [INFO] [286/421] Progress: CAUJUL (141003) -> FETCH SUCCESS
2026-06-03 16:12:06,431 [Worker 2] [INFO] [287/421] Progress: ALIS (140702) -> FETCH SUCCESS
2026-06-03 16:12:08,098 [Worker 2] [INFO] [288/421] Progress: CARANIA (140707) -> FETCH SUCCESS
2026-06-03 16:12:10,740 [Worker 2] [INFO] [289/421] Progress: HONGOS (140730) -> FETCH SUCCESS
2026-06-03 16:12:12,760 [Worker 2] [INFO] [290/421] Progress: HUAÑEC (140715) -> FETCH SUCCESS
2026-06-03 16:12:14,483 [Worker 2] [INFO] [291/421] Progress: OMAS (140719) -> FETCH SUCCESS
2026-06-03 16:12:16,601 [Worker 2] [INFO] [292/421] Progress: SAN PEDRO DE PILAS (140723) -> FETCH SUCCESS
2026-06-03 16:12:18,751 [Worker 2] [INFO] [293/421] Progress: VIÑAC (140728) -> FETCH SUCCESS
2026-06-03 16:12:20,743 [Worker 2] [INFO] [294/421] Progress: LAGUNAS (150206) -> FETCH SUCCESS
2026-06-03 16:12:22,881 [Worker 2] [INFO] [295/421] Progress: BARRANCA (150701) -> FETCH SUCCESS
2026-06-03 16:12:25,199 [Worker 2] [INFO] [296/421] Progress: NAUTA (150301) -> FETCH SUCCESS
2026-06-03 16:12:26,839 [Worker 2] [INFO] [297/421] Progress: PEBAS (150602) -> FETCH SUCCESS
2026-06-03 16:12:28,987 [Worker 2] [INFO] [298/421] Progress: ALTO NANAY (150102) -> FETCH SUCCESS
2026-06-03 16:12:31,037 [Worker 2] [INFO] [299/421] Progress: LAS AMAZONAS (150104) -> FETCH SUCCESS
2026-06-03 16:12:33,063 [Worker 2] [INFO] [300/421] Progress: TORRES CAUSANA (150108) -> FETCH SUCCESS
2026-06-03 16:12:35,385 [Worker 2] [INFO] [301/421] Progress: ALTO TAPICHE (150402) -> FETCH SUCCESS
2026-06-03 16:12:38,204 [Worker 2] [INFO] [302/421] Progress: PUINAHUA (150406) -> FETCH SUCCESS
2026-06-03 16:12:39,463 [Worker 2] [INFO] [303/421] Progress: YAQUERANA (150411) -> FETCH SUCCESS
2026-06-03 16:12:41,081 [Worker 2] [INFO] [304/421] Progress: SARAYACU (150505) -> FETCH SUCCESS
2026-06-03 16:12:43,090 [Worker 2] [INFO] [305/421] Progress: MANÚ (160201) -> FETCH SUCCESS
2026-06-03 16:12:44,684 [Worker 2] [INFO] [306/421] Progress: LABERINTO (160104) -> FETCH SUCCESS
2026-06-03 16:12:46,826 [Worker 2] [INFO] [307/421] Progress: ICHUÑA (170204) -> FETCH SUCCESS
2026-06-03 16:12:48,545 [Worker 2] [INFO] [308/421] Progress: PUQUINA (170208) -> FETCH SUCCESS
2026-06-03 16:12:50,590 [Worker 2] [INFO] [309/421] Progress: ILO (170301) -> FETCH SUCCESS
2026-06-03 16:12:52,493 [Worker 2] [INFO] [310/421] Progress: SAMEGUA (170106) -> FETCH SUCCESS
2026-06-03 16:12:54,658 [Worker 2] [INFO] [311/421] Progress: GOYLLARISQUIZGA (180203) -> FETCH SUCCESS
2026-06-03 16:12:56,462 [Worker 2] [INFO] [312/421] Progress: VILCABAMBA (180208) -> FETCH SUCCESS
2026-06-03 16:12:58,893 [Worker 2] [INFO] [313/421] Progress: OXAPAMPA (180301) -> FETCH SUCCESS
2026-06-03 16:13:01,075 [Worker 2] [INFO] [314/421] Progress: CHAUPIMARCA (180101) -> FETCH SUCCESS
2026-06-03 16:13:03,293 [Worker 2] [INFO] [315/421] Progress: PALLANCHACRA (180107) -> FETCH SUCCESS
2026-06-03 16:13:05,375 [Worker 2] [INFO] [316/421] Progress: TINYAHUARCO (180112) -> FETCH SUCCESS
2026-06-03 16:13:12,487 [Worker 2] [INFO] [317/421] Progress: JILILÍ (190209) -> FETCH SUCCESS
2026-06-03 16:13:14,106 [Worker 2] [INFO] [318/421] Progress: SAPILLICA (190206) -> FETCH SUCCESS
2026-06-03 16:13:16,295 [Worker 2] [INFO] [319/421] Progress: HUANCABAMBA (190301) -> FETCH SUCCESS
2026-06-03 16:13:18,337 [Worker 2] [INFO] [320/421] Progress: SONDORILLO (190305) -> FETCH SUCCESS
2026-06-03 16:13:20,795 [Worker 2] [INFO] [321/421] Progress: MORROPÓN (190404) -> FETCH SUCCESS
2026-06-03 16:13:23,140 [Worker 2] [INFO] [322/421] Progress: YAMANGO (190409) -> FETCH SUCCESS
2026-06-03 16:13:25,226 [Worker 2] [INFO] [323/421] Progress: PAITA (190501) -> FETCH SUCCESS
2026-06-03 16:13:27,738 [Worker 2] [INFO] [324/421] Progress: CURA MORI (190113) -> FETCH SUCCESS
2026-06-03 16:13:30,015 [Worker 2] [INFO] [325/421] Progress: PIURA (190101) -> FETCH SUCCESS
2026-06-03 16:13:31,616 [Worker 2] [INFO] [326/421] Progress: CRISTO NOS VALGA (190805) -> FETCH SUCCESS
2026-06-03 16:13:33,907 [Worker 2] [INFO] [327/421] Progress: IGNACIO ESCUDERO (190608) -> FETCH SUCCESS
2026-06-03 16:13:35,516 [Worker 2] [INFO] [328/421] Progress: SALITRAL (190607) -> FETCH SUCCESS
2026-06-03 16:13:37,647 [Worker 2] [INFO] [329/421] Progress: LOS ÓRGANOS (190706) -> FETCH SUCCESS
2026-06-03 16:13:39,348 [Worker 2] [INFO] [330/421] Progress: ASILLO (200204) -> FETCH SUCCESS
2026-06-03 16:13:41,108 [Worker 2] [INFO] [331/421] Progress: MUÑANI (200208) -> FETCH SUCCESS
2026-06-03 16:13:43,195 [Worker 2] [INFO] [332/421] Progress: SAN JUAN DE SALINAS (200215) -> FETCH SUCCESS
2026-06-03 16:13:45,212 [Worker 2] [INFO] [333/421] Progress: COASA (200304) -> FETCH SUCCESS
2026-06-03 16:13:47,319 [Worker 2] [INFO] [334/421] Progress: OLLACHEA (200308) -> FETCH SUCCESS
2026-06-03 16:13:49,465 [Worker 2] [INFO] [335/421] Progress: JULI (200401) -> FETCH SUCCESS
2026-06-03 16:13:52,013 [Worker 2] [INFO] [336/421] Progress: CAPASO (201204) -> FETCH SUCCESS
2026-06-03 16:13:54,110 [Worker 2] [INFO] [337/421] Progress: COJATA (200502) -> FETCH SUCCESS
2026-06-03 16:13:55,393 [Worker 2] [INFO] [338/421] Progress: ROSASPATA (200507) -> FETCH SUCCESS
2026-06-03 16:13:57,691 [Worker 2] [INFO] [339/421] Progress: LAMPA (200601) -> FETCH SUCCESS
2026-06-03 16:13:59,984 [Worker 2] [INFO] [340/421] Progress: PUCARA (200608) -> FETCH SUCCESS
2026-06-03 16:14:09,382 [Worker 2] [INFO] [341/421] Progress: CUPI (200703) -> FETCH SUCCESS
2026-06-03 16:14:11,828 [Worker 2] [INFO] [342/421] Progress: SANTA ROSA (200708) -> FETCH SUCCESS
2026-06-03 16:14:13,956 [Worker 2] [INFO] [343/421] Progress: TILALI (201303) -> FETCH SUCCESS
2026-06-03 16:14:16,011 [Worker 2] [INFO] [344/421] Progress: CHUCUITO (200106) -> FETCH SUCCESS
2026-06-03 16:14:18,265 [Worker 2] [INFO] [345/421] Progress: PICHACANI (200110) -> FETCH SUCCESS
2026-06-03 16:14:19,681 [Worker 2] [INFO] [346/421] Progress: VILQUE (200113) -> FETCH SUCCESS
2026-06-03 16:14:21,633 [Worker 2] [INFO] [347/421] Progress: SINA (201105) -> FETCH SUCCESS
2026-06-03 16:14:24,353 [Worker 2] [INFO] [348/421] Progress: PHARA (200805) -> FETCH SUCCESS
2026-06-03 16:14:26,252 [Worker 2] [INFO] [349/421] Progress: YANAHUAYA (200810) -> FETCH SUCCESS
2026-06-03 16:14:27,986 [Worker 2] [INFO] [350/421] Progress: SAN MIGUEL (200905) -> FETCH SUCCESS
2026-06-03 16:14:30,536 [Worker 2] [INFO] [351/421] Progress: TINICACHI (201007) -> FETCH SUCCESS
2026-06-03 16:14:32,830 [Worker 2] [INFO] [352/421] Progress: BELLAVISTA (210701) -> FETCH SUCCESS
2026-06-03 16:14:34,417 [Worker 2] [INFO] [353/421] Progress: SAN JOSÉ DE SISA (211001) -> FETCH SUCCESS
2026-06-03 16:14:35,738 [Worker 2] [INFO] [354/421] Progress: EL ESLABÓN (210206) -> FETCH SUCCESS
2026-06-03 16:14:37,966 [Worker 2] [INFO] [355/421] Progress: ALONSO DE ALVARADO (210315) -> FETCH SUCCESS
2026-06-03 16:14:39,826 [Worker 2] [INFO] [356/421] Progress: PINTO RECODO (210306) -> FETCH SUCCESS
2026-06-03 16:14:41,902 [Worker 2] [INFO] [357/421] Progress: ZAPATERO (210314) -> FETCH SUCCESS
2026-06-03 16:14:44,264 [Worker 2] [INFO] [358/421] Progress: PAJARILLO (210405) -> FETCH SUCCESS
2026-06-03 16:14:46,160 [Worker 2] [INFO] [359/421] Progress: SORITOR (210105) -> FETCH SUCCESS
2026-06-03 16:14:47,560 [Worker 2] [INFO] [360/421] Progress: PILLUANA (210904) -> FETCH SUCCESS
2026-06-03 16:14:49,700 [Worker 2] [INFO] [361/421] Progress: TINGO DE PONASA (210908) -> FETCH SUCCESS
2026-06-03 16:14:52,142 [Worker 2] [INFO] [362/421] Progress: PARDO MIGUEL (210508) -> FETCH SUCCESS
2026-06-03 16:14:53,972 [Worker 2] [INFO] [363/421] Progress: YURACYACU (210504) -> FETCH SUCCESS
2026-06-03 16:14:56,033 [Worker 2] [INFO] [364/421] Progress: EL PORVENIR (210608) -> FETCH SUCCESS
2026-06-03 16:14:58,695 [Worker 2] [INFO] [365/421] Progress: PAPAPLAYA (210612) -> FETCH SUCCESS
2026-06-03 16:15:00,949 [Worker 2] [INFO] [366/421] Progress: NUEVO PROGRESO (210802) -> FETCH SUCCESS
2026-06-03 16:15:03,146 [Worker 2] [INFO] [367/421] Progress: UCHIZA (210805) -> FETCH SUCCESS
2026-06-03 16:15:04,671 [Worker 2] [INFO] [368/421] Progress: HUANUARA (220404) -> FETCH SUCCESS
2026-06-03 16:15:06,583 [Worker 2] [INFO] [369/421] Progress: ALTO DE LA ALIANZA (220111) -> FETCH SUCCESS
2026-06-03 16:15:08,525 [Worker 2] [INFO] [370/421] Progress: LA YARADA LOS PALOS (220114) -> FETCH SUCCESS
2026-06-03 16:15:10,138 [Worker 2] [INFO] [371/421] Progress: TACNA (220101) -> FETCH SUCCESS
2026-06-03 16:15:12,659 [Worker 2] [INFO] [372/421] Progress: SUSAPAYA (220211) -> FETCH SUCCESS
2026-06-03 16:15:14,565 [Worker 2] [INFO] [373/421] Progress: CASITAS (230202) -> FETCH SUCCESS
2026-06-03 16:15:16,926 [Worker 2] [INFO] [374/421] Progress: SAN JACINTO (230105) -> FETCH SUCCESS
2026-06-03 16:15:18,599 [Worker 2] [INFO] [375/421] Progress: PAPAYAL (230303) -> FETCH SUCCESS
2026-06-03 16:15:20,323 [Worker 2] [INFO] [376/421] Progress: YURÚA (250303) -> FETCH SUCCESS
2026-06-03 16:15:21,884 [Worker 2] [INFO] [377/421] Progress: MASISEA (250103) -> FETCH SUCCESS
2026-06-03 16:15:23,941 [Worker 2] [INFO] [378/421] Progress: CURIMANÁ (250203) -> FETCH SUCCESS
2026-06-03 16:15:26,135 [Worker 2] [INFO] [379/421] Progress: PURÚS (250401) -> FETCH SUCCESS
2026-06-03 16:15:27,789 [Worker 2] [INFO] [380/421] Progress: EL CAIRO (910302) -> FETCH SUCCESS
2026-06-03 16:15:29,929 [Worker 2] [INFO] [381/421] Progress: CÓRDOBA (920203) -> FETCH SUCCESS
2026-06-03 16:15:37,384 [Worker 2] [INFO] [382/421] Progress: ROSARIO DE SANTA FE (920207) -> FETCH SUCCESS
2026-06-03 16:15:39,860 [Worker 2] [INFO] [383/421] Progress: LA PAZ (920403) -> FETCH SUCCESS
2026-06-03 16:15:41,573 [Worker 2] [INFO] [384/421] Progress: FORTALEZA (920536) -> FETCH SUCCESS
2026-06-03 16:15:43,430 [Worker 2] [INFO] [385/421] Progress: RÍO DE JANEIRO (920509) -> FETCH SUCCESS
2026-06-03 16:15:52,864 [Worker 2] [INFO] [386/421] Progress: OTTAWA (920602) -> FETCH SUCCESS
2026-06-03 16:15:55,015 [Worker 2] [INFO] [387/421] Progress: ARICA (921002) -> FETCH SUCCESS
2026-06-03 16:15:57,316 [Worker 2] [INFO] [388/421] Progress: VALPARAISO (921007) -> FETCH SUCCESS
2026-06-03 16:15:59,931 [Worker 2] [INFO] [389/421] Progress: CARTAGENA (920737) -> FETCH SUCCESS
2026-06-03 16:16:01,729 [Worker 2] [INFO] [390/421] Progress: LA HABANA (920901) -> FETCH SUCCESS
2026-06-03 16:16:03,522 [Worker 2] [INFO] [391/421] Progress: QUITO (921105) -> FETCH SUCCESS
2026-06-03 16:16:05,418 [Worker 2] [INFO] [392/421] Progress: CHICAGO (921304) -> FETCH SUCCESS
2026-06-03 16:16:06,920 [Worker 2] [INFO] [393/421] Progress: LOS ÁNGELES (921315) -> FETCH SUCCESS
2026-06-03 16:16:09,249 [Worker 2] [INFO] [394/421] Progress: OKLAHOMA (921322) -> FETCH SUCCESS
2026-06-03 16:16:11,194 [Worker 2] [INFO] [395/421] Progress: SAN DIEGO (921324) -> FETCH SUCCESS
2026-06-03 16:16:13,271 [Worker 2] [INFO] [396/421] Progress: CAYENA (923001) -> FETCH SUCCESS
2026-06-03 16:16:15,702 [Worker 2] [INFO] [397/421] Progress: MANAGUA (922001) -> FETCH SUCCESS
2026-06-03 16:16:17,677 [Worker 2] [INFO] [398/421] Progress: ASUNCIÓN (922201) -> FETCH SUCCESS
2026-06-03 16:16:20,019 [Worker 2] [INFO] [399/421] Progress: MONTEVIDEO (922701) -> FETCH SUCCESS
2026-06-03 16:16:22,507 [Worker 2] [INFO] [400/421] Progress: DUBÁI (933701) -> FETCH SUCCESS
2026-06-03 16:16:25,327 [Worker 2] [INFO] [401/421] Progress: RAMLA (930603) -> FETCH SUCCESS
2026-06-03 16:16:27,562 [Worker 2] [INFO] [402/421] Progress: KOBE (930731) -> FETCH SUCCESS
2026-06-03 16:16:29,830 [Worker 2] [INFO] [403/421] Progress: SHIGA (930736) -> FETCH SUCCESS
2026-06-03 16:16:32,256 [Worker 2] [INFO] [404/421] Progress: BEIRUT (930801) -> FETCH SUCCESS
2026-06-03 16:16:34,131 [Worker 2] [INFO] [405/421] Progress: REGION ADMINISTRATIVA ESPECIAL HONG KONG (930226) -> FETCH SUCCESS
2026-06-03 16:16:36,301 [Worker 2] [INFO] [406/421] Progress: ESTAMBUL (931501) -> FETCH SUCCESS
2026-06-03 16:16:38,264 [Worker 2] [INFO] [407/421] Progress: FRANKFURT (940205) -> FETCH SUCCESS
2026-06-03 16:16:40,993 [Worker 2] [INFO] [408/421] Progress: BRUSELAS (940402) -> FETCH SUCCESS
2026-06-03 16:16:40,994 [Worker 2] [WARNING] Stop signal file identified. Committing data collected so far and closing...
2026-06-03 16:16:40,994 [Worker 2] [INFO] Atomic update finalized. Data safely committed.
2026-06-03 16:16:49,085 [Worker 2] [INFO] Strategy: [Method 2] Bypassing exactly 100% items. Updating active counts.
2026-06-03 16:16:49,086 [Worker 2] [INFO] [20/421] Check: CHACAS (021801) -> BYPASSED
2026-06-03 16:16:49,086 [Worker 2] [INFO] [40/421] Check: SAN PEDRO (022009) -> BYPASSED
2026-06-03 16:16:49,087 [Worker 2] [INFO] [60/421] Check: SAN JUAN DE CHACÑA (030216) -> BYPASSED
2026-06-03 16:16:49,087 [Worker 2] [INFO] [80/421] Check: UÑON (040513) -> BYPASSED
2026-06-03 16:16:49,088 [Worker 2] [INFO] [100/421] Check: TAMBO (050406) -> BYPASSED
2026-06-03 16:16:49,088 [Worker 2] [INFO] [120/421] Check: ANGUÍA (060602) -> BYPASSED
2026-06-03 16:16:49,089 [Worker 2] [INFO] [140/421] Check: CALLAO (240101) -> BYPASSED
2026-06-03 16:16:49,089 [Worker 2] [INFO] [160/421] Check: HUANCARANI (071106) -> BYPASSED
2026-06-03 16:16:49,090 [Worker 2] [INFO] [180/421] Check: TAMBO (080616) -> BYPASSED
2026-06-03 16:16:49,090 [Worker 2] [INFO] [200/421] Check: APARICIO POMARES (091102) -> BYPASSED
2026-06-03 16:16:49,091 [Worker 2] [INFO] [220/421] Check: QUICHUAY (110125) -> BYPASSED
2026-06-03 16:16:49,091 [Worker 2] [INFO] [240/421] Check: AGALLPAMPA (120402) -> BYPASSED
2026-06-03 16:16:49,092 [Worker 2] [INFO] [260/421] Check: SUPE (140904) -> BYPASSED
2026-06-03 16:16:49,092 [Worker 2] [INFO] [280/421] Check: LIMA (140101) -> BYPASSED
2026-06-03 16:16:49,093 [Worker 2] [INFO] [300/421] Check: TORRES CAUSANA (150108) -> BYPASSED
2026-06-03 16:16:49,093 [Worker 2] [INFO] [320/421] Check: SONDORILLO (190305) -> BYPASSED
2026-06-03 16:16:49,094 [Worker 2] [INFO] [340/421] Check: PUCARA (200608) -> BYPASSED
2026-06-03 16:16:49,094 [Worker 2] [INFO] [360/421] Check: PILLUANA (210904) -> BYPASSED
2026-06-03 16:16:49,095 [Worker 2] [INFO] [380/421] Check: EL CAIRO (910302) -> BYPASSED
2026-06-03 16:16:49,095 [Worker 2] [INFO] [400/421] Check: DUBÁI (933701) -> BYPASSED
2026-06-03 16:16:51,629 [Worker 2] [INFO] [409/421] Progress: ALMERÍA (940935) -> FETCH SUCCESS
2026-06-03 16:16:53,592 [Worker 2] [INFO] [410/421] Progress: MÁLAGA (940911) -> FETCH SUCCESS
2026-06-03 16:16:56,156 [Worker 2] [INFO] [411/421] Progress: TENERIFE (940915) -> FETCH SUCCESS
2026-06-03 16:16:57,583 [Worker 2] [INFO] [412/421] Progress: BURDEOS (941101) -> FETCH SUCCESS
2026-06-03 16:17:00,180 [Worker 2] [INFO] [413/421] Progress: PARÍS (941108) -> FETCH SUCCESS
2026-06-03 16:17:02,557 [Worker 2] [INFO] [414/421] Progress: ÁMSTERDAM (941401) -> FETCH SUCCESS
2026-06-03 16:17:04,566 [Worker 2] [INFO] [415/421] Progress: FLORENCIA (941703) -> FETCH SUCCESS
2026-06-03 16:17:06,775 [Worker 2] [INFO] [416/421] Progress: PERUGIA (941748) -> FETCH SUCCESS
2026-06-03 16:17:08,112 [Worker 2] [INFO] [417/421] Progress: LA VALETTA (942101) -> FETCH SUCCESS
2026-06-03 16:17:10,104 [Worker 2] [INFO] [418/421] Progress: PRAGA (940601) -> FETCH SUCCESS
2026-06-03 16:17:19,949 [Worker 2] [INFO] [419/421] Progress: ESTOCOLMO (942701) -> FETCH SUCCESS
2026-06-03 16:17:19,949 [Worker 2] [WARNING] Stop signal file identified. Committing data collected so far and closing...
2026-06-03 16:17:19,951 [Worker 2] [INFO] Atomic update finalized. Data safely committed.
2026-06-03 16:17:36,588 [Worker 2] [INFO] Strategy: [Method 2] Bypassing exactly 100% items. Updating active counts.
2026-06-03 16:17:36,589 [Worker 2] [INFO] [20/421] Check: CHACAS (021801) -> BYPASSED
2026-06-03 16:17:36,589 [Worker 2] [INFO] [40/421] Check: SAN PEDRO (022009) -> BYPASSED
2026-06-03 16:17:36,590 [Worker 2] [INFO] [60/421] Check: SAN JUAN DE CHACÑA (030216) -> BYPASSED
2026-06-03 16:17:36,590 [Worker 2] [INFO] [80/421] Check: UÑON (040513) -> BYPASSED
2026-06-03 16:17:36,591 [Worker 2] [INFO] [100/421] Check: TAMBO (050406) -> BYPASSED
2026-06-03 16:17:36,591 [Worker 2] [INFO] [120/421] Check: ANGUÍA (060602) -> BYPASSED
2026-06-03 16:17:36,591 [Worker 2] [INFO] [140/421] Check: CALLAO (240101) -> BYPASSED
2026-06-03 16:17:36,592 [Worker 2] [INFO] [160/421] Check: HUANCARANI (071106) -> BYPASSED
2026-06-03 16:17:36,592 [Worker 2] [INFO] [180/421] Check: TAMBO (080616) -> BYPASSED
2026-06-03 16:17:36,593 [Worker 2] [INFO] [200/421] Check: APARICIO POMARES (091102) -> BYPASSED
2026-06-03 16:17:36,593 [Worker 2] [INFO] [220/421] Check: QUICHUAY (110125) -> BYPASSED
2026-06-03 16:17:36,594 [Worker 2] [INFO] [240/421] Check: AGALLPAMPA (120402) -> BYPASSED
2026-06-03 16:17:36,594 [Worker 2] [INFO] [260/421] Check: SUPE (140904) -> BYPASSED
2026-06-03 16:17:36,595 [Worker 2] [INFO] [280/421] Check: LIMA (140101) -> BYPASSED
2026-06-03 16:17:36,595 [Worker 2] [INFO] [300/421] Check: TORRES CAUSANA (150108) -> BYPASSED
2026-06-03 16:17:36,596 [Worker 2] [INFO] [320/421] Check: SONDORILLO (190305) -> BYPASSED
2026-06-03 16:17:36,596 [Worker 2] [INFO] [340/421] Check: PUCARA (200608) -> BYPASSED
2026-06-03 16:17:36,597 [Worker 2] [INFO] [360/421] Check: PILLUANA (210904) -> BYPASSED
2026-06-03 16:17:36,597 [Worker 2] [INFO] [380/421] Check: EL CAIRO (910302) -> BYPASSED
2026-06-03 16:17:36,597 [Worker 2] [INFO] [400/421] Check: DUBÁI (933701) -> BYPASSED
2026-06-03 16:17:38,757 [Worker 2] [INFO] [420/421] Progress: CAMBERRA (950103) -> FETCH SUCCESS
2026-06-03 16:17:40,616 [Worker 2] [INFO] [421/421] Progress: WELLINGTON (950202) -> FETCH SUCCESS
2026-06-03 16:17:40,618 [Worker 2] [INFO] Atomic update finalized. Data safely committed.
2026-06-03 16:19:21,419 [Worker 2] [INFO] Strategy: [Method 1] Bypassing all safe items. Target ONLY errors.jsonl entries.
2026-06-03 16:19:21,420 [Worker 2] [INFO] [20/421] Check: CHACAS (021801) -> BYPASSED
2026-06-03 16:19:21,420 [Worker 2] [INFO] [40/421] Check: SAN PEDRO (022009) -> BYPASSED
2026-06-03 16:19:21,421 [Worker 2] [INFO] [60/421] Check: SAN JUAN DE CHACÑA (030216) -> BYPASSED
2026-06-03 16:19:21,421 [Worker 2] [INFO] [80/421] Check: UÑON (040513) -> BYPASSED
2026-06-03 16:19:21,422 [Worker 2] [INFO] [100/421] Check: TAMBO (050406) -> BYPASSED
2026-06-03 16:19:21,423 [Worker 2] [INFO] [120/421] Check: ANGUÍA (060602) -> BYPASSED
2026-06-03 16:19:21,423 [Worker 2] [INFO] [140/421] Check: CALLAO (240101) -> BYPASSED
2026-06-03 16:19:21,424 [Worker 2] [INFO] [160/421] Check: HUANCARANI (071106) -> BYPASSED
2026-06-03 16:19:21,424 [Worker 2] [INFO] [180/421] Check: TAMBO (080616) -> BYPASSED
2026-06-03 16:19:21,425 [Worker 2] [INFO] [200/421] Check: APARICIO POMARES (091102) -> BYPASSED
2026-06-03 16:19:21,425 [Worker 2] [INFO] [220/421] Check: QUICHUAY (110125) -> BYPASSED
2026-06-03 16:19:21,426 [Worker 2] [INFO] [240/421] Check: AGALLPAMPA (120402) -> BYPASSED
2026-06-03 16:19:21,426 [Worker 2] [INFO] [260/421] Check: SUPE (140904) -> BYPASSED
2026-06-03 16:19:21,427 [Worker 2] [INFO] [280/421] Check: LIMA (140101) -> BYPASSED
2026-06-03 16:19:21,427 [Worker 2] [INFO] [300/421] Check: TORRES CAUSANA (150108) -> BYPASSED
2026-06-03 16:19:21,428 [Worker 2] [INFO] [320/421] Check: SONDORILLO (190305) -> BYPASSED
2026-06-03 16:19:21,428 [Worker 2] [INFO] [340/421] Check: PUCARA (200608) -> BYPASSED
2026-06-03 16:19:21,429 [Worker 2] [INFO] [360/421] Check: PILLUANA (210904) -> BYPASSED
2026-06-03 16:19:21,429 [Worker 2] [INFO] [380/421] Check: EL CAIRO (910302) -> BYPASSED
2026-06-03 16:19:21,430 [Worker 2] [INFO] [400/421] Check: DUBÁI (933701) -> BYPASSED
2026-06-03 16:19:21,430 [Worker 2] [INFO] [420/421] Check: CAMBERRA (950103) -> BYPASSED
2026-06-03 16:19:21,430 [Worker 2] [INFO] [421/421] Check: WELLINGTON (950202) -> BYPASSED
2026-06-03 16:19:21,432 [Worker 2] [INFO] Atomic update finalized. Data safely committed.
