2026-06-09 06:13:38,599 [Worker 2] [INFO] Strategy: [Method 2] Bypassing exactly 100% items. Updating active counts.
2026-06-09 06:13:38,600 [Worker 2] [INFO] [20/421] Check: CHACAS (021801) -> BYPASSED
2026-06-09 06:13:40,949 [Worker 2] [INFO] [24/421] Progress: CARHUAZ (020401) -> FETCH SUCCESS
2026-06-09 06:13:42,881 [Worker 2] [INFO] [29/421] Progress: INDEPENDENCIA (020102) -> FETCH SUCCESS
2026-06-09 06:13:44,325 [Worker 2] [INFO] [32/421] Progress: HUARI (020801) -> FETCH SUCCESS
2026-06-09 06:13:45,613 [Worker 2] [INFO] [34/421] Progress: CULEBRAS (021905) -> FETCH SUCCESS
2026-06-09 06:13:45,613 [Worker 2] [INFO] [40/421] Check: SAN PEDRO (022009) -> BYPASSED
2026-06-09 06:13:54,888 [Worker 2] [INFO] [47/421] Progress: SANTA (021307) -> FETCH SUCCESS
2026-06-09 06:13:54,888 [Worker 2] [INFO] [60/421] Check: SAN JUAN DE CHACÑA (030216) -> BYPASSED
2026-06-09 06:13:56,554 [Worker 2] [INFO] [69/421] Progress: JACOBO HUNTER (040127) -> FETCH SUCCESS
2026-06-09 06:13:58,183 [Worker 2] [INFO] [73/421] Progress: YANAHUARA (040123) -> FETCH SUCCESS
2026-06-09 06:14:00,667 [Worker 2] [INFO] [75/421] Progress: SAMUEL PASTOR (040308) -> FETCH SUCCESS
2026-06-09 06:14:00,668 [Worker 2] [INFO] [80/421] Check: UÑON (040513) -> BYPASSED
2026-06-09 06:14:02,407 [Worker 2] [INFO] [93/421] Progress: SAN JUAN BAUTISTA (050107) -> FETCH SUCCESS
2026-06-09 06:14:04,695 [Worker 2] [INFO] [96/421] Progress: LLOCHEGUA (050309) -> FETCH SUCCESS
2026-06-09 06:14:06,663 [Worker 2] [INFO] [97/421] Progress: SIVIA (050308) -> FETCH SUCCESS
2026-06-09 06:14:06,663 [Worker 2] [INFO] [100/421] Check: TAMBO (050406) -> BYPASSED
2026-06-09 06:14:09,049 [Worker 2] [INFO] [116/421] Progress: ENCAÑADA (060105) -> FETCH SUCCESS
2026-06-09 06:14:09,049 [Worker 2] [INFO] [120/421] Check: ANGUÍA (060602) -> BYPASSED
2026-06-09 06:14:11,252 [Worker 2] [INFO] [123/421] Progress: QUEROCOTO (060614) -> FETCH SUCCESS
2026-06-09 06:14:13,317 [Worker 2] [INFO] [129/421] Progress: BELLAVISTA (060802) -> FETCH SUCCESS
2026-06-09 06:14:14,792 [Worker 2] [INFO] [131/421] Progress: SAN JOSÉ DEL ALTO (060809) -> FETCH SUCCESS
2026-06-09 06:14:16,486 [Worker 2] [INFO] [134/421] Progress: PEDRO GÁLVEZ (061201) -> FETCH SUCCESS
2026-06-09 06:14:18,872 [Worker 2] [INFO] [140/421] Progress: CALLAO (240101) -> FETCH SUCCESS
2026-06-09 06:14:20,883 [Worker 2] [INFO] [141/421] Progress: VENTANILLA (240106) -> FETCH SUCCESS
2026-06-09 06:14:22,945 [Worker 2] [INFO] [145/421] Progress: LARES (070404) -> FETCH SUCCESS
2026-06-09 06:14:25,572 [Worker 2] [INFO] [151/421] Progress: CUSCO (070101) -> FETCH SUCCESS
2026-06-09 06:14:27,840 [Worker 2] [INFO] [153/421] Progress: ESPINAR (070801) -> FETCH SUCCESS
2026-06-09 06:14:29,827 [Worker 2] [INFO] [154/421] Progress: CIELO PUNCO (070917) -> FETCH SUCCESS
2026-06-09 06:14:32,108 [Worker 2] [INFO] [155/421] Progress: KUMPIRUSHIATO (070916) -> FETCH SUCCESS
2026-06-09 06:14:34,095 [Worker 2] [INFO] [156/421] Progress: PICHARI (070910) -> FETCH SUCCESS
2026-06-09 06:14:34,096 [Worker 2] [INFO] [160/421] Check: HUANCARANI (071106) -> BYPASSED
2026-06-09 06:14:35,833 [Worker 2] [INFO] [166/421] Progress: ANCHONGA (080302) -> FETCH SUCCESS
2026-06-09 06:14:38,856 [Worker 2] [INFO] [167/421] Progress: HUALLAY - GRANDE (080306) -> FETCH SUCCESS
2026-06-09 06:14:40,960 [Worker 2] [INFO] [168/421] Progress: SANTO TOMÁS DE PATA (080310) -> FETCH SUCCESS
2026-06-09 06:14:43,330 [Worker 2] [INFO] [171/421] Progress: ANCO (080702) -> FETCH SUCCESS
2026-06-09 06:14:45,568 [Worker 2] [INFO] [173/421] Progress: SAN PEDRO DE CORIS (080709) -> FETCH SUCCESS
2026-06-09 06:14:45,568 [Worker 2] [INFO] [180/421] Check: TAMBO (080616) -> BYPASSED
2026-06-09 06:14:47,818 [Worker 2] [INFO] [192/421] Progress: MARGOS (090104) -> FETCH SUCCESS
2026-06-09 06:14:49,408 [Worker 2] [INFO] [195/421] Progress: SAN MIGUEL DE CAURI (091005) -> FETCH SUCCESS
2026-06-09 06:14:51,302 [Worker 2] [INFO] [197/421] Progress: SANTO DOMINGO DE ANDA (090610) -> FETCH SUCCESS
2026-06-09 06:14:54,012 [Worker 2] [INFO] [200/421] Progress: APARICIO POMARES (091102) -> FETCH SUCCESS
2026-06-09 06:14:56,454 [Worker 2] [INFO] [202/421] Progress: CHINCHA ALTA (100201) -> FETCH SUCCESS
2026-06-09 06:14:58,411 [Worker 2] [INFO] [211/421] Progress: SAN RAMÓN (110802) -> FETCH SUCCESS
2026-06-09 06:14:58,411 [Worker 2] [INFO] [220/421] Check: QUICHUAY (110125) -> BYPASSED
2026-06-09 06:15:00,915 [Worker 2] [INFO] [231/421] Progress: VIZCATÁN DEL ENE (110709) -> FETCH SUCCESS
2026-06-09 06:15:11,033 [Worker 2] [INFO] [236/421] Progress: PAIJÁN (120806) -> FETCH SUCCESS
2026-06-09 06:15:11,033 [Worker 2] [INFO] [240/421] Check: AGALLPAMPA (120402) -> BYPASSED
2026-06-09 06:15:13,245 [Worker 2] [INFO] [249/421] Progress: EL PORVENIR (120110) -> FETCH SUCCESS
2026-06-09 06:15:15,627 [Worker 2] [INFO] [251/421] Progress: VÍCTOR LARCO HERRERA (120107) -> FETCH SUCCESS
2026-06-09 06:15:17,887 [Worker 2] [INFO] [252/421] Progress: CHICLAYO (130101) -> FETCH SUCCESS
2026-06-09 06:15:19,837 [Worker 2] [INFO] [256/421] Progress: FERREÑAFE (130201) -> FETCH SUCCESS
2026-06-09 06:15:19,837 [Worker 2] [INFO] [260/421] Check: SUPE (140904) -> BYPASSED
2026-06-09 06:15:21,651 [Worker 2] [INFO] [275/421] Progress: CALETA DE CARQUIN (140504) -> FETCH SUCCESS
2026-06-09 06:15:23,405 [Worker 2] [INFO] [278/421] Progress: CARABAYLLO (140105) -> FETCH SUCCESS
2026-06-09 06:15:25,518 [Worker 2] [INFO] [279/421] Progress: EL AGUSTINO (140135) -> FETCH SUCCESS
2026-06-09 06:15:27,936 [Worker 2] [INFO] [280/421] Progress: LIMA (140101) -> FETCH SUCCESS
2026-06-09 06:15:30,249 [Worker 2] [INFO] [281/421] Progress: MAGDALENA DEL MAR (140114) -> FETCH SUCCESS
2026-06-09 06:15:31,887 [Worker 2] [INFO] [282/421] Progress: PUENTE PIEDRA (140119) -> FETCH SUCCESS
2026-06-09 06:15:33,991 [Worker 2] [INFO] [283/421] Progress: SAN BORJA (140140) -> FETCH SUCCESS
2026-06-09 06:15:36,566 [Worker 2] [INFO] [284/421] Progress: SAN MARTÍN DE PORRES (140126) -> FETCH SUCCESS
2026-06-09 06:15:38,616 [Worker 2] [INFO] [285/421] Progress: SANTIAGO DE SURCO (140130) -> FETCH SUCCESS
2026-06-09 06:15:40,714 [Worker 2] [INFO] [294/421] Progress: LAGUNAS (150206) -> FETCH SUCCESS
2026-06-09 06:15:42,331 [Worker 2] [INFO] [295/421] Progress: BARRANCA (150701) -> FETCH SUCCESS
2026-06-09 06:15:43,848 [Worker 2] [INFO] [296/421] Progress: NAUTA (150301) -> FETCH SUCCESS
2026-06-09 06:15:45,485 [Worker 2] [INFO] [298/421] Progress: ALTO NANAY (150102) -> FETCH SUCCESS
2026-06-09 06:15:45,485 [Worker 2] [INFO] [300/421] Check: TORRES CAUSANA (150108) -> BYPASSED
2026-06-09 06:15:47,632 [Worker 2] [INFO] [303/421] Progress: YAQUERANA (150411) -> FETCH SUCCESS
2026-06-09 06:15:54,500 [Worker 2] [INFO] [309/421] Progress: ILO (170301) -> FETCH SUCCESS
2026-06-09 06:15:56,627 [Worker 2] [INFO] [310/421] Progress: SAMEGUA (170106) -> FETCH SUCCESS
2026-06-09 06:15:58,213 [Worker 2] [INFO] [313/421] Progress: OXAPAMPA (180301) -> FETCH SUCCESS
2026-06-09 06:16:12,096 [Worker 2] [INFO] [314/421] Progress: CHAUPIMARCA (180101) -> FETCH SUCCESS
2026-06-09 06:16:12,096 [Worker 2] [INFO] [320/421] Check: SONDORILLO (190305) -> BYPASSED
2026-06-09 06:16:13,622 [Worker 2] [INFO] [323/421] Progress: PAITA (190501) -> FETCH SUCCESS
2026-06-09 06:16:16,098 [Worker 2] [INFO] [325/421] Progress: PIURA (190101) -> FETCH SUCCESS
2026-06-09 06:16:16,099 [Worker 2] [INFO] [340/421] Check: PUCARA (200608) -> BYPASSED
2026-06-09 06:16:17,923 [Worker 2] [INFO] [343/421] Progress: TILALI (201303) -> FETCH SUCCESS
2026-06-09 06:16:19,886 [Worker 2] [INFO] [350/421] Progress: SAN MIGUEL (200905) -> FETCH SUCCESS
2026-06-09 06:16:22,165 [Worker 2] [INFO] [358/421] Progress: PAJARILLO (210405) -> FETCH SUCCESS
2026-06-09 06:16:22,165 [Worker 2] [INFO] [360/421] Check: PILLUANA (210904) -> BYPASSED
2026-06-09 06:16:24,533 [Worker 2] [INFO] [362/421] Progress: PARDO MIGUEL (210508) -> FETCH SUCCESS
2026-06-09 06:16:26,876 [Worker 2] [INFO] [366/421] Progress: NUEVO PROGRESO (210802) -> FETCH SUCCESS
