2026-06-09 08:08:10,409 [Worker 1] [INFO] Strategy: [Method 2] Bypassing exactly 100% items. Updating active counts.
2026-06-09 08:08:32,332 [Worker 1] [INFO] [9/421] Progress: NIEVA (010601) -> FETCH SUCCESS
2026-06-09 08:08:33,759 [Worker 1] [INFO] [20/421] Progress: ACOCHACA (021802) -> FETCH SUCCESS
2026-06-09 08:08:35,298 [Worker 1] [INFO] [24/421] Progress: ATAQUERO (020405) -> FETCH SUCCESS
2026-06-09 08:08:37,502 [Worker 1] [INFO] [26/421] Progress: YAUYA (021702) -> FETCH SUCCESS
2026-06-09 08:08:37,502 [Worker 1] [INFO] [40/421] Check: SAN CRISTÓBAL DE RAJAN (022008) -> BYPASSED
2026-06-09 08:08:39,464 [Worker 1] [INFO] [42/421] Progress: PALLASCA (021008) -> FETCH SUCCESS
2026-06-09 08:08:41,624 [Worker 1] [INFO] [46/421] Progress: COISHCO (021308) -> FETCH SUCCESS
2026-06-09 08:08:43,545 [Worker 1] [INFO] [51/421] Progress: ABANCAY (030101) -> FETCH SUCCESS
2026-06-09 08:08:43,545 [Worker 1] [INFO] [60/421] Check: POCOHUANCA (030209) -> BYPASSED
2026-06-09 08:08:51,810 [Worker 1] [INFO] [65/421] Progress: TAMBOBAMBA (030501) -> FETCH SUCCESS
2026-06-09 08:08:54,351 [Worker 1] [INFO] [68/421] Progress: ALTO SELVA ALEGRE (040128) -> FETCH SUCCESS
2026-06-09 08:08:54,351 [Worker 1] [INFO] [80/421] Check: TIPAN (040511) -> BYPASSED
2026-06-09 08:08:56,362 [Worker 1] [INFO] [87/421] Progress: MEJÍA (040705) -> FETCH SUCCESS
2026-06-09 08:08:58,375 [Worker 1] [INFO] [92/421] Progress: CHIARA (050104) -> FETCH SUCCESS
2026-06-09 08:09:00,574 [Worker 1] [INFO] [98/421] Progress: AYNA (050403) -> FETCH SUCCESS
2026-06-09 08:09:00,575 [Worker 1] [INFO] [100/421] Check: SANTA ROSA (050408) -> BYPASSED
2026-06-09 08:09:02,824 [Worker 1] [INFO] [102/421] Progress: LEONCIO PRADO (050512) -> FETCH SUCCESS
2026-06-09 08:09:05,252 [Worker 1] [INFO] [116/421] Progress: COSPAN (060103) -> FETCH SUCCESS
2026-06-09 08:09:07,393 [Worker 1] [INFO] [117/421] Progress: MAGDALENA (060109) -> FETCH SUCCESS
2026-06-09 08:09:09,646 [Worker 1] [INFO] [119/421] Progress: LA LIBERTAD DE PALLÁN (060312) -> FETCH SUCCESS
2026-06-09 08:09:09,646 [Worker 1] [INFO] [120/421] Check: UTCO (060311) -> BYPASSED
2026-06-09 08:09:11,108 [Worker 1] [INFO] [130/421] Progress: JAÉN (060801) -> FETCH SUCCESS
2026-06-09 08:09:12,954 [Worker 1] [INFO] [132/421] Progress: LA COIPA (061105) -> FETCH SUCCESS
2026-06-09 08:09:15,586 [Worker 1] [INFO] [140/421] Progress: BELLAVISTA (240102) -> FETCH SUCCESS
2026-06-09 08:09:17,728 [Worker 1] [INFO] [141/421] Progress: MI PERÚ (240107) -> FETCH SUCCESS
2026-06-09 08:09:27,790 [Worker 1] [INFO] [143/421] Progress: ANTA (070301) -> FETCH SUCCESS
2026-06-09 08:09:29,981 [Worker 1] [INFO] [149/421] Progress: SICUANI (070601) -> FETCH SUCCESS
2026-06-09 08:09:32,073 [Worker 1] [INFO] [151/421] Progress: CCORCA (070102) -> FETCH SUCCESS
2026-06-09 08:09:33,732 [Worker 1] [INFO] [152/421] Progress: SANTIAGO (070106) -> FETCH SUCCESS
2026-06-09 08:09:35,822 [Worker 1] [INFO] [155/421] Progress: KIMBIRI (070909) -> FETCH SUCCESS
2026-06-09 08:09:41,715 [Worker 1] [INFO] [157/421] Progress: UNIÓN ASHÁNINKA (070919) -> FETCH SUCCESS
2026-06-09 08:09:43,572 [Worker 1] [INFO] [160/421] Progress: COLQUEPATA (071103) -> FETCH SUCCESS
2026-06-09 08:09:45,854 [Worker 1] [INFO] [179/421] Progress: SAN ANTONIO DE CUSICANCHA (080610) -> FETCH SUCCESS
2026-06-09 08:09:45,854 [Worker 1] [INFO] [180/421] Check: SANTO DOMINGO DE CAPILLAS (080615) -> BYPASSED
2026-06-09 08:09:48,106 [Worker 1] [INFO] [192/421] Progress: HUÁNUCO (090101) -> FETCH SUCCESS
2026-06-09 08:09:48,106 [Worker 1] [INFO] [200/421] Check: YUYAPICHIS (090805) -> BYPASSED
2026-06-09 08:09:50,098 [Worker 1] [INFO] [203/421] Progress: PUEBLO NUEVO (100210) -> FETCH SUCCESS
2026-06-09 08:09:52,386 [Worker 1] [INFO] [204/421] Progress: ICA (100101) -> FETCH SUCCESS
2026-06-09 08:09:54,562 [Worker 1] [INFO] [210/421] Progress: SAN CLEMENTE (100407) -> FETCH SUCCESS
2026-06-09 08:10:01,813 [Worker 1] [INFO] [215/421] Progress: MARISCAL CASTILLA (110209) -> FETCH SUCCESS
2026-06-09 08:10:03,467 [Worker 1] [INFO] [217/421] Progress: CHILCA (110108) -> FETCH SUCCESS
2026-06-09 08:10:11,584 [Worker 1] [INFO] [218/421] Progress: EL TAMBO (110113) -> FETCH SUCCESS
2026-06-09 08:10:11,585 [Worker 1] [INFO] [220/421] Check: PUCARA (110124) -> BYPASSED
2026-06-09 08:10:13,821 [Worker 1] [INFO] [224/421] Progress: JAUJA (110301) -> FETCH SUCCESS
2026-06-09 08:10:16,350 [Worker 1] [INFO] [230/421] Progress: MAZAMARI (110704) -> FETCH SUCCESS
2026-06-09 08:10:18,879 [Worker 1] [INFO] [231/421] Progress: SATIPO (110701) -> FETCH SUCCESS
2026-06-09 08:10:21,067 [Worker 1] [INFO] [233/421] Progress: TARMA (110501) -> FETCH SUCCESS
2026-06-09 08:10:28,460 [Worker 1] [INFO] [235/421] Progress: YAULI (110609) -> FETCH SUCCESS
2026-06-09 08:10:30,390 [Worker 1] [INFO] [238/421] Progress: CHEPÉN (120901) -> FETCH SUCCESS
2026-06-09 08:10:31,833 [Worker 1] [INFO] [239/421] Progress: MARMOT (121103) -> FETCH SUCCESS
2026-06-09 08:10:31,833 [Worker 1] [INFO] [240/421] Check: JULCÁN (121001) -> BYPASSED
2026-06-09 08:10:33,783 [Worker 1] [INFO] [243/421] Progress: SAN PEDRO DE LLOC (120501) -> FETCH SUCCESS
2026-06-09 08:10:35,926 [Worker 1] [INFO] [249/421] Progress: ALTO TRUJILLO (120113) -> FETCH SUCCESS
2026-06-09 08:10:37,480 [Worker 1] [INFO] [250/421] Progress: LAREDO (120103) -> FETCH SUCCESS
2026-06-09 08:10:39,324 [Worker 1] [INFO] [251/421] Progress: TRUJILLO (120101) -> FETCH SUCCESS
2026-06-09 08:10:41,012 [Worker 1] [INFO] [260/421] Progress: PATIVILCA (140903) -> FETCH SUCCESS
2026-06-09 08:10:42,835 [Worker 1] [INFO] [263/421] Progress: ASIA (140416) -> FETCH SUCCESS
2026-06-09 08:10:44,680 [Worker 1] [INFO] [264/421] Progress: IMPERIAL (140406) -> FETCH SUCCESS
2026-06-09 08:10:46,398 [Worker 1] [INFO] [267/421] Progress: HUARAL (140801) -> FETCH SUCCESS
2026-06-09 08:10:48,118 [Worker 1] [INFO] [276/421] Progress: HUAURA (140507) -> FETCH SUCCESS
2026-06-09 08:10:50,094 [Worker 1] [INFO] [277/421] Progress: SAYAN (140513) -> FETCH SUCCESS
2026-06-09 08:10:52,714 [Worker 1] [INFO] [278/421] Progress: BREÑA (140104) -> FETCH SUCCESS
2026-06-09 08:10:54,850 [Worker 1] [INFO] [279/421] Progress: COMAS (140106) -> FETCH SUCCESS
2026-06-09 08:10:56,945 [Worker 1] [INFO] [280/421] Progress: LA VICTORIA (140109) -> FETCH SUCCESS
2026-06-09 08:10:59,371 [Worker 1] [INFO] [281/421] Progress: LURÍN (140113) -> FETCH SUCCESS
2026-06-09 08:11:00,993 [Worker 1] [INFO] [282/421] Progress: PUEBLO LIBRE (140117) -> FETCH SUCCESS
2026-06-09 08:11:03,508 [Worker 1] [INFO] [283/421] Progress: SAN BARTOLO (140123) -> FETCH SUCCESS
2026-06-09 08:11:05,251 [Worker 1] [INFO] [284/421] Progress: SAN LUIS (140138) -> FETCH SUCCESS
2026-06-09 08:11:06,808 [Worker 1] [INFO] [285/421] Progress: SANTA ROSA (140129) -> FETCH SUCCESS
2026-06-09 08:11:09,439 [Worker 1] [INFO] [294/421] Progress: JEBEROS (150205) -> FETCH SUCCESS
2026-06-09 08:11:10,947 [Worker 1] [INFO] [295/421] Progress: ANDOAS (150702) -> FETCH SUCCESS
2026-06-09 08:11:12,894 [Worker 1] [INFO] [296/421] Progress: PASTAZA (150706) -> FETCH SUCCESS
2026-06-09 08:11:15,034 [Worker 1] [INFO] [297/421] Progress: URARINAS (150304) -> FETCH SUCCESS
2026-06-09 08:11:17,175 [Worker 1] [INFO] [299/421] Progress: IQUITOS (150101) -> FETCH SUCCESS
2026-06-09 08:11:25,293 [Worker 1] [INFO] [300/421] Progress: SAN JUAN BAUTISTA (150113) -> FETCH SUCCESS
2026-06-09 08:11:27,630 [Worker 1] [INFO] [301/421] Progress: YAGUAS (150904) -> FETCH SUCCESS
2026-06-09 08:11:29,750 [Worker 1] [INFO] [305/421] Progress: MADRE DE DIOS (160203) -> FETCH SUCCESS
2026-06-09 08:11:31,480 [Worker 1] [INFO] [314/421] Progress: VILLA RICA (180305) -> FETCH SUCCESS
2026-06-09 08:11:33,218 [Worker 1] [INFO] [315/421] Progress: NINACACA (180106) -> FETCH SUCCESS
2026-06-09 08:11:40,444 [Worker 1] [INFO] [317/421] Progress: FRÍAS (190202) -> FETCH SUCCESS
2026-06-09 08:11:40,444 [Worker 1] [INFO] [320/421] Check: SONDOR (190304) -> BYPASSED
2026-06-09 08:11:42,456 [Worker 1] [INFO] [321/421] Progress: LA MATANZA (190408) -> FETCH SUCCESS
2026-06-09 08:11:44,383 [Worker 1] [INFO] [325/421] Progress: LA UNIÓN (190106) -> FETCH SUCCESS
2026-06-09 08:11:46,492 [Worker 1] [INFO] [327/421] Progress: BELLAVISTA (190602) -> FETCH SUCCESS
2026-06-09 08:11:48,408 [Worker 1] [INFO] [328/421] Progress: QUERECOTILLO (190606) -> FETCH SUCCESS
2026-06-09 08:11:48,408 [Worker 1] [INFO] [340/421] Check: PARATIA (200607) -> BYPASSED
2026-06-09 08:11:50,212 [Worker 1] [INFO] [350/421] Progress: JULIACA (200901) -> FETCH SUCCESS
2026-06-09 08:11:52,101 [Worker 1] [INFO] [354/421] Progress: ALTO SAPOSOA (210205) -> FETCH SUCCESS
2026-06-09 08:11:53,285 [Worker 1] [INFO] [357/421] Progress: TABALOSOS (210313) -> FETCH SUCCESS
2026-06-09 08:11:53,285 [Worker 1] [INFO] [360/421] Check: PICOTA (210901) -> BYPASSED
2026-06-09 08:12:00,330 [Worker 1] [INFO] [366/421] Progress: TARAPOTO (210601) -> FETCH SUCCESS
2026-06-09 08:12:02,400 [Worker 1] [INFO] [367/421] Progress: TOCACHE (210801) -> FETCH SUCCESS
2026-06-09 08:12:04,669 [Worker 1] [INFO] [376/421] Progress: TAHUANIA (250302) -> FETCH SUCCESS
2026-06-09 08:12:06,411 [Worker 1] [INFO] [377/421] Progress: MANANTAY (250107) -> FETCH SUCCESS
2026-06-09 08:12:08,200 [Worker 1] [INFO] [380/421] Progress: RABAT (910502) -> FETCH SUCCESS
2026-06-09 08:12:10,161 [Worker 1] [INFO] [384/421] Progress: CURITIBA (920504) -> FETCH SUCCESS
2026-06-09 08:12:11,543 [Worker 1] [INFO] [386/421] Progress: MONTREAL (920601) -> FETCH SUCCESS
2026-06-09 08:12:14,179 [Worker 1] [INFO] [387/421] Progress: ANTOFAGASTA (921001) -> FETCH SUCCESS
2026-06-09 08:12:15,925 [Worker 1] [INFO] [388/421] Progress: SANTIAGO (921006) -> FETCH SUCCESS
2026-06-09 08:12:17,871 [Worker 1] [INFO] [392/421] Progress: CAROLINA DEL NORTE (921350) -> FETCH SUCCESS
2026-06-09 08:12:20,239 [Worker 1] [INFO] [393/421] Progress: HOUSTON (921313) -> FETCH SUCCESS
2026-06-09 08:12:22,867 [Worker 1] [INFO] [394/421] Progress: NUEVA YORK (921319) -> FETCH SUCCESS
2026-06-09 08:12:24,608 [Worker 1] [INFO] [395/421] Progress: SAN ANTONIO (921323) -> FETCH SUCCESS
2026-06-09 08:12:26,262 [Worker 1] [INFO] [400/421] Progress: ABU DABI (933702) -> FETCH SUCCESS
2026-06-09 08:12:28,895 [Worker 1] [INFO] [402/421] Progress: HIROSHIMA (930709) -> FETCH SUCCESS
2026-06-09 08:12:30,867 [Worker 1] [INFO] [403/421] Progress: SAITAMA (930720) -> FETCH SUCCESS
2026-06-09 08:12:32,354 [Worker 1] [INFO] [404/421] Progress: AL - KUWAIT (932801) -> FETCH SUCCESS
2026-06-09 08:12:34,193 [Worker 1] [INFO] [405/421] Progress: GUANGZHOU (930232) -> FETCH SUCCESS
2026-06-09 08:12:36,316 [Worker 1] [INFO] [406/421] Progress: ANKARA (931503) -> FETCH SUCCESS
2026-06-09 08:12:38,896 [Worker 1] [INFO] [407/421] Progress: COLONIA (940213) -> FETCH SUCCESS
2026-06-09 08:12:40,463 [Worker 1] [INFO] [408/421] Progress: AMBERES (940401) -> FETCH SUCCESS
2026-06-09 08:12:42,149 [Worker 1] [INFO] [409/421] Progress: COPENHAGUE (940801) -> FETCH SUCCESS
2026-06-09 08:12:51,451 [Worker 1] [INFO] [410/421] Progress: MADRID (940910) -> FETCH SUCCESS
2026-06-09 08:12:53,437 [Worker 1] [INFO] [411/421] Progress: SEVILLA (940918) -> FETCH SUCCESS
2026-06-09 08:12:55,051 [Worker 1] [INFO] [413/421] Progress: NIZA (941107) -> FETCH SUCCESS
2026-06-09 08:12:57,471 [Worker 1] [INFO] [415/421] Progress: BOLZANO (941755) -> FETCH SUCCESS
2026-06-09 08:12:59,652 [Worker 1] [INFO] [416/421] Progress: NÁPOLES (941707) -> FETCH SUCCESS
2026-06-09 08:13:07,260 [Worker 1] [INFO] [417/421] Progress: SKOPIE (943701) -> FETCH SUCCESS
2026-06-09 08:13:09,376 [Worker 1] [INFO] [418/421] Progress: ANDORRA LA VELLA (944202) -> FETCH SUCCESS
2026-06-09 08:13:11,571 [Worker 1] [INFO] [419/421] Progress: SAN PETERSBURGO (942910) -> FETCH SUCCESS
2026-06-09 08:13:13,363 [Worker 1] [INFO] [420/421] Progress: BRISBANE (950102) -> FETCH SUCCESS
2026-06-09 08:13:15,307 [Worker 1] [INFO] [421/421] Progress: AUCKLAND (950201) -> FETCH SUCCESS
2026-06-09 08:13:15,308 [Worker 1] [INFO] Atomic update finalized. Data safely committed.
