2026-06-08 16:55:05,657 [Worker 5] [INFO] Strategy: [Method 2] Bypassing exactly 100% items. Updating active counts.
2026-06-08 16:55:13,245 [Worker 5] [INFO] [1/420] Progress: IMAZA (010206) -> FETCH SUCCESS
2026-06-08 16:55:14,709 [Worker 5] [INFO] [7/420] Progress: QUINJALCA (010117) -> FETCH SUCCESS
2026-06-08 16:55:16,412 [Worker 5] [INFO] [8/420] Progress: EL CENEPA (010603) -> FETCH SUCCESS
2026-06-08 16:55:16,413 [Worker 5] [INFO] [20/420] Check: AQUIA (020304) -> BYPASSED
2026-06-08 16:55:18,091 [Worker 5] [INFO] [31/420] Progress: HUACHIS (020805) -> FETCH SUCCESS
2026-06-08 16:55:20,955 [Worker 5] [INFO] [34/420] Progress: MALVAS (021904) -> FETCH SUCCESS
2026-06-08 16:55:20,955 [Worker 5] [INFO] [40/420] Check: CABANA (021001) -> BYPASSED
2026-06-08 16:55:23,516 [Worker 5] [INFO] [43/420] Progress: COTAPARACO (021202) -> FETCH SUCCESS
2026-06-08 16:55:25,391 [Worker 5] [INFO] [45/420] Progress: CHIMBOTE (021301) -> FETCH SUCCESS
2026-06-08 16:55:27,611 [Worker 5] [INFO] [46/420] Progress: NUEVO CHIMBOTE (021309) -> FETCH SUCCESS
2026-06-08 16:55:29,971 [Worker 5] [INFO] [50/420] Progress: YUNGAY (021501) -> FETCH SUCCESS
2026-06-08 16:55:32,309 [Worker 5] [INFO] [55/420] Progress: SAN MIGUEL DE CHACCRAMPA (030318) -> FETCH SUCCESS
2026-06-08 16:55:32,309 [Worker 5] [INFO] [60/420] Check: TAPAIRIHUA (030212) -> BYPASSED
2026-06-08 16:55:34,574 [Worker 5] [INFO] [63/420] Progress: URANMARCA (030707) -> FETCH SUCCESS
2026-06-08 16:55:36,622 [Worker 5] [INFO] [67/420] Progress: VIRUNDO (030612) -> FETCH SUCCESS
2026-06-08 16:55:38,502 [Worker 5] [INFO] [68/420] Progress: CHARACATO (040104) -> FETCH SUCCESS
2026-06-08 16:55:38,502 [Worker 5] [INFO] [80/420] Check: ACHOMA (040202) -> BYPASSED
2026-06-08 16:55:40,461 [Worker 5] [INFO] [86/420] Progress: ISLAY (040704) -> FETCH SUCCESS
2026-06-08 16:55:42,226 [Worker 5] [INFO] [96/420] Progress: PUTIS (050314) -> FETCH SUCCESS
2026-06-08 16:55:42,226 [Worker 5] [INFO] [100/420] Check: CABANA (050503) -> BYPASSED
2026-06-08 16:55:44,083 [Worker 5] [INFO] [116/420] Progress: LOS BAÑOS DEL INCA (060107) -> FETCH SUCCESS
2026-06-08 16:55:45,816 [Worker 5] [INFO] [119/420] Progress: SUCRE (060310) -> FETCH SUCCESS
2026-06-08 16:55:45,816 [Worker 5] [INFO] [120/420] Check: CHIGUIRIP (060606) -> BYPASSED
2026-06-08 16:55:47,578 [Worker 5] [INFO] [132/420] Progress: TABACONAS (061107) -> FETCH SUCCESS
2026-06-08 16:55:49,524 [Worker 5] [INFO] [138/420] Progress: PULÁN (060906) -> FETCH SUCCESS
2026-06-08 16:55:51,883 [Worker 5] [INFO] [140/420] Progress: LA PUNTA (240103) -> FETCH SUCCESS
2026-06-08 16:55:54,240 [Worker 5] [INFO] [151/420] Progress: SAN SEBASTIÁN (070105) -> FETCH SUCCESS
2026-06-08 16:55:55,564 [Worker 5] [INFO] [153/420] Progress: PICHIGUA (070806) -> FETCH SUCCESS
2026-06-08 16:55:57,788 [Worker 5] [INFO] [154/420] Progress: INKAWASI (070911) -> FETCH SUCCESS
2026-06-08 16:55:59,980 [Worker 5] [INFO] [155/420] Progress: MEGANTONI (070915) -> FETCH SUCCESS
2026-06-08 16:55:59,980 [Worker 5] [INFO] [160/420] Check: ANDAHUAYLILLAS (071202) -> BYPASSED
2026-06-08 16:56:02,281 [Worker 5] [INFO] [163/420] Progress: MARAS (071305) -> FETCH SUCCESS
2026-06-08 16:56:02,281 [Worker 5] [INFO] [180/420] Check: AHUAYCHA (080504) -> BYPASSED
2026-06-08 16:56:04,259 [Worker 5] [INFO] [182/420] Progress: PAZOS (080517) -> FETCH SUCCESS
2026-06-08 16:56:05,943 [Worker 5] [INFO] [191/420] Progress: CHURUBAMBA (090103) -> FETCH SUCCESS
2026-06-08 16:56:07,954 [Worker 5] [INFO] [192/420] Progress: SAN FRANCISCO DE CAYRÁN (090106) -> FETCH SUCCESS
2026-06-08 16:56:10,124 [Worker 5] [INFO] [198/420] Progress: PANAO (090701) -> FETCH SUCCESS
2026-06-08 16:56:10,124 [Worker 5] [INFO] [200/420] Check: CHAVINILLO (091101) -> BYPASSED
2026-06-08 16:56:11,858 [Worker 5] [INFO] [202/420] Progress: GROCIO PRADO (100205) -> FETCH SUCCESS
2026-06-08 16:56:13,578 [Worker 5] [INFO] [209/420] Progress: SAN ANDRÉS (100406) -> FETCH SUCCESS
2026-06-08 16:56:15,122 [Worker 5] [INFO] [210/420] Progress: PICHANAQUI (110805) -> FETCH SUCCESS
2026-06-08 16:56:17,335 [Worker 5] [INFO] [218/420] Progress: HUANCAYO (110101) -> FETCH SUCCESS
2026-06-08 16:56:19,425 [Worker 5] [INFO] [219/420] Progress: PILCOMAYO (110123) -> FETCH SUCCESS
2026-06-08 16:56:19,425 [Worker 5] [INFO] [220/420] Check: SAN JERÓNIMO DE TUNÁN (110128) -> BYPASSED
2026-06-08 16:56:21,649 [Worker 5] [INFO] [230/420] Progress: RÍO TAMBO (110708) -> FETCH SUCCESS
2026-06-08 16:56:21,649 [Worker 5] [INFO] [240/420] Check: LA CUESTA (120405) -> BYPASSED
2026-06-08 16:56:23,020 [Worker 5] [INFO] [241/420] Progress: SINSICAP (120410) -> FETCH SUCCESS
2026-06-08 16:56:24,645 [Worker 5] [INFO] [251/420] Progress: VIRÚ (121201) -> FETCH SUCCESS
2026-06-08 16:56:33,947 [Worker 5] [INFO] [257/420] Progress: LAMBAYEQUE (130301) -> FETCH SUCCESS
2026-06-08 16:56:33,947 [Worker 5] [INFO] [260/420] Check: COPA (140205) -> BYPASSED
2026-06-08 16:56:35,932 [Worker 5] [INFO] [265/420] Progress: SAN VICENTE DE CAÑETE (140401) -> FETCH SUCCESS
2026-06-08 16:56:45,432 [Worker 5] [INFO] [266/420] Progress: CHANCAY (140805) -> FETCH SUCCESS
2026-06-08 16:56:47,104 [Worker 5] [INFO] [276/420] Progress: SANTA MARÍA (140512) -> FETCH SUCCESS
2026-06-08 16:56:48,523 [Worker 5] [INFO] [277/420] Progress: BARRANCO (140125) -> FETCH SUCCESS
2026-06-08 16:56:50,658 [Worker 5] [INFO] [279/420] Progress: LA MOLINA (140110) -> FETCH SUCCESS
2026-06-08 16:56:52,743 [Worker 5] [INFO] [280/420] Progress: LURIGANCHO (140112) -> FETCH SUCCESS
2026-06-08 16:56:59,975 [Worker 5] [INFO] [281/420] Progress: PUCUSANA (140118) -> FETCH SUCCESS
2026-06-08 16:57:01,971 [Worker 5] [INFO] [282/420] Progress: RÍMAC (140122) -> FETCH SUCCESS
2026-06-08 16:57:04,642 [Worker 5] [INFO] [283/420] Progress: SAN JUAN DE MIRAFLORES (140136) -> FETCH SUCCESS
2026-06-08 16:57:06,055 [Worker 5] [INFO] [285/420] Progress: VILLA MARÍA DEL TRIUNFO (140132) -> FETCH SUCCESS
2026-06-08 16:57:07,984 [Worker 5] [INFO] [293/420] Progress: BALSAPUERTO (150202) -> FETCH SUCCESS
2026-06-08 16:57:09,846 [Worker 5] [INFO] [294/420] Progress: YURIMAGUAS (150201) -> FETCH SUCCESS
2026-06-08 16:57:11,849 [Worker 5] [INFO] [295/420] Progress: MORONA (150705) -> FETCH SUCCESS
2026-06-08 16:57:13,402 [Worker 5] [INFO] [296/420] Progress: TROMPETEROS (150305) -> FETCH SUCCESS
2026-06-08 16:57:15,911 [Worker 5] [INFO] [299/420] Progress: PUNCHANA (150111) -> FETCH SUCCESS
2026-06-08 16:57:22,499 [Worker 5] [INFO] [300/420] Progress: TENIENTE MANUEL CLAVERO (150903) -> FETCH SUCCESS
2026-06-08 16:57:24,250 [Worker 5] [INFO] [311/420] Progress: SANTA ANA DE TUSI (180206) -> FETCH SUCCESS
2026-06-08 16:57:26,287 [Worker 5] [INFO] [313/420] Progress: PUERTO BERMÚDEZ (180304) -> FETCH SUCCESS
2026-06-08 16:57:27,894 [Worker 5] [INFO] [314/420] Progress: HUAYLLAY (180105) -> FETCH SUCCESS
2026-06-08 16:57:29,654 [Worker 5] [INFO] [318/420] Progress: CANCHAQUE (190302) -> FETCH SUCCESS
2026-06-08 16:57:31,919 [Worker 5] [INFO] [320/420] Progress: CHULUCANAS (190401) -> FETCH SUCCESS
2026-06-08 16:57:34,263 [Worker 5] [INFO] [322/420] Progress: COLÁN (190505) -> FETCH SUCCESS
2026-06-08 16:57:35,854 [Worker 5] [INFO] [323/420] Progress: CASTILLA (190103) -> FETCH SUCCESS
2026-06-08 16:57:38,063 [Worker 5] [INFO] [324/420] Progress: LAS LOMAS (190107) -> FETCH SUCCESS
2026-06-08 16:57:39,923 [Worker 5] [INFO] [326/420] Progress: VICE (190802) -> FETCH SUCCESS
2026-06-08 16:57:42,109 [Worker 5] [INFO] [334/420] Progress: DESAGUADERO (200402) -> FETCH SUCCESS
2026-06-08 16:57:42,109 [Worker 5] [INFO] [340/420] Check: ANTAUTA (200702) -> BYPASSED
2026-06-08 16:57:43,892 [Worker 5] [INFO] [344/420] Progress: MAÑAZO (200108) -> FETCH SUCCESS
2026-06-08 16:57:46,357 [Worker 5] [INFO] [349/420] Progress: CARACOTO (200904) -> FETCH SUCCESS
2026-06-08 16:57:49,030 [Worker 5] [INFO] [351/420] Progress: ALTO BIAVO (210704) -> FETCH SUCCESS
2026-06-08 16:57:49,030 [Worker 5] [INFO] [360/420] Check: SAN HILARIÓN (210907) -> BYPASSED
2026-06-08 16:57:51,681 [Worker 5] [INFO] [362/420] Progress: SAN FERNANDO (210507) -> FETCH SUCCESS
2026-06-08 16:57:53,729 [Worker 5] [INFO] [364/420] Progress: LA BANDA DE SHILCAYO (210621) -> FETCH SUCCESS
2026-06-08 16:57:55,689 [Worker 5] [INFO] [369/420] Progress: CORONEL GREGORIO ALBARRACÍN LANCHIPA (220113) -> FETCH SUCCESS
2026-06-08 16:57:57,664 [Worker 5] [INFO] [370/420] Progress: POCOLLAY (220109) -> FETCH SUCCESS
2026-06-08 16:58:00,077 [Worker 5] [INFO] [374/420] Progress: AGUAS VERDES (230304) -> FETCH SUCCESS
2026-06-08 16:58:02,331 [Worker 5] [INFO] [375/420] Progress: SEPAHUA (250304) -> FETCH SUCCESS
2026-06-08 16:58:04,587 [Worker 5] [INFO] [376/420] Progress: IPARÍA (250105) -> FETCH SUCCESS
2026-06-08 16:58:06,764 [Worker 5] [INFO] [379/420] Progress: NAIROBI (910401) -> FETCH SUCCESS
2026-06-08 16:58:08,571 [Worker 5] [INFO] [380/420] Progress: BUENOS AIRES (920202) -> FETCH SUCCESS
2026-06-08 16:58:10,341 [Worker 5] [INFO] [384/420] Progress: PORTO ALEGRE (920506) -> FETCH SUCCESS
2026-06-08 16:58:12,372 [Worker 5] [INFO] [385/420] Progress: ALBERTA (920608) -> FETCH SUCCESS
2026-06-08 16:58:14,208 [Worker 5] [INFO] [386/420] Progress: WINNIPEG (920605) -> FETCH SUCCESS
2026-06-08 16:58:16,072 [Worker 5] [INFO] [387/420] Progress: IQUIQUE (921005) -> FETCH SUCCESS
2026-06-08 16:58:17,862 [Worker 5] [INFO] [388/420] Progress: BUCARAMANGA (920709) -> FETCH SUCCESS
2026-06-08 16:58:19,630 [Worker 5] [INFO] [389/420] Progress: PASTO (920717) -> FETCH SUCCESS
2026-06-08 16:58:21,816 [Worker 5] [INFO] [391/420] Progress: BOSTON (921303) -> FETCH SUCCESS
2026-06-08 16:58:23,695 [Worker 5] [INFO] [392/420] Progress: HARTFORD (921385) -> FETCH SUCCESS
2026-06-08 16:58:24,998 [Worker 5] [INFO] [393/420] Progress: NUEVA ORLEANS (921318) -> FETCH SUCCESS
2026-06-08 16:58:26,514 [Worker 5] [INFO] [394/420] Progress: SALT LAKE CITY (921374) -> FETCH SUCCESS
2026-06-08 16:58:28,400 [Worker 5] [INFO] [395/420] Progress: WASHINGTON D. C. (921331) -> FETCH SUCCESS
2026-06-08 16:58:29,833 [Worker 5] [INFO] [396/420] Progress: GUADALAJARA (921901) -> FETCH SUCCESS
2026-06-08 16:58:31,518 [Worker 5] [INFO] [397/420] Progress: PANAMÁ (922101) -> FETCH SUCCESS
2026-06-08 16:58:32,939 [Worker 5] [INFO] [398/420] Progress: SANTO DOMINGO (922401) -> FETCH SUCCESS
2026-06-08 16:58:34,826 [Worker 5] [INFO] [399/420] Progress: DOHA (933801) -> FETCH SUCCESS
2026-06-08 16:58:37,128 [Worker 5] [INFO] [400/420] Progress: JAKARTA (931101) -> FETCH SUCCESS
2026-06-08 16:58:38,693 [Worker 5] [INFO] [401/420] Progress: GUNMA (930721) -> FETCH SUCCESS
2026-06-08 16:58:40,574 [Worker 5] [INFO] [402/420] Progress: OKINAWA (930704) -> FETCH SUCCESS
2026-06-08 16:58:41,573 [Worker 5] [INFO] [403/420] Progress: AMMAN (931302) -> FETCH SUCCESS
2026-06-08 16:58:44,089 [Worker 5] [INFO] [404/420] Progress: BEIJING (PEKIN) (930201) -> FETCH SUCCESS
2026-06-08 16:58:45,587 [Worker 5] [INFO] [405/420] Progress: BANGKOK (931001) -> FETCH SUCCESS
2026-06-08 16:58:47,945 [Worker 5] [INFO] [406/420] Progress: BREMEN (940203) -> FETCH SUCCESS
2026-06-08 16:58:49,929 [Worker 5] [INFO] [407/420] Progress: VIENA (940302) -> FETCH SUCCESS
2026-06-08 16:58:51,867 [Worker 5] [INFO] [408/420] Progress: MINSK (943601) -> FETCH SUCCESS
2026-06-08 16:58:53,974 [Worker 5] [INFO] [409/420] Progress: LAS PALMAS (940909) -> FETCH SUCCESS
2026-06-08 16:58:56,211 [Worker 5] [INFO] [410/420] Progress: SALAMANCA (940905) -> FETCH SUCCESS
2026-06-08 16:58:57,445 [Worker 5] [INFO] [411/420] Progress: ZARAGOZA (940917) -> FETCH SUCCESS
2026-06-08 16:59:06,953 [Worker 5] [INFO] [412/420] Progress: MARSELLA (941106) -> FETCH SUCCESS
2026-06-08 16:59:08,418 [Worker 5] [INFO] [413/420] Progress: LUXEMBURGO (942001) -> FETCH SUCCESS
2026-06-08 16:59:10,796 [Worker 5] [INFO] [414/420] Progress: BOLONIA (941701) -> FETCH SUCCESS
2026-06-08 16:59:12,984 [Worker 5] [INFO] [415/420] Progress: MILÁN (941706) -> FETCH SUCCESS
2026-06-08 16:59:14,725 [Worker 5] [INFO] [416/420] Progress: TURÍN (941711) -> FETCH SUCCESS
2026-06-08 16:59:16,977 [Worker 5] [INFO] [417/420] Progress: LISBOA (942502) -> FETCH SUCCESS
2026-06-08 16:59:18,958 [Worker 5] [INFO] [418/420] Progress: MOSCÚ (942901) -> FETCH SUCCESS
2026-06-08 16:59:21,176 [Worker 5] [INFO] [419/420] Progress: GINEBRA (942803) -> FETCH SUCCESS
2026-06-08 16:59:23,052 [Worker 5] [INFO] [420/420] Progress: SÍDNEY (950105) -> FETCH SUCCESS
2026-06-08 16:59:23,053 [Worker 5] [INFO] Atomic update finalized. Data safely committed.
